[2025-07-28T17:56:59.753-0400][gc,init] CardTable entry size: 512
[2025-07-28T17:56:59.754-0400][gc     ] Using G1
[2025-07-28T17:56:59.760-0400][gc,init] Version: 21.0.3+9-LTS (release)
[2025-07-28T17:56:59.760-0400][gc,init] CPUs: 12 total, 12 available
[2025-07-28T17:56:59.761-0400][gc,init] Memory: 3777M
[2025-07-28T17:56:59.761-0400][gc,init] Large Page Support: Disabled
[2025-07-28T17:56:59.761-0400][gc,init] NUMA Support: Disabled
[2025-07-28T17:56:59.761-0400][gc,init] Compressed Oops: Enabled (32-bit)
[2025-07-28T17:56:59.761-0400][gc,init] Heap Region Size: 1M
[2025-07-28T17:56:59.761-0400][gc,init] Heap Min Capacity: 1G
[2025-07-28T17:56:59.761-0400][gc,init] Heap Initial Capacity: 1G
[2025-07-28T17:56:59.761-0400][gc,init] Heap Max Capacity: 1G
[2025-07-28T17:56:59.762-0400][gc,init] Pre-touch: Disabled
[2025-07-28T17:56:59.762-0400][gc,init] Parallel Workers: 10
[2025-07-28T17:56:59.762-0400][gc,init] Concurrent Workers: 3
[2025-07-28T17:56:59.762-0400][gc,init] Concurrent Refinement Workers: 10
[2025-07-28T17:56:59.762-0400][gc,init] Periodic GC: Disabled
[2025-07-28T17:56:59.769-0400][gc,metaspace] CDS archive(s) mapped at: [0x00007f5fd3000000-0x00007f5fd3caa000-0x00007f5fd3caa000), size 13279232, SharedBaseAddress: 0x00007f5fd3000000, ArchiveRelocationMode: 1.
[2025-07-28T17:56:59.769-0400][gc,metaspace] Compressed class space mapped at: 0x00007f5fd4000000-0x00007f6014000000, reserved size: 1073741824
[2025-07-28T17:56:59.769-0400][gc,metaspace] Narrow klass base: 0x00007f5fd3000000, Narrow klass shift: 0, Narrow klass range: 0x100000000
[2025-07-28T17:57:01.857-0400][gc,start    ] GC(0) Pause Young (Normal) (G1 Evacuation Pause)
[2025-07-28T17:57:01.859-0400][gc,task     ] GC(0) Using 10 workers of 10 for evacuation
[2025-07-28T17:57:01.866-0400][gc,phases   ] GC(0)   Pre Evacuate Collection Set: 0.3ms
[2025-07-28T17:57:01.866-0400][gc,phases   ] GC(0)   Merge Heap Roots: 0.2ms
[2025-07-28T17:57:01.866-0400][gc,phases   ] GC(0)   Evacuate Collection Set: 4.7ms
[2025-07-28T17:57:01.867-0400][gc,phases   ] GC(0)   Post Evacuate Collection Set: 1.3ms
[2025-07-28T17:57:01.867-0400][gc,phases   ] GC(0)   Other: 1.8ms
[2025-07-28T17:57:01.867-0400][gc,heap     ] GC(0) Eden regions: 51->0(44)
[2025-07-28T17:57:01.867-0400][gc,heap     ] GC(0) Survivor regions: 0->7(7)
[2025-07-28T17:57:01.867-0400][gc,heap     ] GC(0) Old regions: 2->3
[2025-07-28T17:57:01.867-0400][gc,heap     ] GC(0) Humongous regions: 0->0
[2025-07-28T17:57:01.867-0400][gc,metaspace] GC(0) Metaspace: 18451K(18624K)->18451K(18624K) NonClass: 16362K(16448K)->16362K(16448K) Class: 2088K(2176K)->2088K(2176K)
[2025-07-28T17:57:01.867-0400][gc          ] GC(0) Pause Young (Normal) (G1 Evacuation Pause) 52M->8M(1024M) 10.142ms
[2025-07-28T17:57:01.867-0400][gc,cpu      ] GC(0) User=0.02s Sys=0.02s Real=0.01s
[2025-07-28T17:57:02.263-0400][gc,start    ] GC(1) Pause Young (Concurrent Start) (Metadata GC Threshold)
[2025-07-28T17:57:02.263-0400][gc,task     ] GC(1) Using 10 workers of 10 for evacuation
[2025-07-28T17:57:02.270-0400][gc,phases   ] GC(1)   Pre Evacuate Collection Set: 0.3ms
[2025-07-28T17:57:02.270-0400][gc,phases   ] GC(1)   Merge Heap Roots: 0.1ms
[2025-07-28T17:57:02.271-0400][gc,phases   ] GC(1)   Evacuate Collection Set: 4.9ms
[2025-07-28T17:57:02.271-0400][gc,phases   ] GC(1)   Post Evacuate Collection Set: 0.8ms
[2025-07-28T17:57:02.271-0400][gc,phases   ] GC(1)   Other: 0.2ms
[2025-07-28T17:57:02.271-0400][gc,heap     ] GC(1) Eden regions: 13->0(49)
[2025-07-28T17:57:02.272-0400][gc,heap     ] GC(1) Survivor regions: 7->2(7)
[2025-07-28T17:57:02.272-0400][gc,heap     ] GC(1) Old regions: 3->10
[2025-07-28T17:57:02.272-0400][gc,heap     ] GC(1) Humongous regions: 0->0
[2025-07-28T17:57:02.272-0400][gc,metaspace] GC(1) Metaspace: 21306K(21504K)->21306K(21504K) NonClass: 18839K(18944K)->18839K(18944K) Class: 2467K(2560K)->2467K(2560K)
[2025-07-28T17:57:02.272-0400][gc          ] GC(1) Pause Young (Concurrent Start) (Metadata GC Threshold) 20M->9M(1024M) 9.159ms
[2025-07-28T17:57:02.273-0400][gc,cpu      ] GC(1) User=0.02s Sys=0.04s Real=0.02s
[2025-07-28T17:57:02.273-0400][gc          ] GC(2) Concurrent Mark Cycle
[2025-07-28T17:57:02.273-0400][gc,marking  ] GC(2) Concurrent Scan Root Regions
[2025-07-28T17:57:02.276-0400][gc,marking  ] GC(2) Concurrent Scan Root Regions 2.620ms
[2025-07-28T17:57:02.276-0400][gc,marking  ] GC(2) Concurrent Mark
[2025-07-28T17:57:02.277-0400][gc,marking  ] GC(2) Concurrent Mark From Roots
[2025-07-28T17:57:02.277-0400][gc,task     ] GC(2) Using 3 workers of 3 for marking
[2025-07-28T17:57:02.278-0400][gc,marking  ] GC(2) Concurrent Mark From Roots 1.699ms
[2025-07-28T17:57:02.279-0400][gc,marking  ] GC(2) Concurrent Preclean
[2025-07-28T17:57:02.279-0400][gc,marking  ] GC(2) Concurrent Preclean 0.125ms
[2025-07-28T17:57:02.279-0400][gc,start    ] GC(2) Pause Remark
[2025-07-28T17:57:02.281-0400][gc          ] GC(2) Pause Remark 10M->10M(1024M) 2.430ms
[2025-07-28T17:57:02.282-0400][gc,cpu      ] GC(2) User=0.01s Sys=0.00s Real=0.00s
[2025-07-28T17:57:02.282-0400][gc,marking  ] GC(2) Concurrent Mark 5.618ms
[2025-07-28T17:57:02.282-0400][gc,marking  ] GC(2) Concurrent Rebuild Remembered Sets and Scrub Regions
[2025-07-28T17:57:02.283-0400][gc,marking  ] GC(2) Concurrent Rebuild Remembered Sets and Scrub Regions 1.180ms
[2025-07-28T17:57:02.283-0400][gc,start    ] GC(2) Pause Cleanup
[2025-07-28T17:57:02.284-0400][gc          ] GC(2) Pause Cleanup 10M->10M(1024M) 0.300ms
[2025-07-28T17:57:02.284-0400][gc,cpu      ] GC(2) User=0.01s Sys=0.00s Real=0.00s
[2025-07-28T17:57:02.284-0400][gc,marking  ] GC(2) Concurrent Clear Claimed Marks
[2025-07-28T17:57:02.284-0400][gc,marking  ] GC(2) Concurrent Clear Claimed Marks 0.155ms
[2025-07-28T17:57:02.284-0400][gc,marking  ] GC(2) Concurrent Cleanup for Next Mark
[2025-07-28T17:57:02.294-0400][gc,marking  ] GC(2) Concurrent Cleanup for Next Mark 9.435ms
[2025-07-28T17:57:02.294-0400][gc          ] GC(2) Concurrent Mark Cycle 21.457ms
[2025-07-28T17:57:03.717-0400][gc,start    ] GC(3) Pause Young (Prepare Mixed) (G1 Evacuation Pause)
[2025-07-28T17:57:03.717-0400][gc,task     ] GC(3) Using 10 workers of 10 for evacuation
[2025-07-28T17:57:03.721-0400][gc,phases   ] GC(3)   Pre Evacuate Collection Set: 0.3ms
[2025-07-28T17:57:03.722-0400][gc,phases   ] GC(3)   Merge Heap Roots: 0.1ms
[2025-07-28T17:57:03.722-0400][gc,phases   ] GC(3)   Evacuate Collection Set: 3.3ms
[2025-07-28T17:57:03.722-0400][gc,phases   ] GC(3)   Post Evacuate Collection Set: 0.7ms
[2025-07-28T17:57:03.722-0400][gc,phases   ] GC(3)   Other: 0.2ms
[2025-07-28T17:57:03.722-0400][gc,heap     ] GC(3) Eden regions: 49->0(45)
[2025-07-28T17:57:03.722-0400][gc,heap     ] GC(3) Survivor regions: 2->6(7)
[2025-07-28T17:57:03.722-0400][gc,heap     ] GC(3) Old regions: 10->10
[2025-07-28T17:57:03.722-0400][gc,heap     ] GC(3) Humongous regions: 129->129
[2025-07-28T17:57:03.723-0400][gc,metaspace] GC(3) Metaspace: 32859K(33152K)->32859K(33152K) NonClass: 29315K(29440K)->29315K(29440K) Class: 3543K(3712K)->3543K(3712K)
[2025-07-28T17:57:03.723-0400][gc          ] GC(3) Pause Young (Prepare Mixed) (G1 Evacuation Pause) 187M->143M(1024M) 6.180ms
[2025-07-28T17:57:03.723-0400][gc,cpu      ] GC(3) User=0.01s Sys=0.02s Real=0.00s
[2025-07-28T17:57:32.269-0400][gc,start    ] GC(4) Pause Young (Mixed) (Metadata GC Threshold)
[2025-07-28T17:57:32.270-0400][gc,task     ] GC(4) Using 10 workers of 10 for evacuation
[2025-07-28T17:57:32.276-0400][gc,phases   ] GC(4)   Pre Evacuate Collection Set: 0.6ms
[2025-07-28T17:57:32.276-0400][gc,phases   ] GC(4)   Merge Heap Roots: 0.2ms
[2025-07-28T17:57:32.277-0400][gc,phases   ] GC(4)   Evacuate Collection Set: 4.4ms
[2025-07-28T17:57:32.277-0400][gc,phases   ] GC(4)   Post Evacuate Collection Set: 0.8ms
[2025-07-28T17:57:32.277-0400][gc,phases   ] GC(4)   Other: 0.3ms
[2025-07-28T17:57:32.277-0400][gc,heap     ] GC(4) Eden regions: 13->0(49)
[2025-07-28T17:57:32.278-0400][gc,heap     ] GC(4) Survivor regions: 6->2(7)
[2025-07-28T17:57:32.278-0400][gc,heap     ] GC(4) Old regions: 10->15
[2025-07-28T17:57:32.278-0400][gc,heap     ] GC(4) Humongous regions: 129->129
[2025-07-28T17:57:32.278-0400][gc,metaspace] GC(4) Metaspace: 35627K(35968K)->35627K(35968K) NonClass: 31692K(31872K)->31692K(31872K) Class: 3934K(4096K)->3934K(4096K)
[2025-07-28T17:57:32.278-0400][gc          ] GC(4) Pause Young (Mixed) (Metadata GC Threshold) 155M->144M(1024M) 8.910ms
[2025-07-28T17:57:32.278-0400][gc,cpu      ] GC(4) User=0.03s Sys=0.01s Real=0.01s
[2025-07-28T18:03:35.648-0400][gc,start    ] GC(5) Pause Young (Concurrent Start) (Metadata GC Threshold)
[2025-07-28T18:03:35.650-0400][gc,task     ] GC(5) Using 10 workers of 10 for evacuation
[2025-07-28T18:03:35.673-0400][gc,mmu      ] GC(5) MMU target violated: 21.0ms (20.0ms/21.0ms)
[2025-07-28T18:03:35.673-0400][gc,phases   ] GC(5)   Pre Evacuate Collection Set: 8.8ms
[2025-07-28T18:03:35.674-0400][gc,phases   ] GC(5)   Merge Heap Roots: 1.9ms
[2025-07-28T18:03:35.674-0400][gc,phases   ] GC(5)   Evacuate Collection Set: 9.5ms
[2025-07-28T18:03:35.674-0400][gc,phases   ] GC(5)   Post Evacuate Collection Set: 1.7ms
[2025-07-28T18:03:35.674-0400][gc,phases   ] GC(5)   Other: 1.6ms
[2025-07-28T18:03:35.674-0400][gc,heap     ] GC(5) Eden regions: 7->0(50)
[2025-07-28T18:03:35.674-0400][gc,heap     ] GC(5) Survivor regions: 2->1(7)
[2025-07-28T18:03:35.674-0400][gc,heap     ] GC(5) Old regions: 15->15
[2025-07-28T18:03:35.675-0400][gc,heap     ] GC(5) Humongous regions: 129->129
[2025-07-28T18:03:35.675-0400][gc,metaspace] GC(5) Metaspace: 36019K(36288K)->36019K(36288K) NonClass: 32030K(32192K)->32030K(32192K) Class: 3988K(4096K)->3988K(4096K)
[2025-07-28T18:03:35.675-0400][gc          ] GC(5) Pause Young (Concurrent Start) (Metadata GC Threshold) 150M->144M(1024M) 27.448ms
[2025-07-28T18:03:35.676-0400][gc,cpu      ] GC(5) User=0.13s Sys=0.00s Real=0.03s
[2025-07-28T18:03:35.676-0400][gc          ] GC(6) Concurrent Mark Cycle
[2025-07-28T18:03:35.676-0400][gc,marking  ] GC(6) Concurrent Scan Root Regions
[2025-07-28T18:03:35.684-0400][gc,marking  ] GC(6) Concurrent Scan Root Regions 8.036ms
[2025-07-28T18:03:35.684-0400][gc,marking  ] GC(6) Concurrent Mark
[2025-07-28T18:03:35.684-0400][gc,marking  ] GC(6) Concurrent Mark From Roots
[2025-07-28T18:03:35.685-0400][gc,task     ] GC(6) Using 3 workers of 3 for marking
[2025-07-28T18:03:35.704-0400][gc,marking  ] GC(6) Concurrent Mark From Roots 19.634ms
[2025-07-28T18:03:35.704-0400][gc,marking  ] GC(6) Concurrent Preclean
[2025-07-28T18:03:35.704-0400][gc,marking  ] GC(6) Concurrent Preclean 0.217ms
[2025-07-28T18:03:35.705-0400][gc,start    ] GC(6) Pause Remark
[2025-07-28T18:03:35.723-0400][gc          ] GC(6) Pause Remark 144M->144M(1024M) 18.282ms
[2025-07-28T18:03:35.723-0400][gc,cpu      ] GC(6) User=0.12s Sys=0.00s Real=0.02s
[2025-07-28T18:03:35.724-0400][gc,marking  ] GC(6) Concurrent Mark 39.553ms
[2025-07-28T18:03:35.724-0400][gc,marking  ] GC(6) Concurrent Rebuild Remembered Sets and Scrub Regions
[2025-07-28T18:03:35.727-0400][gc,marking  ] GC(6) Concurrent Rebuild Remembered Sets and Scrub Regions 3.478ms
[2025-07-28T18:03:35.728-0400][gc,start    ] GC(6) Pause Cleanup
[2025-07-28T18:03:35.728-0400][gc          ] GC(6) Pause Cleanup 144M->144M(1024M) 0.387ms
[2025-07-28T18:03:35.728-0400][gc,cpu      ] GC(6) User=0.00s Sys=0.00s Real=0.00s
[2025-07-28T18:03:35.728-0400][gc,marking  ] GC(6) Concurrent Clear Claimed Marks
[2025-07-28T18:03:35.728-0400][gc,marking  ] GC(6) Concurrent Clear Claimed Marks 0.177ms
[2025-07-28T18:03:35.729-0400][gc,marking  ] GC(6) Concurrent Cleanup for Next Mark
[2025-07-28T18:03:35.744-0400][gc,marking  ] GC(6) Concurrent Cleanup for Next Mark 14.859ms
[2025-07-28T18:03:35.744-0400][gc          ] GC(6) Concurrent Mark Cycle 68.285ms
[2025-07-28T18:16:27.744-0400][gc,start    ] GC(7) Pause Young (Normal) (G1 Evacuation Pause)
[2025-07-28T18:16:27.747-0400][gc,task     ] GC(7) Using 10 workers of 10 for evacuation
[2025-07-28T18:16:27.785-0400][gc,mmu      ] GC(7) MMU target violated: 21.0ms (20.0ms/21.0ms)
[2025-07-28T18:16:27.786-0400][gc,phases   ] GC(7)   Pre Evacuate Collection Set: 7.1ms
[2025-07-28T18:16:27.786-0400][gc,phases   ] GC(7)   Merge Heap Roots: 1.2ms
[2025-07-28T18:16:27.787-0400][gc,phases   ] GC(7)   Evacuate Collection Set: 28.1ms
[2025-07-28T18:16:27.787-0400][gc,phases   ] GC(7)   Post Evacuate Collection Set: 1.7ms
[2025-07-28T18:16:27.787-0400][gc,phases   ] GC(7)   Other: 2.0ms
[2025-07-28T18:16:27.787-0400][gc,heap     ] GC(7) Eden regions: 50->0(46)
[2025-07-28T18:16:27.787-0400][gc,heap     ] GC(7) Survivor regions: 1->5(7)
[2025-07-28T18:16:27.787-0400][gc,heap     ] GC(7) Old regions: 15->15
[2025-07-28T18:16:27.787-0400][gc,heap     ] GC(7) Humongous regions: 129->129
[2025-07-28T18:16:27.788-0400][gc,metaspace] GC(7) Metaspace: 41910K(42624K)->41910K(42624K) NonClass: 36972K(37376K)->36972K(37376K) Class: 4937K(5248K)->4937K(5248K)
[2025-07-28T18:16:27.788-0400][gc          ] GC(7) Pause Young (Normal) (G1 Evacuation Pause) 194M->147M(1024M) 44.347ms
[2025-07-28T18:16:27.788-0400][gc,cpu      ] GC(7) User=0.34s Sys=0.00s Real=0.05s
[2025-07-28T18:23:02.142-0400][gc,start    ] GC(8) Pause Young (Normal) (G1 Evacuation Pause)
[2025-07-28T18:23:02.146-0400][gc,task     ] GC(8) Using 10 workers of 10 for evacuation
[2025-07-28T18:23:02.206-0400][gc,mmu      ] GC(8) MMU target violated: 21.0ms (20.0ms/21.0ms)
[2025-07-28T18:23:02.206-0400][gc,phases   ] GC(8)   Pre Evacuate Collection Set: 10.0ms
[2025-07-28T18:23:02.206-0400][gc,phases   ] GC(8)   Merge Heap Roots: 1.9ms
[2025-07-28T18:23:02.207-0400][gc,phases   ] GC(8)   Evacuate Collection Set: 44.4ms
[2025-07-28T18:23:02.207-0400][gc,phases   ] GC(8)   Post Evacuate Collection Set: 2.6ms
[2025-07-28T18:23:02.207-0400][gc,phases   ] GC(8)   Other: 2.2ms
[2025-07-28T18:23:02.207-0400][gc,heap     ] GC(8) Eden regions: 46->0(44)
[2025-07-28T18:23:02.207-0400][gc,heap     ] GC(8) Survivor regions: 5->7(7)
[2025-07-28T18:23:02.207-0400][gc,heap     ] GC(8) Old regions: 15->15
[2025-07-28T18:23:02.207-0400][gc,heap     ] GC(8) Humongous regions: 129->129
[2025-07-28T18:23:02.207-0400][gc,metaspace] GC(8) Metaspace: 42789K(43392K)->42789K(43392K) NonClass: 37809K(38144K)->37809K(38144K) Class: 4980K(5248K)->4980K(5248K)
[2025-07-28T18:23:02.207-0400][gc          ] GC(8) Pause Young (Normal) (G1 Evacuation Pause) 193M->150M(1024M) 65.795ms
[2025-07-28T18:23:02.208-0400][gc,cpu      ] GC(8) User=0.54s Sys=0.00s Real=0.06s
[2025-07-28T18:28:43.028-0400][gc,start    ] GC(9) Pause Young (Normal) (G1 Evacuation Pause)
[2025-07-28T18:28:43.031-0400][gc,task     ] GC(9) Using 10 workers of 10 for evacuation
[2025-07-28T18:28:43.076-0400][gc,mmu      ] GC(9) MMU target violated: 21.0ms (20.0ms/21.0ms)
[2025-07-28T18:28:43.076-0400][gc,phases   ] GC(9)   Pre Evacuate Collection Set: 9.8ms
[2025-07-28T18:28:43.076-0400][gc,phases   ] GC(9)   Merge Heap Roots: 1.7ms
[2025-07-28T18:28:43.076-0400][gc,phases   ] GC(9)   Evacuate Collection Set: 30.2ms
[2025-07-28T18:28:43.076-0400][gc,phases   ] GC(9)   Post Evacuate Collection Set: 1.7ms
[2025-07-28T18:28:43.077-0400][gc,phases   ] GC(9)   Other: 2.2ms
[2025-07-28T18:28:43.077-0400][gc,heap     ] GC(9) Eden regions: 44->0(47)
[2025-07-28T18:28:43.077-0400][gc,heap     ] GC(9) Survivor regions: 7->4(7)
[2025-07-28T18:28:43.077-0400][gc,heap     ] GC(9) Old regions: 15->19
[2025-07-28T18:28:43.077-0400][gc,heap     ] GC(9) Humongous regions: 129->129
[2025-07-28T18:28:43.077-0400][gc,metaspace] GC(9) Metaspace: 42857K(43520K)->42857K(43520K) NonClass: 37876K(38272K)->37876K(38272K) Class: 4980K(5248K)->4980K(5248K)
[2025-07-28T18:28:43.077-0400][gc          ] GC(9) Pause Young (Normal) (G1 Evacuation Pause) 194M->150M(1024M) 49.807ms
[2025-07-28T18:28:43.077-0400][gc,cpu      ] GC(9) User=0.29s Sys=0.04s Real=0.05s
[2025-07-28T18:35:03.433-0400][gc,start    ] GC(10) Pause Young (Normal) (G1 Evacuation Pause)
[2025-07-28T18:35:03.436-0400][gc,task     ] GC(10) Using 10 workers of 10 for evacuation
[2025-07-28T18:35:03.463-0400][gc,mmu      ] GC(10) MMU target violated: 21.0ms (20.0ms/21.0ms)
[2025-07-28T18:35:03.464-0400][gc,phases   ] GC(10)   Pre Evacuate Collection Set: 6.0ms
[2025-07-28T18:35:03.465-0400][gc,phases   ] GC(10)   Merge Heap Roots: 1.0ms
[2025-07-28T18:35:03.465-0400][gc,phases   ] GC(10)   Evacuate Collection Set: 14.3ms
[2025-07-28T18:35:03.465-0400][gc,phases   ] GC(10)   Post Evacuate Collection Set: 5.0ms
[2025-07-28T18:35:03.465-0400][gc,phases   ] GC(10)   Other: 2.4ms
[2025-07-28T18:35:03.465-0400][gc,heap     ] GC(10) Eden regions: 47->0(47)
[2025-07-28T18:35:03.465-0400][gc,heap     ] GC(10) Survivor regions: 4->4(7)
[2025-07-28T18:35:03.466-0400][gc,heap     ] GC(10) Old regions: 19->19
[2025-07-28T18:35:03.466-0400][gc,heap     ] GC(10) Humongous regions: 129->129
[2025-07-28T18:35:03.466-0400][gc,metaspace] GC(10) Metaspace: 42892K(43520K)->42892K(43520K) NonClass: 37908K(38272K)->37908K(38272K) Class: 4984K(5248K)->4984K(5248K)
[2025-07-28T18:35:03.466-0400][gc          ] GC(10) Pause Young (Normal) (G1 Evacuation Pause) 197M->150M(1024M) 33.488ms
[2025-07-28T18:35:03.467-0400][gc,cpu      ] GC(10) User=0.21s Sys=0.00s Real=0.03s
[2025-07-28T18:42:01.015-0400][gc,start    ] GC(11) Pause Young (Normal) (G1 Evacuation Pause)
[2025-07-28T18:42:01.016-0400][gc,task     ] GC(11) Using 10 workers of 10 for evacuation
[2025-07-28T18:42:01.080-0400][gc,mmu      ] GC(11) MMU target violated: 21.0ms (20.0ms/21.0ms)
[2025-07-28T18:42:01.080-0400][gc,phases   ] GC(11)   Pre Evacuate Collection Set: 8.9ms
[2025-07-28T18:42:01.081-0400][gc,phases   ] GC(11)   Merge Heap Roots: 1.1ms
[2025-07-28T18:42:01.081-0400][gc,phases   ] GC(11)   Evacuate Collection Set: 51.4ms
[2025-07-28T18:42:01.081-0400][gc,phases   ] GC(11)   Post Evacuate Collection Set: 1.9ms
[2025-07-28T18:42:01.081-0400][gc,phases   ] GC(11)   Other: 0.7ms
[2025-07-28T18:42:01.081-0400][gc,heap     ] GC(11) Eden regions: 47->0(47)
[2025-07-28T18:42:01.081-0400][gc,heap     ] GC(11) Survivor regions: 4->4(7)
[2025-07-28T18:42:01.081-0400][gc,heap     ] GC(11) Old regions: 19->19
[2025-07-28T18:42:01.081-0400][gc,heap     ] GC(11) Humongous regions: 129->129
[2025-07-28T18:42:01.082-0400][gc,metaspace] GC(11) Metaspace: 42957K(43584K)->42957K(43584K) NonClass: 37972K(38336K)->37972K(38336K) Class: 4984K(5248K)->4984K(5248K)
[2025-07-28T18:42:01.082-0400][gc          ] GC(11) Pause Young (Normal) (G1 Evacuation Pause) 197M->151M(1024M) 66.507ms
[2025-07-28T18:42:01.082-0400][gc,cpu      ] GC(11) User=0.53s Sys=0.00s Real=0.06s
[2025-07-28T18:48:45.554-0400][gc,start    ] GC(12) Pause Young (Normal) (G1 Evacuation Pause)
[2025-07-28T18:48:45.556-0400][gc,task     ] GC(12) Using 10 workers of 10 for evacuation
[2025-07-28T18:48:45.586-0400][gc,mmu      ] GC(12) MMU target violated: 21.0ms (20.0ms/21.0ms)
[2025-07-28T18:48:45.586-0400][gc,phases   ] GC(12)   Pre Evacuate Collection Set: 8.1ms
[2025-07-28T18:48:45.586-0400][gc,phases   ] GC(12)   Merge Heap Roots: 1.0ms
[2025-07-28T18:48:45.586-0400][gc,phases   ] GC(12)   Evacuate Collection Set: 18.5ms
[2025-07-28T18:48:45.586-0400][gc,phases   ] GC(12)   Post Evacuate Collection Set: 1.6ms
[2025-07-28T18:48:45.586-0400][gc,phases   ] GC(12)   Other: 1.8ms
[2025-07-28T18:48:45.587-0400][gc,heap     ] GC(12) Eden regions: 47->0(48)
[2025-07-28T18:48:45.587-0400][gc,heap     ] GC(12) Survivor regions: 4->3(7)
[2025-07-28T18:48:45.587-0400][gc,heap     ] GC(12) Old regions: 19->19
[2025-07-28T18:48:45.587-0400][gc,heap     ] GC(12) Humongous regions: 129->129
[2025-07-28T18:48:45.587-0400][gc,metaspace] GC(12) Metaspace: 43003K(43648K)->43003K(43648K) NonClass: 38019K(38400K)->38019K(38400K) Class: 4984K(5248K)->4984K(5248K)
[2025-07-28T18:48:45.587-0400][gc          ] GC(12) Pause Young (Normal) (G1 Evacuation Pause) 198M->150M(1024M) 32.871ms
[2025-07-28T18:48:45.587-0400][gc,cpu      ] GC(12) User=0.23s Sys=0.00s Real=0.03s
[2025-07-28T18:55:35.430-0400][gc,start    ] GC(13) Pause Young (Normal) (G1 Evacuation Pause)
[2025-07-28T18:55:35.431-0400][gc,task     ] GC(13) Using 10 workers of 10 for evacuation
[2025-07-28T18:55:35.444-0400][gc,phases   ] GC(13)   Pre Evacuate Collection Set: 3.8ms
[2025-07-28T18:55:35.445-0400][gc,phases   ] GC(13)   Merge Heap Roots: 0.4ms
[2025-07-28T18:55:35.445-0400][gc,phases   ] GC(13)   Evacuate Collection Set: 7.9ms
[2025-07-28T18:55:35.445-0400][gc,phases   ] GC(13)   Post Evacuate Collection Set: 1.2ms
[2025-07-28T18:55:35.445-0400][gc,phases   ] GC(13)   Other: 0.6ms
[2025-07-28T18:55:35.445-0400][gc,heap     ] GC(13) Eden regions: 48->0(47)
[2025-07-28T18:55:35.445-0400][gc,heap     ] GC(13) Survivor regions: 3->4(7)
[2025-07-28T18:55:35.446-0400][gc,heap     ] GC(13) Old regions: 19->19
[2025-07-28T18:55:35.446-0400][gc,heap     ] GC(13) Humongous regions: 129->129
[2025-07-28T18:55:35.446-0400][gc,metaspace] GC(13) Metaspace: 43044K(43648K)->43044K(43648K) NonClass: 38059K(38400K)->38059K(38400K) Class: 4984K(5248K)->4984K(5248K)
[2025-07-28T18:55:35.446-0400][gc          ] GC(13) Pause Young (Normal) (G1 Evacuation Pause) 198M->150M(1024M) 16.635ms
[2025-07-28T18:55:35.446-0400][gc,cpu      ] GC(13) User=0.09s Sys=0.02s Real=0.02s
[2025-07-28T19:01:56.487-0400][gc,start    ] GC(14) Pause Young (Normal) (G1 Evacuation Pause)
[2025-07-28T19:01:56.491-0400][gc,task     ] GC(14) Using 10 workers of 10 for evacuation
[2025-07-28T19:01:56.521-0400][gc,mmu      ] GC(14) MMU target violated: 21.0ms (20.0ms/21.0ms)
[2025-07-28T19:01:56.521-0400][gc,phases   ] GC(14)   Pre Evacuate Collection Set: 7.1ms
[2025-07-28T19:01:56.521-0400][gc,phases   ] GC(14)   Merge Heap Roots: 1.1ms
[2025-07-28T19:01:56.522-0400][gc,phases   ] GC(14)   Evacuate Collection Set: 19.6ms
[2025-07-28T19:01:56.522-0400][gc,phases   ] GC(14)   Post Evacuate Collection Set: 1.8ms
[2025-07-28T19:01:56.522-0400][gc,phases   ] GC(14)   Other: 1.1ms
[2025-07-28T19:01:56.523-0400][gc,heap     ] GC(14) Eden regions: 47->0(46)
[2025-07-28T19:01:56.523-0400][gc,heap     ] GC(14) Survivor regions: 4->5(7)
[2025-07-28T19:01:56.523-0400][gc,heap     ] GC(14) Old regions: 19->19
[2025-07-28T19:01:56.523-0400][gc,heap     ] GC(14) Humongous regions: 129->129
[2025-07-28T19:01:56.523-0400][gc,metaspace] GC(14) Metaspace: 43098K(43840K)->43098K(43840K) NonClass: 38109K(38528K)->38109K(38528K) Class: 4988K(5312K)->4988K(5312K)
[2025-07-28T19:01:56.523-0400][gc          ] GC(14) Pause Young (Normal) (G1 Evacuation Pause) 197M->152M(1024M) 35.645ms
[2025-07-28T19:01:56.523-0400][gc,cpu      ] GC(14) User=0.22s Sys=0.01s Real=0.03s
[2025-07-28T19:09:02.600-0400][gc,start    ] GC(15) Pause Young (Normal) (G1 Evacuation Pause)
[2025-07-28T19:09:02.602-0400][gc,task     ] GC(15) Using 10 workers of 10 for evacuation
[2025-07-28T19:09:02.679-0400][gc,mmu      ] GC(15) MMU target violated: 21.0ms (20.0ms/21.0ms)
[2025-07-28T19:09:02.679-0400][gc,phases   ] GC(15)   Pre Evacuate Collection Set: 7.8ms
[2025-07-28T19:09:02.679-0400][gc,phases   ] GC(15)   Merge Heap Roots: 1.9ms
[2025-07-28T19:09:02.679-0400][gc,phases   ] GC(15)   Evacuate Collection Set: 60.8ms
[2025-07-28T19:09:02.679-0400][gc,phases   ] GC(15)   Post Evacuate Collection Set: 5.2ms
[2025-07-28T19:09:02.680-0400][gc,phases   ] GC(15)   Other: 1.5ms
[2025-07-28T19:09:02.680-0400][gc,heap     ] GC(15) Eden regions: 46->0(46)
[2025-07-28T19:09:02.680-0400][gc,heap     ] GC(15) Survivor regions: 5->5(7)
[2025-07-28T19:09:02.680-0400][gc,heap     ] GC(15) Old regions: 19->20
[2025-07-28T19:09:02.680-0400][gc,heap     ] GC(15) Humongous regions: 129->129
[2025-07-28T19:09:02.680-0400][gc,metaspace] GC(15) Metaspace: 43153K(43904K)->43153K(43904K) NonClass: 38163K(38592K)->38163K(38592K) Class: 4989K(5312K)->4989K(5312K)
[2025-07-28T19:09:02.681-0400][gc          ] GC(15) Pause Young (Normal) (G1 Evacuation Pause) 198M->152M(1024M) 80.053ms
[2025-07-28T19:09:02.681-0400][gc,cpu      ] GC(15) User=0.69s Sys=0.00s Real=0.08s
[2025-07-28T19:15:03.466-0400][gc,start    ] GC(16) Pause Young (Normal) (G1 Evacuation Pause)
[2025-07-28T19:15:03.470-0400][gc,task     ] GC(16) Using 10 workers of 10 for evacuation
[2025-07-28T19:15:03.521-0400][gc,mmu      ] GC(16) MMU target violated: 21.0ms (20.0ms/21.0ms)
[2025-07-28T19:15:03.521-0400][gc,phases   ] GC(16)   Pre Evacuate Collection Set: 10.8ms
[2025-07-28T19:15:03.522-0400][gc,phases   ] GC(16)   Merge Heap Roots: 2.0ms
[2025-07-28T19:15:03.522-0400][gc,phases   ] GC(16)   Evacuate Collection Set: 33.2ms
[2025-07-28T19:15:03.522-0400][gc,phases   ] GC(16)   Post Evacuate Collection Set: 3.7ms
[2025-07-28T19:15:03.522-0400][gc,phases   ] GC(16)   Other: 2.5ms
[2025-07-28T19:15:03.522-0400][gc,heap     ] GC(16) Eden regions: 46->0(46)
[2025-07-28T19:15:03.523-0400][gc,heap     ] GC(16) Survivor regions: 5->5(7)
[2025-07-28T19:15:03.523-0400][gc,heap     ] GC(16) Old regions: 20->20
[2025-07-28T19:15:03.523-0400][gc,heap     ] GC(16) Humongous regions: 129->129
[2025-07-28T19:15:03.523-0400][gc,metaspace] GC(16) Metaspace: 43212K(43904K)->43212K(43904K) NonClass: 38222K(38592K)->38222K(38592K) Class: 4989K(5312K)->4989K(5312K)
[2025-07-28T19:15:03.523-0400][gc          ] GC(16) Pause Young (Normal) (G1 Evacuation Pause) 198M->152M(1024M) 57.883ms
[2025-07-28T19:15:03.523-0400][gc,cpu      ] GC(16) User=0.37s Sys=0.00s Real=0.06s
[2025-07-28T19:22:17.327-0400][gc,start    ] GC(17) Pause Young (Normal) (G1 Evacuation Pause)
[2025-07-28T19:22:17.333-0400][gc,task     ] GC(17) Using 10 workers of 10 for evacuation
[2025-07-28T19:22:17.408-0400][gc,mmu      ] GC(17) MMU target violated: 21.0ms (20.0ms/21.0ms)
[2025-07-28T19:22:17.409-0400][gc,phases   ] GC(17)   Pre Evacuate Collection Set: 14.3ms
[2025-07-28T19:22:17.409-0400][gc,phases   ] GC(17)   Merge Heap Roots: 2.8ms
[2025-07-28T19:22:17.409-0400][gc,phases   ] GC(17)   Evacuate Collection Set: 49.3ms
[2025-07-28T19:22:17.410-0400][gc,phases   ] GC(17)   Post Evacuate Collection Set: 5.1ms
[2025-07-28T19:22:17.410-0400][gc,phases   ] GC(17)   Other: 4.8ms
[2025-07-28T19:22:17.410-0400][gc,heap     ] GC(17) Eden regions: 46->0(47)
[2025-07-28T19:22:17.410-0400][gc,heap     ] GC(17) Survivor regions: 5->4(7)
[2025-07-28T19:22:17.410-0400][gc,heap     ] GC(17) Old regions: 20->21
[2025-07-28T19:22:17.410-0400][gc,heap     ] GC(17) Humongous regions: 129->129
[2025-07-28T19:22:17.411-0400][gc,metaspace] GC(17) Metaspace: 43503K(44160K)->43503K(44160K) NonClass: 38468K(38848K)->38468K(38848K) Class: 5035K(5312K)->5035K(5312K)
[2025-07-28T19:22:17.411-0400][gc          ] GC(17) Pause Young (Normal) (G1 Evacuation Pause) 198M->152M(1024M) 85.019ms
[2025-07-28T19:22:17.411-0400][gc,cpu      ] GC(17) User=0.52s Sys=0.00s Real=0.08s
[2025-07-28T19:30:58.621-0400][gc,start    ] GC(18) Pause Young (Normal) (G1 Evacuation Pause)
[2025-07-28T19:30:58.626-0400][gc,task     ] GC(18) Using 10 workers of 10 for evacuation
[2025-07-28T19:30:58.684-0400][gc,mmu      ] GC(18) MMU target violated: 21.0ms (20.0ms/21.0ms)
[2025-07-28T19:30:58.685-0400][gc,phases   ] GC(18)   Pre Evacuate Collection Set: 13.2ms
[2025-07-28T19:30:58.685-0400][gc,phases   ] GC(18)   Merge Heap Roots: 2.6ms
[2025-07-28T19:30:58.686-0400][gc,phases   ] GC(18)   Evacuate Collection Set: 36.5ms
[2025-07-28T19:30:58.687-0400][gc,phases   ] GC(18)   Post Evacuate Collection Set: 4.5ms
[2025-07-28T19:30:58.688-0400][gc,phases   ] GC(18)   Other: 4.1ms
[2025-07-28T19:30:58.688-0400][gc,heap     ] GC(18) Eden regions: 47->0(47)
[2025-07-28T19:30:58.688-0400][gc,heap     ] GC(18) Survivor regions: 4->4(7)
[2025-07-28T19:30:58.688-0400][gc,heap     ] GC(18) Old regions: 21->21
[2025-07-28T19:30:58.689-0400][gc,heap     ] GC(18) Humongous regions: 129->129
[2025-07-28T19:30:58.689-0400][gc,metaspace] GC(18) Metaspace: 43515K(44160K)->43515K(44160K) NonClass: 38480K(38848K)->38480K(38848K) Class: 5035K(5312K)->5035K(5312K)
[2025-07-28T19:30:58.689-0400][gc          ] GC(18) Pause Young (Normal) (G1 Evacuation Pause) 199M->152M(1024M) 67.637ms
[2025-07-28T19:30:58.689-0400][gc,cpu      ] GC(18) User=0.48s Sys=0.00s Real=0.06s
[2025-07-28T19:57:01.495-0400][gc,start    ] GC(19) Pause Young (Normal) (G1 Evacuation Pause)
[2025-07-28T19:57:01.500-0400][gc,task     ] GC(19) Using 10 workers of 10 for evacuation
[2025-07-28T19:57:01.613-0400][gc,mmu      ] GC(19) MMU target violated: 21.0ms (20.0ms/21.0ms)
[2025-07-28T19:57:01.614-0400][gc,phases   ] GC(19)   Pre Evacuate Collection Set: 17.2ms
[2025-07-28T19:57:01.614-0400][gc,phases   ] GC(19)   Merge Heap Roots: 3.7ms
[2025-07-28T19:57:01.615-0400][gc,phases   ] GC(19)   Evacuate Collection Set: 78.9ms
[2025-07-28T19:57:01.615-0400][gc,phases   ] GC(19)   Post Evacuate Collection Set: 11.7ms
[2025-07-28T19:57:01.615-0400][gc,phases   ] GC(19)   Other: 4.3ms
[2025-07-28T19:57:01.615-0400][gc,heap     ] GC(19) Eden regions: 47->0(46)
[2025-07-28T19:57:01.615-0400][gc,heap     ] GC(19) Survivor regions: 4->5(7)
[2025-07-28T19:57:01.615-0400][gc,heap     ] GC(19) Old regions: 21->21
[2025-07-28T19:57:01.615-0400][gc,heap     ] GC(19) Humongous regions: 129->129
[2025-07-28T19:57:01.616-0400][gc,metaspace] GC(19) Metaspace: 43576K(44224K)->43576K(44224K) NonClass: 38540K(38912K)->38540K(38912K) Class: 5036K(5312K)->5036K(5312K)
[2025-07-28T19:57:01.616-0400][gc          ] GC(19) Pause Young (Normal) (G1 Evacuation Pause) 199M->153M(1024M) 121.450ms
[2025-07-28T19:57:01.616-0400][gc,cpu      ] GC(19) User=0.94s Sys=0.00s Real=0.13s
[2025-07-28T19:58:58.313-0400][gc,heap,exit] Heap
[2025-07-28T19:58:58.313-0400][gc,heap,exit]  garbage-first heap   total 1048576K, used 177902K [0x00000000c0000000, 0x0000000100000000)
[2025-07-28T19:58:58.313-0400][gc,heap,exit]   region size 1024K, 25 young (25600K), 5 survivors (5120K)
[2025-07-28T19:58:58.313-0400][gc,heap,exit]  Metaspace       used 44212K, committed 44864K, reserved 1114112K
[2025-07-28T19:58:58.313-0400][gc,heap,exit]   class space    used 5189K, committed 5504K, reserved 1048576K
