[2025-07-29T17:10:46.008-0400][gc,init] CardTable entry size: 512
[2025-07-29T17:10:46.008-0400][gc     ] Using G1
[2025-07-29T17:10:46.014-0400][gc,init] Version: 21.0.3+9-LTS (release)
[2025-07-29T17:10:46.014-0400][gc,init] CPUs: 12 total, 12 available
[2025-07-29T17:10:46.014-0400][gc,init] Memory: 3777M
[2025-07-29T17:10:46.015-0400][gc,init] Large Page Support: Disabled
[2025-07-29T17:10:46.015-0400][gc,init] NUMA Support: Disabled
[2025-07-29T17:10:46.015-0400][gc,init] Compressed Oops: Enabled (32-bit)
[2025-07-29T17:10:46.015-0400][gc,init] Heap Region Size: 1M
[2025-07-29T17:10:46.015-0400][gc,init] Heap Min Capacity: 1G
[2025-07-29T17:10:46.015-0400][gc,init] Heap Initial Capacity: 1G
[2025-07-29T17:10:46.015-0400][gc,init] Heap Max Capacity: 1G
[2025-07-29T17:10:46.016-0400][gc,init] Pre-touch: Disabled
[2025-07-29T17:10:46.016-0400][gc,init] Parallel Workers: 10
[2025-07-29T17:10:46.016-0400][gc,init] Concurrent Workers: 3
[2025-07-29T17:10:46.016-0400][gc,init] Concurrent Refinement Workers: 10
[2025-07-29T17:10:46.016-0400][gc,init] Periodic GC: Disabled
[2025-07-29T17:10:46.022-0400][gc,metaspace] CDS archive(s) mapped at: [0x000075ad07000000-0x000075ad07caa000-0x000075ad07caa000), size 13279232, SharedBaseAddress: 0x000075ad07000000, ArchiveRelocationMode: 1.
[2025-07-29T17:10:46.022-0400][gc,metaspace] Compressed class space mapped at: 0x000075ad08000000-0x000075ad48000000, reserved size: 1073741824
[2025-07-29T17:10:46.022-0400][gc,metaspace] Narrow klass base: 0x000075ad07000000, Narrow klass shift: 0, Narrow klass range: 0x100000000
[2025-07-29T17:10:47.834-0400][gc,start    ] GC(0) Pause Young (Normal) (G1 Evacuation Pause)
[2025-07-29T17:10:47.836-0400][gc,task     ] GC(0) Using 10 workers of 10 for evacuation
[2025-07-29T17:10:47.845-0400][gc,phases   ] GC(0)   Pre Evacuate Collection Set: 0.3ms
[2025-07-29T17:10:47.846-0400][gc,phases   ] GC(0)   Merge Heap Roots: 0.2ms
[2025-07-29T17:10:47.846-0400][gc,phases   ] GC(0)   Evacuate Collection Set: 6.9ms
[2025-07-29T17:10:47.846-0400][gc,phases   ] GC(0)   Post Evacuate Collection Set: 1.3ms
[2025-07-29T17:10:47.846-0400][gc,phases   ] GC(0)   Other: 1.8ms
[2025-07-29T17:10:47.847-0400][gc,heap     ] GC(0) Eden regions: 51->0(44)
[2025-07-29T17:10:47.847-0400][gc,heap     ] GC(0) Survivor regions: 0->7(7)
[2025-07-29T17:10:47.847-0400][gc,heap     ] GC(0) Old regions: 2->3
[2025-07-29T17:10:47.847-0400][gc,heap     ] GC(0) Humongous regions: 0->0
[2025-07-29T17:10:47.847-0400][gc,metaspace] GC(0) Metaspace: 18593K(18816K)->18593K(18816K) NonClass: 16489K(16576K)->16489K(16576K) Class: 2104K(2240K)->2104K(2240K)
[2025-07-29T17:10:47.847-0400][gc          ] GC(0) Pause Young (Normal) (G1 Evacuation Pause) 52M->8M(1024M) 13.014ms
[2025-07-29T17:10:47.847-0400][gc,cpu      ] GC(0) User=0.04s Sys=0.02s Real=0.01s
[2025-07-29T17:10:48.274-0400][gc,start    ] GC(1) Pause Young (Concurrent Start) (Metadata GC Threshold)
[2025-07-29T17:10:48.275-0400][gc,task     ] GC(1) Using 10 workers of 10 for evacuation
[2025-07-29T17:10:48.313-0400][gc,mmu      ] GC(1) MMU target violated: 21.0ms (20.0ms/21.0ms)
[2025-07-29T17:10:48.314-0400][gc,phases   ] GC(1)   Pre Evacuate Collection Set: 0.5ms
[2025-07-29T17:10:48.314-0400][gc,phases   ] GC(1)   Merge Heap Roots: 0.1ms
[2025-07-29T17:10:48.314-0400][gc,phases   ] GC(1)   Evacuate Collection Set: 36.7ms
[2025-07-29T17:10:48.314-0400][gc,phases   ] GC(1)   Post Evacuate Collection Set: 1.0ms
[2025-07-29T17:10:48.314-0400][gc,phases   ] GC(1)   Other: 0.7ms
[2025-07-29T17:10:48.315-0400][gc,heap     ] GC(1) Eden regions: 12->0(49)
[2025-07-29T17:10:48.315-0400][gc,heap     ] GC(1) Survivor regions: 7->2(7)
[2025-07-29T17:10:48.315-0400][gc,heap     ] GC(1) Old regions: 3->10
[2025-07-29T17:10:48.315-0400][gc,heap     ] GC(1) Humongous regions: 0->0
[2025-07-29T17:10:48.315-0400][gc,metaspace] GC(1) Metaspace: 21288K(21504K)->21288K(21504K) NonClass: 18821K(18944K)->18821K(18944K) Class: 2467K(2560K)->2467K(2560K)
[2025-07-29T17:10:48.316-0400][gc          ] GC(1) Pause Young (Concurrent Start) (Metadata GC Threshold) 19M->9M(1024M) 41.184ms
[2025-07-29T17:10:48.316-0400][gc,cpu      ] GC(1) User=0.21s Sys=0.14s Real=0.04s
[2025-07-29T17:10:48.316-0400][gc          ] GC(2) Concurrent Mark Cycle
[2025-07-29T17:10:48.316-0400][gc,marking  ] GC(2) Concurrent Scan Root Regions
[2025-07-29T17:10:48.319-0400][gc,marking  ] GC(2) Concurrent Scan Root Regions 3.172ms
[2025-07-29T17:10:48.320-0400][gc,marking  ] GC(2) Concurrent Mark
[2025-07-29T17:10:48.320-0400][gc,marking  ] GC(2) Concurrent Mark From Roots
[2025-07-29T17:10:48.320-0400][gc,task     ] GC(2) Using 3 workers of 3 for marking
[2025-07-29T17:10:48.322-0400][gc,marking  ] GC(2) Concurrent Mark From Roots 2.084ms
[2025-07-29T17:10:48.322-0400][gc,marking  ] GC(2) Concurrent Preclean
[2025-07-29T17:10:48.323-0400][gc,marking  ] GC(2) Concurrent Preclean 0.173ms
[2025-07-29T17:10:48.324-0400][gc,start    ] GC(2) Pause Remark
[2025-07-29T17:10:48.328-0400][gc          ] GC(2) Pause Remark 10M->10M(1024M) 4.415ms
[2025-07-29T17:10:48.330-0400][gc,cpu      ] GC(2) User=0.01s Sys=0.00s Real=0.00s
[2025-07-29T17:10:48.330-0400][gc,marking  ] GC(2) Concurrent Mark 10.368ms
[2025-07-29T17:10:48.331-0400][gc,marking  ] GC(2) Concurrent Rebuild Remembered Sets and Scrub Regions
[2025-07-29T17:10:48.334-0400][gc,marking  ] GC(2) Concurrent Rebuild Remembered Sets and Scrub Regions 2.870ms
[2025-07-29T17:10:48.335-0400][gc,start    ] GC(2) Pause Cleanup
[2025-07-29T17:10:48.336-0400][gc          ] GC(2) Pause Cleanup 10M->10M(1024M) 1.686ms
[2025-07-29T17:10:48.337-0400][gc,cpu      ] GC(2) User=0.00s Sys=0.00s Real=0.00s
[2025-07-29T17:10:48.337-0400][gc,marking  ] GC(2) Concurrent Clear Claimed Marks
[2025-07-29T17:10:48.338-0400][gc,marking  ] GC(2) Concurrent Clear Claimed Marks 0.353ms
[2025-07-29T17:10:48.338-0400][gc,marking  ] GC(2) Concurrent Cleanup for Next Mark
[2025-07-29T17:10:48.349-0400][gc,marking  ] GC(2) Concurrent Cleanup for Next Mark 11.101ms
[2025-07-29T17:10:48.349-0400][gc          ] GC(2) Concurrent Mark Cycle 33.444ms
[2025-07-29T17:10:49.416-0400][gc,start    ] GC(3) Pause Young (Prepare Mixed) (G1 Evacuation Pause)
[2025-07-29T17:10:49.417-0400][gc,task     ] GC(3) Using 10 workers of 10 for evacuation
[2025-07-29T17:10:49.422-0400][gc,phases   ] GC(3)   Pre Evacuate Collection Set: 0.4ms
[2025-07-29T17:10:49.423-0400][gc,phases   ] GC(3)   Merge Heap Roots: 0.2ms
[2025-07-29T17:10:49.423-0400][gc,phases   ] GC(3)   Evacuate Collection Set: 4.0ms
[2025-07-29T17:10:49.423-0400][gc,phases   ] GC(3)   Post Evacuate Collection Set: 1.0ms
[2025-07-29T17:10:49.423-0400][gc,phases   ] GC(3)   Other: 0.2ms
[2025-07-29T17:10:49.423-0400][gc,heap     ] GC(3) Eden regions: 49->0(45)
[2025-07-29T17:10:49.423-0400][gc,heap     ] GC(3) Survivor regions: 2->6(7)
[2025-07-29T17:10:49.424-0400][gc,heap     ] GC(3) Old regions: 10->10
[2025-07-29T17:10:49.424-0400][gc,heap     ] GC(3) Humongous regions: 129->129
[2025-07-29T17:10:49.424-0400][gc,metaspace] GC(3) Metaspace: 32895K(33216K)->32895K(33216K) NonClass: 29357K(29504K)->29357K(29504K) Class: 3537K(3712K)->3537K(3712K)
[2025-07-29T17:10:49.424-0400][gc          ] GC(3) Pause Young (Prepare Mixed) (G1 Evacuation Pause) 187M->143M(1024M) 7.455ms
[2025-07-29T17:10:49.424-0400][gc,cpu      ] GC(3) User=0.06s Sys=0.00s Real=0.01s
[2025-07-29T17:11:19.694-0400][gc,start    ] GC(4) Pause Young (Mixed) (Metadata GC Threshold)
[2025-07-29T17:11:19.695-0400][gc,task     ] GC(4) Using 10 workers of 10 for evacuation
[2025-07-29T17:11:19.701-0400][gc,phases   ] GC(4)   Pre Evacuate Collection Set: 0.5ms
[2025-07-29T17:11:19.701-0400][gc,phases   ] GC(4)   Merge Heap Roots: 0.2ms
[2025-07-29T17:11:19.701-0400][gc,phases   ] GC(4)   Evacuate Collection Set: 4.3ms
[2025-07-29T17:11:19.702-0400][gc,phases   ] GC(4)   Post Evacuate Collection Set: 1.1ms
[2025-07-29T17:11:19.702-0400][gc,phases   ] GC(4)   Other: 0.4ms
[2025-07-29T17:11:19.702-0400][gc,heap     ] GC(4) Eden regions: 14->0(49)
[2025-07-29T17:11:19.702-0400][gc,heap     ] GC(4) Survivor regions: 6->2(7)
[2025-07-29T17:11:19.702-0400][gc,heap     ] GC(4) Old regions: 10->15
[2025-07-29T17:11:19.702-0400][gc,heap     ] GC(4) Humongous regions: 129->129
[2025-07-29T17:11:19.703-0400][gc,metaspace] GC(4) Metaspace: 35676K(35968K)->35676K(35968K) NonClass: 31733K(31872K)->31733K(31872K) Class: 3942K(4096K)->3942K(4096K)
[2025-07-29T17:11:19.703-0400][gc          ] GC(4) Pause Young (Mixed) (Metadata GC Threshold) 156M->144M(1024M) 8.746ms
[2025-07-29T17:11:19.703-0400][gc,cpu      ] GC(4) User=0.02s Sys=0.02s Real=0.01s
[2025-07-29T17:37:46.831-0400][gc,start    ] GC(5) Pause Young (Concurrent Start) (Metadata GC Threshold)
[2025-07-29T17:37:46.835-0400][gc,task     ] GC(5) Using 10 workers of 10 for evacuation
[2025-07-29T17:37:46.923-0400][gc,mmu      ] GC(5) MMU target violated: 21.0ms (20.0ms/21.0ms)
[2025-07-29T17:37:46.924-0400][gc,phases   ] GC(5)   Pre Evacuate Collection Set: 18.7ms
[2025-07-29T17:37:46.924-0400][gc,phases   ] GC(5)   Merge Heap Roots: 3.3ms
[2025-07-29T17:37:46.924-0400][gc,phases   ] GC(5)   Evacuate Collection Set: 59.2ms
[2025-07-29T17:37:46.924-0400][gc,phases   ] GC(5)   Post Evacuate Collection Set: 5.7ms
[2025-07-29T17:37:46.925-0400][gc,phases   ] GC(5)   Other: 3.1ms
[2025-07-29T17:37:46.925-0400][gc,heap     ] GC(5) Eden regions: 14->0(50)
[2025-07-29T17:37:46.925-0400][gc,heap     ] GC(5) Survivor regions: 2->1(7)
[2025-07-29T17:37:46.925-0400][gc,heap     ] GC(5) Old regions: 15->15
[2025-07-29T17:37:46.925-0400][gc,heap     ] GC(5) Humongous regions: 129->129
[2025-07-29T17:37:46.926-0400][gc,metaspace] GC(5) Metaspace: 35975K(36288K)->35975K(36288K) NonClass: 32019K(32192K)->32019K(32192K) Class: 3955K(4096K)->3955K(4096K)
[2025-07-29T17:37:46.926-0400][gc          ] GC(5) Pause Young (Concurrent Start) (Metadata GC Threshold) 157M->144M(1024M) 94.817ms
[2025-07-29T17:37:46.927-0400][gc,cpu      ] GC(5) User=0.46s Sys=0.01s Real=0.09s
[2025-07-29T17:37:46.927-0400][gc          ] GC(6) Concurrent Mark Cycle
[2025-07-29T17:37:46.928-0400][gc,marking  ] GC(6) Concurrent Scan Root Regions
[2025-07-29T17:37:46.951-0400][gc,marking  ] GC(6) Concurrent Scan Root Regions 23.278ms
[2025-07-29T17:37:46.951-0400][gc,marking  ] GC(6) Concurrent Mark
[2025-07-29T17:37:46.952-0400][gc,marking  ] GC(6) Concurrent Mark From Roots
[2025-07-29T17:37:46.952-0400][gc,task     ] GC(6) Using 3 workers of 3 for marking
[2025-07-29T17:37:47.022-0400][gc,marking  ] GC(6) Concurrent Mark From Roots 70.560ms
[2025-07-29T17:37:47.022-0400][gc,marking  ] GC(6) Concurrent Preclean
[2025-07-29T17:37:47.023-0400][gc,marking  ] GC(6) Concurrent Preclean 0.427ms
[2025-07-29T17:37:47.023-0400][gc,start    ] GC(6) Pause Remark
[2025-07-29T17:37:47.240-0400][gc,mmu      ] GC(6) MMU target violated: 21.0ms (20.0ms/21.0ms)
[2025-07-29T17:37:47.240-0400][gc          ] GC(6) Pause Remark 145M->145M(1024M) 216.941ms
[2025-07-29T17:37:47.240-0400][gc,cpu      ] GC(6) User=1.78s Sys=0.00s Real=0.21s
[2025-07-29T17:37:47.241-0400][gc,marking  ] GC(6) Concurrent Mark 289.569ms
[2025-07-29T17:37:47.241-0400][gc,marking  ] GC(6) Concurrent Rebuild Remembered Sets and Scrub Regions
[2025-07-29T17:37:47.262-0400][gc,marking  ] GC(6) Concurrent Rebuild Remembered Sets and Scrub Regions 20.879ms
[2025-07-29T17:37:47.265-0400][gc,start    ] GC(6) Pause Cleanup
[2025-07-29T17:37:47.266-0400][gc          ] GC(6) Pause Cleanup 145M->145M(1024M) 0.902ms
[2025-07-29T17:37:47.266-0400][gc,cpu      ] GC(6) User=0.00s Sys=0.00s Real=0.00s
[2025-07-29T17:37:47.266-0400][gc,marking  ] GC(6) Concurrent Clear Claimed Marks
[2025-07-29T17:37:47.266-0400][gc,marking  ] GC(6) Concurrent Clear Claimed Marks 0.182ms
[2025-07-29T17:37:47.267-0400][gc,marking  ] GC(6) Concurrent Cleanup for Next Mark
[2025-07-29T17:37:47.289-0400][gc,marking  ] GC(6) Concurrent Cleanup for Next Mark 22.789ms
[2025-07-29T17:37:47.290-0400][gc          ] GC(6) Concurrent Mark Cycle 362.415ms
[2025-07-29T17:39:30.059-0400][gc,start    ] GC(7) Pause Young (Prepare Mixed) (G1 Evacuation Pause)
[2025-07-29T17:39:30.060-0400][gc,task     ] GC(7) Using 10 workers of 10 for evacuation
[2025-07-29T17:39:30.097-0400][gc,mmu      ] GC(7) MMU target violated: 21.0ms (20.0ms/21.0ms)
[2025-07-29T17:39:30.097-0400][gc,phases   ] GC(7)   Pre Evacuate Collection Set: 3.8ms
[2025-07-29T17:39:30.097-0400][gc,phases   ] GC(7)   Merge Heap Roots: 0.4ms
[2025-07-29T17:39:30.098-0400][gc,phases   ] GC(7)   Evacuate Collection Set: 30.9ms
[2025-07-29T17:39:30.098-0400][gc,phases   ] GC(7)   Post Evacuate Collection Set: 1.8ms
[2025-07-29T17:39:30.098-0400][gc,phases   ] GC(7)   Other: 0.9ms
[2025-07-29T17:39:30.098-0400][gc,heap     ] GC(7) Eden regions: 50->0(45)
[2025-07-29T17:39:30.098-0400][gc,heap     ] GC(7) Survivor regions: 1->6(7)
[2025-07-29T17:39:30.099-0400][gc,heap     ] GC(7) Old regions: 15->15
[2025-07-29T17:39:30.099-0400][gc,heap     ] GC(7) Humongous regions: 129->129
[2025-07-29T17:39:30.099-0400][gc,metaspace] GC(7) Metaspace: 42522K(43264K)->42522K(43264K) NonClass: 37407K(37824K)->37407K(37824K) Class: 5115K(5440K)->5115K(5440K)
[2025-07-29T17:39:30.099-0400][gc          ] GC(7) Pause Young (Prepare Mixed) (G1 Evacuation Pause) 194M->148M(1024M) 39.808ms
[2025-07-29T17:39:30.099-0400][gc,cpu      ] GC(7) User=0.33s Sys=0.00s Real=0.04s
[2025-07-29T17:51:53.665-0400][gc,start    ] GC(8) Pause Young (Mixed) (G1 Evacuation Pause)
[2025-07-29T17:51:53.669-0400][gc,task     ] GC(8) Using 10 workers of 10 for evacuation
[2025-07-29T17:51:53.732-0400][gc,mmu      ] GC(8) MMU target violated: 21.0ms (20.0ms/21.0ms)
[2025-07-29T17:51:53.732-0400][gc,phases   ] GC(8)   Pre Evacuate Collection Set: 7.9ms
[2025-07-29T17:51:53.732-0400][gc,phases   ] GC(8)   Merge Heap Roots: 1.9ms
[2025-07-29T17:51:53.732-0400][gc,phases   ] GC(8)   Evacuate Collection Set: 50.2ms
[2025-07-29T17:51:53.733-0400][gc,phases   ] GC(8)   Post Evacuate Collection Set: 2.4ms
[2025-07-29T17:51:53.733-0400][gc,phases   ] GC(8)   Other: 2.3ms
[2025-07-29T17:51:53.733-0400][gc,heap     ] GC(8) Eden regions: 45->0(47)
[2025-07-29T17:51:53.733-0400][gc,heap     ] GC(8) Survivor regions: 6->4(7)
[2025-07-29T17:51:53.733-0400][gc,heap     ] GC(8) Old regions: 15->19
[2025-07-29T17:51:53.733-0400][gc,heap     ] GC(8) Humongous regions: 129->129
[2025-07-29T17:51:53.733-0400][gc,metaspace] GC(8) Metaspace: 43494K(44288K)->43494K(44288K) NonClass: 38342K(38784K)->38342K(38784K) Class: 5152K(5504K)->5152K(5504K)
[2025-07-29T17:51:53.734-0400][gc          ] GC(8) Pause Young (Mixed) (G1 Evacuation Pause) 193M->151M(1024M) 69.028ms
[2025-07-29T17:51:53.734-0400][gc,cpu      ] GC(8) User=0.56s Sys=0.00s Real=0.07s
[2025-07-29T17:58:50.991-0400][gc,start    ] GC(9) Pause Young (Normal) (G1 Evacuation Pause)
[2025-07-29T17:58:50.994-0400][gc,task     ] GC(9) Using 10 workers of 10 for evacuation
[2025-07-29T17:58:51.037-0400][gc,mmu      ] GC(9) MMU target violated: 21.0ms (20.0ms/21.0ms)
[2025-07-29T17:58:51.038-0400][gc,phases   ] GC(9)   Pre Evacuate Collection Set: 8.0ms
[2025-07-29T17:58:51.039-0400][gc,phases   ] GC(9)   Merge Heap Roots: 2.3ms
[2025-07-29T17:58:51.039-0400][gc,phases   ] GC(9)   Evacuate Collection Set: 29.2ms
[2025-07-29T17:58:51.040-0400][gc,phases   ] GC(9)   Post Evacuate Collection Set: 3.5ms
[2025-07-29T17:58:51.040-0400][gc,phases   ] GC(9)   Other: 2.6ms
[2025-07-29T17:58:51.040-0400][gc,heap     ] GC(9) Eden regions: 47->0(45)
[2025-07-29T17:58:51.040-0400][gc,heap     ] GC(9) Survivor regions: 4->6(7)
[2025-07-29T17:58:51.041-0400][gc,heap     ] GC(9) Old regions: 19->19
[2025-07-29T17:58:51.041-0400][gc,heap     ] GC(9) Humongous regions: 129->129
[2025-07-29T17:58:51.041-0400][gc,metaspace] GC(9) Metaspace: 43650K(44416K)->43650K(44416K) NonClass: 38495K(38912K)->38495K(38912K) Class: 5155K(5504K)->5155K(5504K)
[2025-07-29T17:58:51.041-0400][gc          ] GC(9) Pause Young (Normal) (G1 Evacuation Pause) 198M->153M(1024M) 50.526ms
[2025-07-29T17:58:51.042-0400][gc,cpu      ] GC(9) User=0.31s Sys=0.01s Real=0.04s
[2025-07-29T18:05:50.625-0400][gc,start    ] GC(10) Pause Young (Normal) (G1 Evacuation Pause)
[2025-07-29T18:05:50.626-0400][gc,task     ] GC(10) Using 10 workers of 10 for evacuation
[2025-07-29T18:05:50.647-0400][gc,mmu      ] GC(10) MMU target violated: 21.0ms (20.0ms/21.0ms)
[2025-07-29T18:05:50.648-0400][gc,phases   ] GC(10)   Pre Evacuate Collection Set: 3.4ms
[2025-07-29T18:05:50.648-0400][gc,phases   ] GC(10)   Merge Heap Roots: 0.4ms
[2025-07-29T18:05:50.648-0400][gc,phases   ] GC(10)   Evacuate Collection Set: 16.1ms
[2025-07-29T18:05:50.648-0400][gc,phases   ] GC(10)   Post Evacuate Collection Set: 1.3ms
[2025-07-29T18:05:50.648-0400][gc,phases   ] GC(10)   Other: 1.0ms
[2025-07-29T18:05:50.649-0400][gc,heap     ] GC(10) Eden regions: 45->0(47)
[2025-07-29T18:05:50.649-0400][gc,heap     ] GC(10) Survivor regions: 6->4(7)
[2025-07-29T18:05:50.649-0400][gc,heap     ] GC(10) Old regions: 19->23
[2025-07-29T18:05:50.649-0400][gc,heap     ] GC(10) Humongous regions: 129->129
[2025-07-29T18:05:50.649-0400][gc,metaspace] GC(10) Metaspace: 43671K(44416K)->43671K(44416K) NonClass: 38515K(38912K)->38515K(38912K) Class: 5155K(5504K)->5155K(5504K)
[2025-07-29T18:05:50.650-0400][gc          ] GC(10) Pause Young (Normal) (G1 Evacuation Pause) 198M->155M(1024M) 24.999ms
[2025-07-29T18:05:50.650-0400][gc,cpu      ] GC(10) User=0.13s Sys=0.05s Real=0.02s
[2025-07-29T18:13:11.514-0400][gc,start    ] GC(11) Pause Young (Normal) (G1 Evacuation Pause)
[2025-07-29T18:13:11.516-0400][gc,task     ] GC(11) Using 10 workers of 10 for evacuation
[2025-07-29T18:13:11.540-0400][gc,mmu      ] GC(11) MMU target violated: 21.0ms (20.0ms/21.0ms)
[2025-07-29T18:13:11.540-0400][gc,phases   ] GC(11)   Pre Evacuate Collection Set: 5.1ms
[2025-07-29T18:13:11.541-0400][gc,phases   ] GC(11)   Merge Heap Roots: 0.6ms
[2025-07-29T18:13:11.541-0400][gc,phases   ] GC(11)   Evacuate Collection Set: 17.2ms
[2025-07-29T18:13:11.541-0400][gc,phases   ] GC(11)   Post Evacuate Collection Set: 1.3ms
[2025-07-29T18:13:11.541-0400][gc,phases   ] GC(11)   Other: 1.2ms
[2025-07-29T18:13:11.541-0400][gc,heap     ] GC(11) Eden regions: 47->0(44)
[2025-07-29T18:13:11.541-0400][gc,heap     ] GC(11) Survivor regions: 4->7(7)
[2025-07-29T18:13:11.541-0400][gc,heap     ] GC(11) Old regions: 23->23
[2025-07-29T18:13:11.541-0400][gc,heap     ] GC(11) Humongous regions: 129->129
[2025-07-29T18:13:11.541-0400][gc,metaspace] GC(11) Metaspace: 43737K(44480K)->43737K(44480K) NonClass: 38578K(38976K)->38578K(38976K) Class: 5159K(5504K)->5159K(5504K)
[2025-07-29T18:13:11.541-0400][gc          ] GC(11) Pause Young (Normal) (G1 Evacuation Pause) 202M->159M(1024M) 27.739ms
[2025-07-29T18:13:11.542-0400][gc,cpu      ] GC(11) User=0.20s Sys=0.00s Real=0.02s
[2025-07-29T18:14:36.678-0400][gc,heap,exit] Heap
[2025-07-29T18:14:36.678-0400][gc,heap,exit]  garbage-first heap   total 1048576K, used 181248K [0x00000000c0000000, 0x0000000100000000)
[2025-07-29T18:14:36.679-0400][gc,heap,exit]   region size 1024K, 25 young (25600K), 7 survivors (7168K)
[2025-07-29T18:14:36.679-0400][gc,heap,exit]  Metaspace       used 44410K, committed 45184K, reserved 1114112K
[2025-07-29T18:14:36.679-0400][gc,heap,exit]   class space    used 5323K, committed 5632K, reserved 1048576K
