[2025-07-25T13:43:14.264-0400][gc,init] CardTable entry size: 512
[2025-07-25T13:43:14.265-0400][gc     ] Using G1
[2025-07-25T13:43:14.271-0400][gc,init] Version: 21.0.8+9-Ubuntu-0ubuntu124.04.1 (release)
[2025-07-25T13:43:14.272-0400][gc,init] CPUs: 12 total, 12 available
[2025-07-25T13:43:14.272-0400][gc,init] Memory: 3777M
[2025-07-25T13:43:14.272-0400][gc,init] Large Page Support: Disabled
[2025-07-25T13:43:14.272-0400][gc,init] NUMA Support: Disabled
[2025-07-25T13:43:14.272-0400][gc,init] Compressed Oops: Enabled (32-bit)
[2025-07-25T13:43:14.272-0400][gc,init] Heap Region Size: 1M
[2025-07-25T13:43:14.272-0400][gc,init] Heap Min Capacity: 1G
[2025-07-25T13:43:14.272-0400][gc,init] Heap Initial Capacity: 1G
[2025-07-25T13:43:14.273-0400][gc,init] Heap Max Capacity: 1G
[2025-07-25T13:43:14.273-0400][gc,init] Pre-touch: Disabled
[2025-07-25T13:43:14.273-0400][gc,init] Parallel Workers: 10
[2025-07-25T13:43:14.273-0400][gc,init] Concurrent Workers: 3
[2025-07-25T13:43:14.273-0400][gc,init] Concurrent Refinement Workers: 10
[2025-07-25T13:43:14.273-0400][gc,init] Periodic GC: Disabled
[2025-07-25T13:43:14.284-0400][gc,metaspace] CDS archive(s) mapped at: [0x0000793deb000000-0x0000793debca0000-0x0000793debca0000), size 13238272, SharedBaseAddress: 0x0000793deb000000, ArchiveRelocationMode: 1.
[2025-07-25T13:43:14.284-0400][gc,metaspace] Compressed class space mapped at: 0x0000793dec000000-0x0000793e2c000000, reserved size: 1073741824
[2025-07-25T13:43:14.284-0400][gc,metaspace] Narrow klass base: 0x0000793deb000000, Narrow klass shift: 0, Narrow klass range: 0x100000000
[2025-07-25T13:43:16.623-0400][gc,start    ] GC(0) Pause Young (Normal) (G1 Evacuation Pause)
[2025-07-25T13:43:16.626-0400][gc,task     ] GC(0) Using 10 workers of 10 for evacuation
[2025-07-25T13:43:16.633-0400][gc,phases   ] GC(0)   Pre Evacuate Collection Set: 0.3ms
[2025-07-25T13:43:16.633-0400][gc,phases   ] GC(0)   Merge Heap Roots: 0.2ms
[2025-07-25T13:43:16.633-0400][gc,phases   ] GC(0)   Evacuate Collection Set: 5.2ms
[2025-07-25T13:43:16.633-0400][gc,phases   ] GC(0)   Post Evacuate Collection Set: 1.1ms
[2025-07-25T13:43:16.633-0400][gc,phases   ] GC(0)   Other: 2.3ms
[2025-07-25T13:43:16.633-0400][gc,heap     ] GC(0) Eden regions: 51->0(44)
[2025-07-25T13:43:16.633-0400][gc,heap     ] GC(0) Survivor regions: 0->7(7)
[2025-07-25T13:43:16.633-0400][gc,heap     ] GC(0) Old regions: 2->3
[2025-07-25T13:43:16.634-0400][gc,heap     ] GC(0) Humongous regions: 0->0
[2025-07-25T13:43:16.634-0400][gc,metaspace] GC(0) Metaspace: 18223K(18496K)->18223K(18496K) NonClass: 16152K(16320K)->16152K(16320K) Class: 2071K(2176K)->2071K(2176K)
[2025-07-25T13:43:16.634-0400][gc          ] GC(0) Pause Young (Normal) (G1 Evacuation Pause) 52M->8M(1024M) 10.360ms
[2025-07-25T13:43:16.634-0400][gc,cpu      ] GC(0) User=0.04s Sys=0.02s Real=0.01s
[2025-07-25T13:43:17.072-0400][gc,start    ] GC(1) Pause Young (Concurrent Start) (Metadata GC Threshold)
[2025-07-25T13:43:17.072-0400][gc,task     ] GC(1) Using 10 workers of 10 for evacuation
[2025-07-25T13:43:17.083-0400][gc,phases   ] GC(1)   Pre Evacuate Collection Set: 0.5ms
[2025-07-25T13:43:17.083-0400][gc,phases   ] GC(1)   Merge Heap Roots: 0.1ms
[2025-07-25T13:43:17.084-0400][gc,phases   ] GC(1)   Evacuate Collection Set: 9.6ms
[2025-07-25T13:43:17.084-0400][gc,phases   ] GC(1)   Post Evacuate Collection Set: 0.8ms
[2025-07-25T13:43:17.084-0400][gc,phases   ] GC(1)   Other: 0.3ms
[2025-07-25T13:43:17.084-0400][gc,heap     ] GC(1) Eden regions: 12->0(49)
[2025-07-25T13:43:17.084-0400][gc,heap     ] GC(1) Survivor regions: 7->2(7)
[2025-07-25T13:43:17.084-0400][gc,heap     ] GC(1) Old regions: 3->10
[2025-07-25T13:43:17.084-0400][gc,heap     ] GC(1) Humongous regions: 0->0
[2025-07-25T13:43:17.084-0400][gc,metaspace] GC(1) Metaspace: 21229K(21504K)->21229K(21504K) NonClass: 18769K(18880K)->18769K(18880K) Class: 2460K(2624K)->2460K(2624K)
[2025-07-25T13:43:17.084-0400][gc          ] GC(1) Pause Young (Concurrent Start) (Metadata GC Threshold) 19M->9M(1024M) 12.717ms
[2025-07-25T13:43:17.085-0400][gc,cpu      ] GC(1) User=0.02s Sys=0.04s Real=0.01s
[2025-07-25T13:43:17.085-0400][gc          ] GC(2) Concurrent Mark Cycle
[2025-07-25T13:43:17.085-0400][gc,marking  ] GC(2) Concurrent Scan Root Regions
[2025-07-25T13:43:17.087-0400][gc,marking  ] GC(2) Concurrent Scan Root Regions 1.825ms
[2025-07-25T13:43:17.087-0400][gc,marking  ] GC(2) Concurrent Mark
[2025-07-25T13:43:17.087-0400][gc,marking  ] GC(2) Concurrent Mark From Roots
[2025-07-25T13:43:17.087-0400][gc,task     ] GC(2) Using 3 workers of 3 for marking
[2025-07-25T13:43:17.089-0400][gc,marking  ] GC(2) Concurrent Mark From Roots 1.543ms
[2025-07-25T13:43:17.089-0400][gc,marking  ] GC(2) Concurrent Preclean
[2025-07-25T13:43:17.089-0400][gc,marking  ] GC(2) Concurrent Preclean 0.124ms
[2025-07-25T13:43:17.089-0400][gc,start    ] GC(2) Pause Remark
[2025-07-25T13:43:17.091-0400][gc          ] GC(2) Pause Remark 10M->10M(1024M) 2.239ms
[2025-07-25T13:43:17.092-0400][gc,cpu      ] GC(2) User=0.01s Sys=0.00s Real=0.00s
[2025-07-25T13:43:17.092-0400][gc,marking  ] GC(2) Concurrent Mark 4.850ms
[2025-07-25T13:43:17.092-0400][gc,marking  ] GC(2) Concurrent Rebuild Remembered Sets and Scrub Regions
[2025-07-25T13:43:17.093-0400][gc,marking  ] GC(2) Concurrent Rebuild Remembered Sets and Scrub Regions 1.127ms
[2025-07-25T13:43:17.093-0400][gc,start    ] GC(2) Pause Cleanup
[2025-07-25T13:43:17.094-0400][gc          ] GC(2) Pause Cleanup 10M->10M(1024M) 0.373ms
[2025-07-25T13:43:17.094-0400][gc,cpu      ] GC(2) User=0.00s Sys=0.00s Real=0.00s
[2025-07-25T13:43:17.094-0400][gc,marking  ] GC(2) Concurrent Clear Claimed Marks
[2025-07-25T13:43:17.094-0400][gc,marking  ] GC(2) Concurrent Clear Claimed Marks 0.159ms
[2025-07-25T13:43:17.094-0400][gc,marking  ] GC(2) Concurrent Cleanup for Next Mark
[2025-07-25T13:43:17.101-0400][gc,marking  ] GC(2) Concurrent Cleanup for Next Mark 7.121ms
[2025-07-25T13:43:17.102-0400][gc          ] GC(2) Concurrent Mark Cycle 17.221ms
[2025-07-25T13:43:18.957-0400][gc,start    ] GC(3) Pause Young (Prepare Mixed) (G1 Evacuation Pause)
[2025-07-25T13:43:18.958-0400][gc,task     ] GC(3) Using 10 workers of 10 for evacuation
[2025-07-25T13:43:18.965-0400][gc,phases   ] GC(3)   Pre Evacuate Collection Set: 0.8ms
[2025-07-25T13:43:18.965-0400][gc,phases   ] GC(3)   Merge Heap Roots: 0.2ms
[2025-07-25T13:43:18.965-0400][gc,phases   ] GC(3)   Evacuate Collection Set: 4.5ms
[2025-07-25T13:43:18.966-0400][gc,phases   ] GC(3)   Post Evacuate Collection Set: 1.0ms
[2025-07-25T13:43:18.966-0400][gc,phases   ] GC(3)   Other: 0.5ms
[2025-07-25T13:43:18.966-0400][gc,heap     ] GC(3) Eden regions: 49->0(45)
[2025-07-25T13:43:18.966-0400][gc,heap     ] GC(3) Survivor regions: 2->6(7)
[2025-07-25T13:43:18.966-0400][gc,heap     ] GC(3) Old regions: 10->10
[2025-07-25T13:43:18.966-0400][gc,heap     ] GC(3) Humongous regions: 129->129
[2025-07-25T13:43:18.966-0400][gc,metaspace] GC(3) Metaspace: 30821K(31104K)->30821K(31104K) NonClass: 27413K(27584K)->27413K(27584K) Class: 3408K(3520K)->3408K(3520K)
[2025-07-25T13:43:18.966-0400][gc          ] GC(3) Pause Young (Prepare Mixed) (G1 Evacuation Pause) 187M->143M(1024M) 8.910ms
[2025-07-25T13:43:18.966-0400][gc,cpu      ] GC(3) User=0.04s Sys=0.00s Real=0.01s
[2025-07-25T13:43:19.619-0400][gc,start    ] GC(4) Pause Young (Mixed) (Metadata GC Threshold)
[2025-07-25T13:43:19.619-0400][gc,task     ] GC(4) Using 10 workers of 10 for evacuation
[2025-07-25T13:43:19.633-0400][gc,phases   ] GC(4)   Pre Evacuate Collection Set: 0.6ms
[2025-07-25T13:43:19.634-0400][gc,phases   ] GC(4)   Merge Heap Roots: 0.1ms
[2025-07-25T13:43:19.634-0400][gc,phases   ] GC(4)   Evacuate Collection Set: 11.4ms
[2025-07-25T13:43:19.634-0400][gc,phases   ] GC(4)   Post Evacuate Collection Set: 1.6ms
[2025-07-25T13:43:19.634-0400][gc,phases   ] GC(4)   Other: 0.3ms
[2025-07-25T13:43:19.634-0400][gc,heap     ] GC(4) Eden regions: 18->0(49)
[2025-07-25T13:43:19.634-0400][gc,heap     ] GC(4) Survivor regions: 6->2(7)
[2025-07-25T13:43:19.635-0400][gc,heap     ] GC(4) Old regions: 10->15
[2025-07-25T13:43:19.635-0400][gc,heap     ] GC(4) Humongous regions: 129->129
[2025-07-25T13:43:19.635-0400][gc,metaspace] GC(4) Metaspace: 35663K(35968K)->35663K(35968K) NonClass: 31765K(31936K)->31765K(31936K) Class: 3897K(4032K)->3897K(4032K)
[2025-07-25T13:43:19.635-0400][gc          ] GC(4) Pause Young (Mixed) (Metadata GC Threshold) 161M->145M(1024M) 16.328ms
[2025-07-25T13:43:19.635-0400][gc,cpu      ] GC(4) User=0.08s Sys=0.05s Real=0.02s
[2025-07-25T13:43:19.683-0400][gc,start    ] GC(5) Pause Young (Concurrent Start) (Metadata GC Threshold)
[2025-07-25T13:43:19.684-0400][gc,task     ] GC(5) Using 10 workers of 10 for evacuation
[2025-07-25T13:43:19.689-0400][gc,phases   ] GC(5)   Pre Evacuate Collection Set: 0.9ms
[2025-07-25T13:43:19.690-0400][gc,phases   ] GC(5)   Merge Heap Roots: 0.2ms
[2025-07-25T13:43:19.690-0400][gc,phases   ] GC(5)   Evacuate Collection Set: 2.5ms
[2025-07-25T13:43:19.690-0400][gc,phases   ] GC(5)   Post Evacuate Collection Set: 1.1ms
[2025-07-25T13:43:19.690-0400][gc,phases   ] GC(5)   Other: 0.5ms
[2025-07-25T13:43:19.691-0400][gc,heap     ] GC(5) Eden regions: 3->0(49)
[2025-07-25T13:43:19.691-0400][gc,heap     ] GC(5) Survivor regions: 2->2(7)
[2025-07-25T13:43:19.691-0400][gc,heap     ] GC(5) Old regions: 15->15
[2025-07-25T13:43:19.691-0400][gc,heap     ] GC(5) Humongous regions: 129->129
[2025-07-25T13:43:19.691-0400][gc,metaspace] GC(5) Metaspace: 35947K(36288K)->35947K(36288K) NonClass: 31993K(32192K)->31993K(32192K) Class: 3953K(4096K)->3953K(4096K)
[2025-07-25T13:43:19.692-0400][gc          ] GC(5) Pause Young (Concurrent Start) (Metadata GC Threshold) 147M->144M(1024M) 8.522ms
[2025-07-25T13:43:19.693-0400][gc          ] GC(6) Concurrent Mark Cycle
[2025-07-25T13:43:19.693-0400][gc,marking  ] GC(6) Concurrent Scan Root Regions
[2025-07-25T13:43:19.693-0400][gc,cpu      ] GC(5) User=0.02s Sys=0.01s Real=0.01s
[2025-07-25T13:43:19.695-0400][gc,marking  ] GC(6) Concurrent Scan Root Regions 2.331ms
[2025-07-25T13:43:19.696-0400][gc,marking  ] GC(6) Concurrent Mark
[2025-07-25T13:43:19.696-0400][gc,marking  ] GC(6) Concurrent Mark From Roots
[2025-07-25T13:43:19.696-0400][gc,task     ] GC(6) Using 3 workers of 3 for marking
[2025-07-25T13:43:19.707-0400][gc,marking  ] GC(6) Concurrent Mark From Roots 11.105ms
[2025-07-25T13:43:19.708-0400][gc,marking  ] GC(6) Concurrent Preclean
[2025-07-25T13:43:19.708-0400][gc,marking  ] GC(6) Concurrent Preclean 0.432ms
[2025-07-25T13:43:19.709-0400][gc,start    ] GC(6) Pause Remark
[2025-07-25T13:43:19.714-0400][gc          ] GC(6) Pause Remark 145M->145M(1024M) 4.595ms
[2025-07-25T13:43:19.714-0400][gc,cpu      ] GC(6) User=0.02s Sys=0.00s Real=0.00s
[2025-07-25T13:43:19.714-0400][gc,marking  ] GC(6) Concurrent Mark 18.297ms
[2025-07-25T13:43:19.715-0400][gc,marking  ] GC(6) Concurrent Rebuild Remembered Sets and Scrub Regions
[2025-07-25T13:43:19.719-0400][gc,marking  ] GC(6) Concurrent Rebuild Remembered Sets and Scrub Regions 4.095ms
[2025-07-25T13:43:19.719-0400][gc,start    ] GC(6) Pause Cleanup
[2025-07-25T13:43:19.720-0400][gc          ] GC(6) Pause Cleanup 145M->145M(1024M) 0.523ms
[2025-07-25T13:43:19.720-0400][gc,cpu      ] GC(6) User=0.01s Sys=0.00s Real=0.00s
[2025-07-25T13:43:19.720-0400][gc,marking  ] GC(6) Concurrent Clear Claimed Marks
[2025-07-25T13:43:19.721-0400][gc,marking  ] GC(6) Concurrent Clear Claimed Marks 0.810ms
[2025-07-25T13:43:19.721-0400][gc,marking  ] GC(6) Concurrent Cleanup for Next Mark
[2025-07-25T13:43:19.726-0400][gc,marking  ] GC(6) Concurrent Cleanup for Next Mark 4.264ms
[2025-07-25T13:43:19.726-0400][gc          ] GC(6) Concurrent Mark Cycle 33.648ms
[2025-07-25T14:05:54.642-0400][gc,start    ] GC(7) Pause Young (Prepare Mixed) (G1 Evacuation Pause)
[2025-07-25T14:05:54.655-0400][gc,task     ] GC(7) Using 10 workers of 10 for evacuation
[2025-07-25T14:05:54.987-0400][gc,mmu      ] GC(7) MMU target violated: 21.0ms (20.0ms/21.0ms)
[2025-07-25T14:05:54.988-0400][gc,phases   ] GC(7)   Pre Evacuate Collection Set: 47.0ms
[2025-07-25T14:05:54.989-0400][gc,phases   ] GC(7)   Merge Heap Roots: 4.4ms
[2025-07-25T14:05:54.989-0400][gc,phases   ] GC(7)   Evacuate Collection Set: 248.4ms
[2025-07-25T14:05:54.989-0400][gc,phases   ] GC(7)   Post Evacuate Collection Set: 24.4ms
[2025-07-25T14:05:54.990-0400][gc,phases   ] GC(7)   Other: 11.2ms
[2025-07-25T14:05:54.991-0400][gc,heap     ] GC(7) Eden regions: 49->0(47)
[2025-07-25T14:05:54.991-0400][gc,heap     ] GC(7) Survivor regions: 2->4(7)
[2025-07-25T14:05:54.991-0400][gc,heap     ] GC(7) Old regions: 15->15
[2025-07-25T14:05:54.991-0400][gc,heap     ] GC(7) Humongous regions: 135->129
[2025-07-25T14:05:54.991-0400][gc,metaspace] GC(7) Metaspace: 39999K(40576K)->39999K(40576K) NonClass: 35427K(35776K)->35427K(35776K) Class: 4571K(4800K)->4571K(4800K)
[2025-07-25T14:05:54.993-0400][gc          ] GC(7) Pause Young (Prepare Mixed) (G1 Evacuation Pause) 199M->146M(1024M) 351.014ms
[2025-07-25T14:05:54.993-0400][gc,cpu      ] GC(7) User=2.70s Sys=0.00s Real=0.36s
[2025-07-25T14:45:58.734-0400][gc,start    ] GC(8) Pause Young (Mixed) (G1 Evacuation Pause)
[2025-07-25T14:45:58.746-0400][gc,task     ] GC(8) Using 10 workers of 10 for evacuation
[2025-07-25T14:45:58.920-0400][gc,mmu      ] GC(8) MMU target violated: 21.0ms (20.0ms/21.0ms)
[2025-07-25T14:45:58.921-0400][gc,phases   ] GC(8)   Pre Evacuate Collection Set: 21.3ms
[2025-07-25T14:45:58.921-0400][gc,phases   ] GC(8)   Merge Heap Roots: 3.2ms
[2025-07-25T14:45:58.921-0400][gc,phases   ] GC(8)   Evacuate Collection Set: 97.1ms
[2025-07-25T14:45:58.921-0400][gc,phases   ] GC(8)   Post Evacuate Collection Set: 47.4ms
[2025-07-25T14:45:58.922-0400][gc,phases   ] GC(8)   Other: 7.0ms
[2025-07-25T14:45:58.923-0400][gc,heap     ] GC(8) Eden regions: 47->0(48)
[2025-07-25T14:45:58.923-0400][gc,heap     ] GC(8) Survivor regions: 4->3(7)
[2025-07-25T14:45:58.923-0400][gc,heap     ] GC(8) Old regions: 15->15
[2025-07-25T14:45:58.923-0400][gc,heap     ] GC(8) Humongous regions: 129->129
[2025-07-25T14:45:58.924-0400][gc,metaspace] GC(8) Metaspace: 40247K(40768K)->40247K(40768K) NonClass: 35672K(35968K)->35672K(35968K) Class: 4575K(4800K)->4575K(4800K)
[2025-07-25T14:45:58.925-0400][gc          ] GC(8) Pause Young (Mixed) (G1 Evacuation Pause) 193M->146M(1024M) 191.877ms
[2025-07-25T14:45:58.925-0400][gc,cpu      ] GC(8) User=1.04s Sys=0.00s Real=0.19s
[2025-07-25T15:00:26.450-0400][gc,heap,exit] Heap
[2025-07-25T15:00:26.452-0400][gc,heap,exit]  garbage-first heap   total 1048576K, used 177004K [0x00000000c0000000, 0x0000000100000000)
[2025-07-25T15:00:26.452-0400][gc,heap,exit]   region size 1024K, 30 young (30720K), 3 survivors (3072K)
[2025-07-25T15:00:26.452-0400][gc,heap,exit]  Metaspace       used 40938K, committed 41536K, reserved 1114112K
[2025-07-25T15:00:26.452-0400][gc,heap,exit]   class space    used 4728K, committed 4992K, reserved 1048576K
