[2025-07-29T18:14:51.102-0400][gc,init] CardTable entry size: 512
[2025-07-29T18:14:51.103-0400][gc     ] Using G1
[2025-07-29T18:14:51.111-0400][gc,init] Version: 21.0.3+9-LTS (release)
[2025-07-29T18:14:51.111-0400][gc,init] CPUs: 12 total, 12 available
[2025-07-29T18:14:51.111-0400][gc,init] Memory: 3777M
[2025-07-29T18:14:51.111-0400][gc,init] Large Page Support: Disabled
[2025-07-29T18:14:51.112-0400][gc,init] NUMA Support: Disabled
[2025-07-29T18:14:51.112-0400][gc,init] Compressed Oops: Enabled (32-bit)
[2025-07-29T18:14:51.112-0400][gc,init] Heap Region Size: 1M
[2025-07-29T18:14:51.112-0400][gc,init] Heap Min Capacity: 1G
[2025-07-29T18:14:51.113-0400][gc,init] Heap Initial Capacity: 1G
[2025-07-29T18:14:51.113-0400][gc,init] Heap Max Capacity: 1G
[2025-07-29T18:14:51.113-0400][gc,init] Pre-touch: Disabled
[2025-07-29T18:14:51.113-0400][gc,init] Parallel Workers: 10
[2025-07-29T18:14:51.113-0400][gc,init] Concurrent Workers: 3
[2025-07-29T18:14:51.113-0400][gc,init] Concurrent Refinement Workers: 10
[2025-07-29T18:14:51.113-0400][gc,init] Periodic GC: Disabled
[2025-07-29T18:14:51.130-0400][gc,metaspace] CDS archive(s) mapped at: [0x00007a0a1f000000-0x00007a0a1fcaa000-0x00007a0a1fcaa000), size 13279232, SharedBaseAddress: 0x00007a0a1f000000, ArchiveRelocationMode: 1.
[2025-07-29T18:14:51.130-0400][gc,metaspace] Compressed class space mapped at: 0x00007a0a20000000-0x00007a0a60000000, reserved size: 1073741824
[2025-07-29T18:14:51.131-0400][gc,metaspace] Narrow klass base: 0x00007a0a1f000000, Narrow klass shift: 0, Narrow klass range: 0x100000000
[2025-07-29T18:14:52.698-0400][gc,heap,exit] Heap
[2025-07-29T18:14:52.699-0400][gc,heap,exit]  garbage-first heap   total 1048576K, used 37918K [0x00000000c0000000, 0x0000000100000000)
[2025-07-29T18:14:52.699-0400][gc,heap,exit]   region size 1024K, 36 young (36864K), 0 survivors (0K)
[2025-07-29T18:14:52.699-0400][gc,heap,exit]  Metaspace       used 13628K, committed 13888K, reserved 1114112K
[2025-07-29T18:14:52.699-0400][gc,heap,exit]   class space    used 1550K, committed 1664K, reserved 1048576K
