[2025-07-28T17:22:12.943-0400][gc,init] CardTable entry size: 512
[2025-07-28T17:22:12.944-0400][gc     ] Using G1
[2025-07-28T17:22:12.950-0400][gc,init] Version: 21.0.8+12-LTS-250 (release)
[2025-07-28T17:22:12.950-0400][gc,init] CPUs: 12 total, 12 available
[2025-07-28T17:22:12.951-0400][gc,init] Memory: 7913M
[2025-07-28T17:22:12.951-0400][gc,init] Large Page Support: Disabled
[2025-07-28T17:22:12.951-0400][gc,init] NUMA Support: Disabled
[2025-07-28T17:22:12.951-0400][gc,init] Compressed Oops: Enabled (32-bit)
[2025-07-28T17:22:12.951-0400][gc,init] Heap Region Size: 1M
[2025-07-28T17:22:12.951-0400][gc,init] Heap Min Capacity: 1G
[2025-07-28T17:22:12.951-0400][gc,init] Heap Initial Capacity: 1G
[2025-07-28T17:22:12.951-0400][gc,init] Heap Max Capacity: 1G
[2025-07-28T17:22:12.951-0400][gc,init] Pre-touch: Disabled
[2025-07-28T17:22:12.951-0400][gc,init] Parallel Workers: 10
[2025-07-28T17:22:12.951-0400][gc,init] Concurrent Workers: 3
[2025-07-28T17:22:12.951-0400][gc,init] Concurrent Refinement Workers: 10
[2025-07-28T17:22:12.951-0400][gc,init] Periodic GC: Disabled
[2025-07-28T17:22:12.971-0400][gc,metaspace] CDS archive(s) mapped at: [0x0000029d00000000-0x0000029d00c90000-0x0000029d00c90000), size 13172736, SharedBaseAddress: 0x0000029d00000000, ArchiveRelocationMode: 1.
[2025-07-28T17:22:12.971-0400][gc,metaspace] Compressed class space mapped at: 0x0000029d01000000-0x0000029d41000000, reserved size: 1073741824
[2025-07-28T17:22:12.971-0400][gc,metaspace] Narrow klass base: 0x0000029d00000000, Narrow klass shift: 0, Narrow klass range: 0x100000000
[2025-07-28T17:22:13.594-0400][gc,heap,exit] Heap
[2025-07-28T17:22:13.594-0400][gc,heap,exit]  garbage-first heap   total 1048576K, used 11776K [0x00000000c0000000, 0x0000000100000000)
[2025-07-28T17:22:13.594-0400][gc,heap,exit]   region size 1024K, 12 young (12288K), 0 survivors (0K)
[2025-07-28T17:22:13.594-0400][gc,heap,exit]  Metaspace       used 5412K, committed 5632K, reserved 1114112K
[2025-07-28T17:22:13.594-0400][gc,heap,exit]   class space    used 560K, committed 704K, reserved 1048576K
