[2025-07-28T17:23:44.065-0400][gc,init] CardTable entry size: 512
[2025-07-28T17:23:44.066-0400][gc     ] Using G1
[2025-07-28T17:23:44.072-0400][gc,init] Version: 21.0.3+9-LTS (release)
[2025-07-28T17:23:44.073-0400][gc,init] CPUs: 12 total, 12 available
[2025-07-28T17:23:44.073-0400][gc,init] Memory: 3777M
[2025-07-28T17:23:44.073-0400][gc,init] Large Page Support: Disabled
[2025-07-28T17:23:44.073-0400][gc,init] NUMA Support: Disabled
[2025-07-28T17:23:44.073-0400][gc,init] Compressed Oops: Enabled (32-bit)
[2025-07-28T17:23:44.073-0400][gc,init] Heap Region Size: 1M
[2025-07-28T17:23:44.073-0400][gc,init] Heap Min Capacity: 1G
[2025-07-28T17:23:44.074-0400][gc,init] Heap Initial Capacity: 1G
[2025-07-28T17:23:44.074-0400][gc,init] Heap Max Capacity: 1G
[2025-07-28T17:23:44.074-0400][gc,init] Pre-touch: Disabled
[2025-07-28T17:23:44.074-0400][gc,init] Parallel Workers: 10
[2025-07-28T17:23:44.074-0400][gc,init] Concurrent Workers: 3
[2025-07-28T17:23:44.074-0400][gc,init] Concurrent Refinement Workers: 10
[2025-07-28T17:23:44.074-0400][gc,init] Periodic GC: Disabled
[2025-07-28T17:23:44.080-0400][gc,metaspace] CDS archive(s) mapped at: [0x00007824e3000000-0x00007824e3caa000-0x00007824e3caa000), size 13279232, SharedBaseAddress: 0x00007824e3000000, ArchiveRelocationMode: 1.
[2025-07-28T17:23:44.081-0400][gc,metaspace] Compressed class space mapped at: 0x00007824e4000000-0x0000782524000000, reserved size: 1073741824
[2025-07-28T17:23:44.081-0400][gc,metaspace] Narrow klass base: 0x00007824e3000000, Narrow klass shift: 0, Narrow klass range: 0x100000000
[2025-07-28T17:23:45.964-0400][gc,start    ] GC(0) Pause Young (Normal) (G1 Evacuation Pause)
[2025-07-28T17:23:45.966-0400][gc,task     ] GC(0) Using 10 workers of 10 for evacuation
[2025-07-28T17:23:45.973-0400][gc,phases   ] GC(0)   Pre Evacuate Collection Set: 0.3ms
[2025-07-28T17:23:45.974-0400][gc,phases   ] GC(0)   Merge Heap Roots: 0.2ms
[2025-07-28T17:23:45.974-0400][gc,phases   ] GC(0)   Evacuate Collection Set: 5.3ms
[2025-07-28T17:23:45.974-0400][gc,phases   ] GC(0)   Post Evacuate Collection Set: 1.2ms
[2025-07-28T17:23:45.974-0400][gc,phases   ] GC(0)   Other: 1.7ms
[2025-07-28T17:23:45.974-0400][gc,heap     ] GC(0) Eden regions: 51->0(44)
[2025-07-28T17:23:45.974-0400][gc,heap     ] GC(0) Survivor regions: 0->7(7)
[2025-07-28T17:23:45.974-0400][gc,heap     ] GC(0) Old regions: 2->3
[2025-07-28T17:23:45.975-0400][gc,heap     ] GC(0) Humongous regions: 0->0
[2025-07-28T17:23:45.975-0400][gc,metaspace] GC(0) Metaspace: 18453K(18624K)->18453K(18624K) NonClass: 16364K(16448K)->16364K(16448K) Class: 2088K(2176K)->2088K(2176K)
[2025-07-28T17:23:45.975-0400][gc          ] GC(0) Pause Young (Normal) (G1 Evacuation Pause) 52M->8M(1024M) 10.554ms
[2025-07-28T17:23:45.975-0400][gc,cpu      ] GC(0) User=0.04s Sys=0.01s Real=0.01s
[2025-07-28T17:23:46.375-0400][gc,start    ] GC(1) Pause Young (Concurrent Start) (Metadata GC Threshold)
[2025-07-28T17:23:46.375-0400][gc,task     ] GC(1) Using 10 workers of 10 for evacuation
[2025-07-28T17:23:46.381-0400][gc,phases   ] GC(1)   Pre Evacuate Collection Set: 0.7ms
[2025-07-28T17:23:46.382-0400][gc,phases   ] GC(1)   Merge Heap Roots: 0.1ms
[2025-07-28T17:23:46.382-0400][gc,phases   ] GC(1)   Evacuate Collection Set: 4.4ms
[2025-07-28T17:23:46.382-0400][gc,phases   ] GC(1)   Post Evacuate Collection Set: 0.6ms
[2025-07-28T17:23:46.382-0400][gc,phases   ] GC(1)   Other: 0.3ms
[2025-07-28T17:23:46.383-0400][gc,heap     ] GC(1) Eden regions: 13->0(49)
[2025-07-28T17:23:46.383-0400][gc,heap     ] GC(1) Survivor regions: 7->2(7)
[2025-07-28T17:23:46.383-0400][gc,heap     ] GC(1) Old regions: 3->10
[2025-07-28T17:23:46.383-0400][gc,heap     ] GC(1) Humongous regions: 0->0
[2025-07-28T17:23:46.383-0400][gc,metaspace] GC(1) Metaspace: 21288K(21504K)->21288K(21504K) NonClass: 18822K(18944K)->18822K(18944K) Class: 2466K(2560K)->2466K(2560K)
[2025-07-28T17:23:46.383-0400][gc          ] GC(1) Pause Young (Concurrent Start) (Metadata GC Threshold) 20M->9M(1024M) 8.595ms
[2025-07-28T17:23:46.384-0400][gc          ] GC(2) Concurrent Mark Cycle
[2025-07-28T17:23:46.384-0400][gc,cpu      ] GC(1) User=0.02s Sys=0.02s Real=0.01s
[2025-07-28T17:23:46.384-0400][gc,marking  ] GC(2) Concurrent Scan Root Regions
[2025-07-28T17:23:46.388-0400][gc,marking  ] GC(2) Concurrent Scan Root Regions 4.100ms
[2025-07-28T17:23:46.388-0400][gc,marking  ] GC(2) Concurrent Mark
[2025-07-28T17:23:46.389-0400][gc,marking  ] GC(2) Concurrent Mark From Roots
[2025-07-28T17:23:46.389-0400][gc,task     ] GC(2) Using 3 workers of 3 for marking
[2025-07-28T17:23:46.390-0400][gc,marking  ] GC(2) Concurrent Mark From Roots 1.798ms
[2025-07-28T17:23:46.391-0400][gc,marking  ] GC(2) Concurrent Preclean
[2025-07-28T17:23:46.391-0400][gc,marking  ] GC(2) Concurrent Preclean 0.145ms
[2025-07-28T17:23:46.391-0400][gc,start    ] GC(2) Pause Remark
[2025-07-28T17:23:46.393-0400][gc          ] GC(2) Pause Remark 10M->10M(1024M) 1.948ms
[2025-07-28T17:23:46.393-0400][gc,cpu      ] GC(2) User=0.01s Sys=0.01s Real=0.01s
[2025-07-28T17:23:46.393-0400][gc,marking  ] GC(2) Concurrent Mark 5.116ms
[2025-07-28T17:23:46.394-0400][gc,marking  ] GC(2) Concurrent Rebuild Remembered Sets and Scrub Regions
[2025-07-28T17:23:46.395-0400][gc,marking  ] GC(2) Concurrent Rebuild Remembered Sets and Scrub Regions 1.063ms
[2025-07-28T17:23:46.395-0400][gc,start    ] GC(2) Pause Cleanup
[2025-07-28T17:23:46.395-0400][gc          ] GC(2) Pause Cleanup 10M->10M(1024M) 0.475ms
[2025-07-28T17:23:46.395-0400][gc,cpu      ] GC(2) User=0.00s Sys=0.00s Real=0.00s
[2025-07-28T17:23:46.396-0400][gc,marking  ] GC(2) Concurrent Clear Claimed Marks
[2025-07-28T17:23:46.396-0400][gc,marking  ] GC(2) Concurrent Clear Claimed Marks 0.295ms
[2025-07-28T17:23:46.396-0400][gc,marking  ] GC(2) Concurrent Cleanup for Next Mark
[2025-07-28T17:23:46.404-0400][gc,marking  ] GC(2) Concurrent Cleanup for Next Mark 8.193ms
[2025-07-28T17:23:46.405-0400][gc          ] GC(2) Concurrent Mark Cycle 21.090ms
[2025-07-28T17:23:48.117-0400][gc,start    ] GC(3) Pause Young (Prepare Mixed) (G1 Evacuation Pause)
[2025-07-28T17:23:48.117-0400][gc,task     ] GC(3) Using 10 workers of 10 for evacuation
[2025-07-28T17:23:48.124-0400][gc,phases   ] GC(3)   Pre Evacuate Collection Set: 0.5ms
[2025-07-28T17:23:48.125-0400][gc,phases   ] GC(3)   Merge Heap Roots: 0.2ms
[2025-07-28T17:23:48.125-0400][gc,phases   ] GC(3)   Evacuate Collection Set: 5.3ms
[2025-07-28T17:23:48.126-0400][gc,phases   ] GC(3)   Post Evacuate Collection Set: 1.2ms
[2025-07-28T17:23:48.126-0400][gc,phases   ] GC(3)   Other: 0.3ms
[2025-07-28T17:23:48.126-0400][gc,heap     ] GC(3) Eden regions: 49->0(45)
[2025-07-28T17:23:48.126-0400][gc,heap     ] GC(3) Survivor regions: 2->6(7)
[2025-07-28T17:23:48.126-0400][gc,heap     ] GC(3) Old regions: 10->10
[2025-07-28T17:23:48.126-0400][gc,heap     ] GC(3) Humongous regions: 129->129
[2025-07-28T17:23:48.127-0400][gc,metaspace] GC(3) Metaspace: 32938K(33152K)->32938K(33152K) NonClass: 29405K(29504K)->29405K(29504K) Class: 3532K(3648K)->3532K(3648K)
[2025-07-28T17:23:48.127-0400][gc          ] GC(3) Pause Young (Prepare Mixed) (G1 Evacuation Pause) 187M->143M(1024M) 10.350ms
[2025-07-28T17:23:48.127-0400][gc,cpu      ] GC(3) User=0.04s Sys=0.01s Real=0.01s
[2025-07-28T17:24:13.458-0400][gc,start    ] GC(4) Pause Young (Mixed) (Metadata GC Threshold)
[2025-07-28T17:24:13.459-0400][gc,task     ] GC(4) Using 10 workers of 10 for evacuation
[2025-07-28T17:24:13.463-0400][gc,phases   ] GC(4)   Pre Evacuate Collection Set: 0.5ms
[2025-07-28T17:24:13.463-0400][gc,phases   ] GC(4)   Merge Heap Roots: 0.1ms
[2025-07-28T17:24:13.463-0400][gc,phases   ] GC(4)   Evacuate Collection Set: 2.7ms
[2025-07-28T17:24:13.464-0400][gc,phases   ] GC(4)   Post Evacuate Collection Set: 0.6ms
[2025-07-28T17:24:13.464-0400][gc,phases   ] GC(4)   Other: 0.5ms
[2025-07-28T17:24:13.464-0400][gc,heap     ] GC(4) Eden regions: 13->0(49)
[2025-07-28T17:24:13.464-0400][gc,heap     ] GC(4) Survivor regions: 6->2(7)
[2025-07-28T17:24:13.464-0400][gc,heap     ] GC(4) Old regions: 10->15
[2025-07-28T17:24:13.464-0400][gc,heap     ] GC(4) Humongous regions: 129->129
[2025-07-28T17:24:13.465-0400][gc,metaspace] GC(4) Metaspace: 35659K(35968K)->35659K(35968K) NonClass: 31702K(31872K)->31702K(31872K) Class: 3957K(4096K)->3957K(4096K)
[2025-07-28T17:24:13.465-0400][gc          ] GC(4) Pause Young (Mixed) (Metadata GC Threshold) 156M->145M(1024M) 6.748ms
[2025-07-28T17:24:13.465-0400][gc,cpu      ] GC(4) User=0.03s Sys=0.00s Real=0.00s
[2025-07-28T17:24:24.561-0400][gc,start    ] GC(5) Pause Young (Concurrent Start) (Metadata GC Threshold)
[2025-07-28T17:24:24.561-0400][gc,task     ] GC(5) Using 10 workers of 10 for evacuation
[2025-07-28T17:24:24.563-0400][gc,phases   ] GC(5)   Pre Evacuate Collection Set: 0.4ms
[2025-07-28T17:24:24.564-0400][gc,phases   ] GC(5)   Merge Heap Roots: 0.1ms
[2025-07-28T17:24:24.564-0400][gc,phases   ] GC(5)   Evacuate Collection Set: 1.1ms
[2025-07-28T17:24:24.564-0400][gc,phases   ] GC(5)   Post Evacuate Collection Set: 0.4ms
[2025-07-28T17:24:24.564-0400][gc,phases   ] GC(5)   Other: 0.2ms
[2025-07-28T17:24:24.564-0400][gc,heap     ] GC(5) Eden regions: 5->0(50)
[2025-07-28T17:24:24.564-0400][gc,heap     ] GC(5) Survivor regions: 2->1(7)
[2025-07-28T17:24:24.564-0400][gc,heap     ] GC(5) Old regions: 15->15
[2025-07-28T17:24:24.564-0400][gc,heap     ] GC(5) Humongous regions: 129->129
[2025-07-28T17:24:24.564-0400][gc,metaspace] GC(5) Metaspace: 35959K(36288K)->35959K(36288K) NonClass: 31964K(32128K)->31964K(32128K) Class: 3994K(4160K)->3994K(4160K)
[2025-07-28T17:24:24.564-0400][gc          ] GC(5) Pause Young (Concurrent Start) (Metadata GC Threshold) 149M->144M(1024M) 3.526ms
[2025-07-28T17:24:24.564-0400][gc,cpu      ] GC(5) User=0.01s Sys=0.00s Real=0.00s
[2025-07-28T17:24:24.564-0400][gc          ] GC(6) Concurrent Mark Cycle
[2025-07-28T17:24:24.565-0400][gc,marking  ] GC(6) Concurrent Scan Root Regions
[2025-07-28T17:24:24.566-0400][gc,marking  ] GC(6) Concurrent Scan Root Regions 1.419ms
[2025-07-28T17:24:24.566-0400][gc,marking  ] GC(6) Concurrent Mark
[2025-07-28T17:24:24.567-0400][gc,marking  ] GC(6) Concurrent Mark From Roots
[2025-07-28T17:24:24.567-0400][gc,task     ] GC(6) Using 3 workers of 3 for marking
[2025-07-28T17:24:24.573-0400][gc,marking  ] GC(6) Concurrent Mark From Roots 6.291ms
[2025-07-28T17:24:24.573-0400][gc,marking  ] GC(6) Concurrent Preclean
[2025-07-28T17:24:24.573-0400][gc,marking  ] GC(6) Concurrent Preclean 0.180ms
[2025-07-28T17:24:24.573-0400][gc,start    ] GC(6) Pause Remark
[2025-07-28T17:24:24.576-0400][gc          ] GC(6) Pause Remark 145M->145M(1024M) 2.208ms
[2025-07-28T17:24:24.576-0400][gc,cpu      ] GC(6) User=0.01s Sys=0.00s Real=0.00s
[2025-07-28T17:24:24.576-0400][gc,marking  ] GC(6) Concurrent Mark 9.602ms
[2025-07-28T17:24:24.576-0400][gc,marking  ] GC(6) Concurrent Rebuild Remembered Sets and Scrub Regions
[2025-07-28T17:24:24.578-0400][gc,marking  ] GC(6) Concurrent Rebuild Remembered Sets and Scrub Regions 2.101ms
[2025-07-28T17:24:24.579-0400][gc,start    ] GC(6) Pause Cleanup
[2025-07-28T17:24:24.579-0400][gc          ] GC(6) Pause Cleanup 145M->145M(1024M) 0.337ms
[2025-07-28T17:24:24.579-0400][gc,cpu      ] GC(6) User=0.00s Sys=0.00s Real=0.00s
[2025-07-28T17:24:24.579-0400][gc,marking  ] GC(6) Concurrent Clear Claimed Marks
[2025-07-28T17:24:24.579-0400][gc,marking  ] GC(6) Concurrent Clear Claimed Marks 0.171ms
[2025-07-28T17:24:24.579-0400][gc,marking  ] GC(6) Concurrent Cleanup for Next Mark
[2025-07-28T17:24:24.581-0400][gc,marking  ] GC(6) Concurrent Cleanup for Next Mark 1.966ms
[2025-07-28T17:24:24.582-0400][gc          ] GC(6) Concurrent Mark Cycle 17.095ms
[2025-07-28T17:43:09.820-0400][gc,heap,exit] Heap
[2025-07-28T17:43:09.821-0400][gc,heap,exit]  garbage-first heap   total 1048576K, used 167086K [0x00000000c0000000, 0x0000000100000000)
[2025-07-28T17:43:09.822-0400][gc,heap,exit]   region size 1024K, 20 young (20480K), 1 survivors (1024K)
[2025-07-28T17:43:09.822-0400][gc,heap,exit]  Metaspace       used 36824K, committed 37184K, reserved 1114112K
[2025-07-28T17:43:09.822-0400][gc,heap,exit]   class space    used 4141K, committed 4288K, reserved 1048576K
