[2025-07-25T12:55:48.116-0400][gc,init] CardTable entry size: 512
[2025-07-25T12:55:48.116-0400][gc     ] Using G1
[2025-07-25T12:55:48.124-0400][gc,init] Version: 21.0.8+9-Ubuntu-0ubuntu124.04.1 (release)
[2025-07-25T12:55:48.124-0400][gc,init] CPUs: 12 total, 12 available
[2025-07-25T12:55:48.124-0400][gc,init] Memory: 3777M
[2025-07-25T12:55:48.124-0400][gc,init] Large Page Support: Disabled
[2025-07-25T12:55:48.124-0400][gc,init] NUMA Support: Disabled
[2025-07-25T12:55:48.124-0400][gc,init] Compressed Oops: Enabled (32-bit)
[2025-07-25T12:55:48.124-0400][gc,init] Heap Region Size: 1M
[2025-07-25T12:55:48.125-0400][gc,init] Heap Min Capacity: 1G
[2025-07-25T12:55:48.125-0400][gc,init] Heap Initial Capacity: 1G
[2025-07-25T12:55:48.125-0400][gc,init] Heap Max Capacity: 1G
[2025-07-25T12:55:48.125-0400][gc,init] Pre-touch: Disabled
[2025-07-25T12:55:48.125-0400][gc,init] Parallel Workers: 10
[2025-07-25T12:55:48.125-0400][gc,init] Concurrent Workers: 3
[2025-07-25T12:55:48.125-0400][gc,init] Concurrent Refinement Workers: 10
[2025-07-25T12:55:48.125-0400][gc,init] Periodic GC: Disabled
[2025-07-25T12:55:48.134-0400][gc,metaspace] CDS archive(s) mapped at: [0x00007266df000000-0x00007266dfca0000-0x00007266dfca0000), size 13238272, SharedBaseAddress: 0x00007266df000000, ArchiveRelocationMode: 1.
[2025-07-25T12:55:48.134-0400][gc,metaspace] Compressed class space mapped at: 0x00007266e0000000-0x0000726720000000, reserved size: 1073741824
[2025-07-25T12:55:48.135-0400][gc,metaspace] Narrow klass base: 0x00007266df000000, Narrow klass shift: 0, Narrow klass range: 0x100000000
[2025-07-25T12:55:51.076-0400][gc,start    ] GC(0) Pause Young (Normal) (G1 Evacuation Pause)
[2025-07-25T12:55:51.077-0400][gc,task     ] GC(0) Using 10 workers of 10 for evacuation
[2025-07-25T12:55:51.086-0400][gc,phases   ] GC(0)   Pre Evacuate Collection Set: 0.4ms
[2025-07-25T12:55:51.086-0400][gc,phases   ] GC(0)   Merge Heap Roots: 0.3ms
[2025-07-25T12:55:51.087-0400][gc,phases   ] GC(0)   Evacuate Collection Set: 5.8ms
[2025-07-25T12:55:51.087-0400][gc,phases   ] GC(0)   Post Evacuate Collection Set: 1.6ms
[2025-07-25T12:55:51.087-0400][gc,phases   ] GC(0)   Other: 1.6ms
[2025-07-25T12:55:51.087-0400][gc,heap     ] GC(0) Eden regions: 51->0(44)
[2025-07-25T12:55:51.087-0400][gc,heap     ] GC(0) Survivor regions: 0->7(7)
[2025-07-25T12:55:51.087-0400][gc,heap     ] GC(0) Old regions: 2->3
[2025-07-25T12:55:51.087-0400][gc,heap     ] GC(0) Humongous regions: 0->0
[2025-07-25T12:55:51.088-0400][gc,metaspace] GC(0) Metaspace: 18234K(18432K)->18234K(18432K) NonClass: 16165K(16256K)->16165K(16256K) Class: 2069K(2176K)->2069K(2176K)
[2025-07-25T12:55:51.088-0400][gc          ] GC(0) Pause Young (Normal) (G1 Evacuation Pause) 52M->8M(1024M) 12.116ms
[2025-07-25T12:55:51.088-0400][gc,cpu      ] GC(0) User=0.04s Sys=0.03s Real=0.01s
[2025-07-25T12:55:51.719-0400][gc,start    ] GC(1) Pause Young (Concurrent Start) (Metadata GC Threshold)
[2025-07-25T12:55:51.720-0400][gc,task     ] GC(1) Using 10 workers of 10 for evacuation
[2025-07-25T12:55:51.731-0400][gc,phases   ] GC(1)   Pre Evacuate Collection Set: 0.6ms
[2025-07-25T12:55:51.731-0400][gc,phases   ] GC(1)   Merge Heap Roots: 0.1ms
[2025-07-25T12:55:51.731-0400][gc,phases   ] GC(1)   Evacuate Collection Set: 6.9ms
[2025-07-25T12:55:51.731-0400][gc,phases   ] GC(1)   Post Evacuate Collection Set: 2.8ms
[2025-07-25T12:55:51.732-0400][gc,phases   ] GC(1)   Other: 0.3ms
[2025-07-25T12:55:51.732-0400][gc,heap     ] GC(1) Eden regions: 12->0(49)
[2025-07-25T12:55:51.732-0400][gc,heap     ] GC(1) Survivor regions: 7->2(7)
[2025-07-25T12:55:51.732-0400][gc,heap     ] GC(1) Old regions: 3->10
[2025-07-25T12:55:51.732-0400][gc,heap     ] GC(1) Humongous regions: 0->0
[2025-07-25T12:55:51.732-0400][gc,metaspace] GC(1) Metaspace: 21255K(21504K)->21255K(21504K) NonClass: 18788K(18880K)->18788K(18880K) Class: 2466K(2624K)->2466K(2624K)
[2025-07-25T12:55:51.732-0400][gc          ] GC(1) Pause Young (Concurrent Start) (Metadata GC Threshold) 20M->10M(1024M) 12.920ms
[2025-07-25T12:55:51.733-0400][gc,cpu      ] GC(1) User=0.04s Sys=0.04s Real=0.02s
[2025-07-25T12:55:51.733-0400][gc          ] GC(2) Concurrent Mark Cycle
[2025-07-25T12:55:51.733-0400][gc,marking  ] GC(2) Concurrent Scan Root Regions
[2025-07-25T12:55:51.738-0400][gc,marking  ] GC(2) Concurrent Scan Root Regions 5.189ms
[2025-07-25T12:55:51.738-0400][gc,marking  ] GC(2) Concurrent Mark
[2025-07-25T12:55:51.738-0400][gc,marking  ] GC(2) Concurrent Mark From Roots
[2025-07-25T12:55:51.739-0400][gc,task     ] GC(2) Using 3 workers of 3 for marking
[2025-07-25T12:55:51.741-0400][gc,marking  ] GC(2) Concurrent Mark From Roots 2.088ms
[2025-07-25T12:55:51.745-0400][gc,marking  ] GC(2) Concurrent Preclean
[2025-07-25T12:55:51.747-0400][gc,marking  ] GC(2) Concurrent Preclean 1.987ms
[2025-07-25T12:55:51.748-0400][gc,start    ] GC(2) Pause Remark
[2025-07-25T12:55:51.752-0400][gc          ] GC(2) Pause Remark 10M->10M(1024M) 4.464ms
[2025-07-25T12:55:51.753-0400][gc,cpu      ] GC(2) User=0.01s Sys=0.00s Real=0.01s
[2025-07-25T12:55:51.753-0400][gc,marking  ] GC(2) Concurrent Mark 14.836ms
[2025-07-25T12:55:51.757-0400][gc,marking  ] GC(2) Concurrent Rebuild Remembered Sets and Scrub Regions
[2025-07-25T12:55:51.759-0400][gc,marking  ] GC(2) Concurrent Rebuild Remembered Sets and Scrub Regions 2.096ms
[2025-07-25T12:55:51.760-0400][gc,start    ] GC(2) Pause Cleanup
[2025-07-25T12:55:51.761-0400][gc          ] GC(2) Pause Cleanup 10M->10M(1024M) 1.315ms
[2025-07-25T12:55:51.762-0400][gc,cpu      ] GC(2) User=0.00s Sys=0.00s Real=0.00s
[2025-07-25T12:55:51.762-0400][gc,marking  ] GC(2) Concurrent Clear Claimed Marks
[2025-07-25T12:55:51.762-0400][gc,marking  ] GC(2) Concurrent Clear Claimed Marks 0.669ms
[2025-07-25T12:55:51.764-0400][gc,marking  ] GC(2) Concurrent Cleanup for Next Mark
[2025-07-25T12:55:51.772-0400][gc,marking  ] GC(2) Concurrent Cleanup for Next Mark 8.503ms
[2025-07-25T12:55:51.773-0400][gc          ] GC(2) Concurrent Mark Cycle 40.248ms
[2025-07-25T12:55:53.321-0400][gc,start    ] GC(3) Pause Young (Prepare Mixed) (GCLocker Initiated GC)
[2025-07-25T12:55:53.321-0400][gc,task     ] GC(3) Using 10 workers of 10 for evacuation
[2025-07-25T12:55:53.328-0400][gc,phases   ] GC(3)   Pre Evacuate Collection Set: 0.5ms
[2025-07-25T12:55:53.330-0400][gc,phases   ] GC(3)   Merge Heap Roots: 0.3ms
[2025-07-25T12:55:53.330-0400][gc,phases   ] GC(3)   Evacuate Collection Set: 4.2ms
[2025-07-25T12:55:53.330-0400][gc,phases   ] GC(3)   Post Evacuate Collection Set: 2.0ms
[2025-07-25T12:55:53.331-0400][gc,phases   ] GC(3)   Other: 0.3ms
[2025-07-25T12:55:53.331-0400][gc,heap     ] GC(3) Eden regions: 49->0(45)
[2025-07-25T12:55:53.331-0400][gc,heap     ] GC(3) Survivor regions: 2->6(7)
[2025-07-25T12:55:53.331-0400][gc,heap     ] GC(3) Old regions: 10->10
[2025-07-25T12:55:53.331-0400][gc,heap     ] GC(3) Humongous regions: 129->129
[2025-07-25T12:55:53.331-0400][gc,metaspace] GC(3) Metaspace: 32855K(33152K)->32855K(33152K) NonClass: 29303K(29504K)->29303K(29504K) Class: 3551K(3648K)->3551K(3648K)
[2025-07-25T12:55:53.332-0400][gc          ] GC(3) Pause Young (Prepare Mixed) (GCLocker Initiated GC) 188M->143M(1024M) 10.834ms
[2025-07-25T12:55:53.332-0400][gc,cpu      ] GC(3) User=0.03s Sys=0.02s Real=0.02s
[2025-07-25T12:56:22.850-0400][gc,start    ] GC(4) Pause Young (Mixed) (Metadata GC Threshold)
[2025-07-25T12:56:22.850-0400][gc,task     ] GC(4) Using 10 workers of 10 for evacuation
[2025-07-25T12:56:22.854-0400][gc,phases   ] GC(4)   Pre Evacuate Collection Set: 0.3ms
[2025-07-25T12:56:22.855-0400][gc,phases   ] GC(4)   Merge Heap Roots: 0.1ms
[2025-07-25T12:56:22.855-0400][gc,phases   ] GC(4)   Evacuate Collection Set: 3.0ms
[2025-07-25T12:56:22.855-0400][gc,phases   ] GC(4)   Post Evacuate Collection Set: 0.8ms
[2025-07-25T12:56:22.855-0400][gc,phases   ] GC(4)   Other: 0.2ms
[2025-07-25T12:56:22.855-0400][gc,heap     ] GC(4) Eden regions: 14->0(49)
[2025-07-25T12:56:22.855-0400][gc,heap     ] GC(4) Survivor regions: 6->2(7)
[2025-07-25T12:56:22.855-0400][gc,heap     ] GC(4) Old regions: 10->15
[2025-07-25T12:56:22.855-0400][gc,heap     ] GC(4) Humongous regions: 129->129
[2025-07-25T12:56:22.855-0400][gc,metaspace] GC(4) Metaspace: 35695K(35968K)->35695K(35968K) NonClass: 31723K(31872K)->31723K(31872K) Class: 3971K(4096K)->3971K(4096K)
[2025-07-25T12:56:22.856-0400][gc          ] GC(4) Pause Young (Mixed) (Metadata GC Threshold) 157M->144M(1024M) 5.892ms
[2025-07-25T12:56:22.856-0400][gc,cpu      ] GC(4) User=0.02s Sys=0.01s Real=0.00s
[2025-07-25T13:00:46.301-0400][gc,start    ] GC(5) Pause Young (Concurrent Start) (Metadata GC Threshold)
[2025-07-25T13:00:46.302-0400][gc,task     ] GC(5) Using 10 workers of 10 for evacuation
[2025-07-25T13:00:46.325-0400][gc,mmu      ] GC(5) MMU target violated: 21.0ms (20.0ms/21.0ms)
[2025-07-25T13:00:46.325-0400][gc,phases   ] GC(5)   Pre Evacuate Collection Set: 7.7ms
[2025-07-25T13:00:46.325-0400][gc,phases   ] GC(5)   Merge Heap Roots: 1.0ms
[2025-07-25T13:00:46.325-0400][gc,phases   ] GC(5)   Evacuate Collection Set: 11.5ms
[2025-07-25T13:00:46.325-0400][gc,phases   ] GC(5)   Post Evacuate Collection Set: 1.7ms
[2025-07-25T13:00:46.325-0400][gc,phases   ] GC(5)   Other: 1.4ms
[2025-07-25T13:00:46.325-0400][gc,heap     ] GC(5) Eden regions: 5->0(50)
[2025-07-25T13:00:46.326-0400][gc,heap     ] GC(5) Survivor regions: 2->1(7)
[2025-07-25T13:00:46.326-0400][gc,heap     ] GC(5) Old regions: 15->15
[2025-07-25T13:00:46.326-0400][gc,heap     ] GC(5) Humongous regions: 129->129
[2025-07-25T13:00:46.326-0400][gc,metaspace] GC(5) Metaspace: 36050K(36288K)->36050K(36288K) NonClass: 32047K(32192K)->32047K(32192K) Class: 4003K(4096K)->4003K(4096K)
[2025-07-25T13:00:46.326-0400][gc          ] GC(5) Pause Young (Concurrent Start) (Metadata GC Threshold) 149M->144M(1024M) 25.117ms
[2025-07-25T13:00:46.326-0400][gc,cpu      ] GC(5) User=0.12s Sys=0.00s Real=0.03s
[2025-07-25T13:00:46.326-0400][gc          ] GC(6) Concurrent Mark Cycle
[2025-07-25T13:00:46.327-0400][gc,marking  ] GC(6) Concurrent Scan Root Regions
[2025-07-25T13:00:46.336-0400][gc,marking  ] GC(6) Concurrent Scan Root Regions 8.982ms
[2025-07-25T13:00:46.336-0400][gc,marking  ] GC(6) Concurrent Mark
[2025-07-25T13:00:46.336-0400][gc,marking  ] GC(6) Concurrent Mark From Roots
[2025-07-25T13:00:46.336-0400][gc,task     ] GC(6) Using 3 workers of 3 for marking
[2025-07-25T13:00:46.368-0400][gc,marking  ] GC(6) Concurrent Mark From Roots 32.358ms
[2025-07-25T13:00:46.369-0400][gc,marking  ] GC(6) Concurrent Preclean
[2025-07-25T13:00:46.369-0400][gc,marking  ] GC(6) Concurrent Preclean 0.491ms
[2025-07-25T13:00:46.370-0400][gc,start    ] GC(6) Pause Remark
[2025-07-25T13:00:46.417-0400][gc,mmu      ] GC(6) MMU target violated: 21.0ms (20.0ms/21.0ms)
[2025-07-25T13:00:46.417-0400][gc          ] GC(6) Pause Remark 144M->144M(1024M) 47.250ms
[2025-07-25T13:00:46.417-0400][gc,cpu      ] GC(6) User=0.34s Sys=0.00s Real=0.05s
[2025-07-25T13:00:46.417-0400][gc,marking  ] GC(6) Concurrent Mark 81.420ms
[2025-07-25T13:00:46.418-0400][gc,marking  ] GC(6) Concurrent Rebuild Remembered Sets and Scrub Regions
[2025-07-25T13:00:46.421-0400][gc,marking  ] GC(6) Concurrent Rebuild Remembered Sets and Scrub Regions 3.855ms
[2025-07-25T13:00:46.422-0400][gc,start    ] GC(6) Pause Cleanup
[2025-07-25T13:00:46.422-0400][gc          ] GC(6) Pause Cleanup 145M->145M(1024M) 0.518ms
[2025-07-25T13:00:46.422-0400][gc,cpu      ] GC(6) User=0.00s Sys=0.00s Real=0.00s
[2025-07-25T13:00:46.423-0400][gc,marking  ] GC(6) Concurrent Clear Claimed Marks
[2025-07-25T13:00:46.423-0400][gc,marking  ] GC(6) Concurrent Clear Claimed Marks 0.143ms
[2025-07-25T13:00:46.423-0400][gc,marking  ] GC(6) Concurrent Cleanup for Next Mark
[2025-07-25T13:00:46.439-0400][gc,marking  ] GC(6) Concurrent Cleanup for Next Mark 16.155ms
[2025-07-25T13:00:46.440-0400][gc          ] GC(6) Concurrent Mark Cycle 113.414ms
[2025-07-25T13:10:06.537-0400][gc,start    ] GC(7) Pause Young (Prepare Mixed) (G1 Evacuation Pause)
[2025-07-25T13:10:06.541-0400][gc,task     ] GC(7) Using 10 workers of 10 for evacuation
[2025-07-25T13:10:06.605-0400][gc,mmu      ] GC(7) MMU target violated: 21.0ms (20.0ms/21.0ms)
[2025-07-25T13:10:06.605-0400][gc,phases   ] GC(7)   Pre Evacuate Collection Set: 10.7ms
[2025-07-25T13:10:06.605-0400][gc,phases   ] GC(7)   Merge Heap Roots: 1.9ms
[2025-07-25T13:10:06.605-0400][gc,phases   ] GC(7)   Evacuate Collection Set: 48.0ms
[2025-07-25T13:10:06.605-0400][gc,phases   ] GC(7)   Post Evacuate Collection Set: 2.2ms
[2025-07-25T13:10:06.606-0400][gc,phases   ] GC(7)   Other: 2.6ms
[2025-07-25T13:10:06.606-0400][gc,heap     ] GC(7) Eden regions: 50->0(46)
[2025-07-25T13:10:06.606-0400][gc,heap     ] GC(7) Survivor regions: 1->5(7)
[2025-07-25T13:10:06.606-0400][gc,heap     ] GC(7) Old regions: 15->15
[2025-07-25T13:10:06.606-0400][gc,heap     ] GC(7) Humongous regions: 129->129
[2025-07-25T13:10:06.607-0400][gc,metaspace] GC(7) Metaspace: 42183K(42816K)->42183K(42816K) NonClass: 37196K(37568K)->37196K(37568K) Class: 4986K(5248K)->4986K(5248K)
[2025-07-25T13:10:06.607-0400][gc          ] GC(7) Pause Young (Prepare Mixed) (G1 Evacuation Pause) 194M->147M(1024M) 69.725ms
[2025-07-25T13:10:06.607-0400][gc,cpu      ] GC(7) User=0.56s Sys=0.00s Real=0.07s
[2025-07-25T13:22:20.302-0400][gc,start    ] GC(8) Pause Young (Mixed) (G1 Evacuation Pause)
[2025-07-25T13:22:20.304-0400][gc,task     ] GC(8) Using 10 workers of 10 for evacuation
[2025-07-25T13:22:20.329-0400][gc,mmu      ] GC(8) MMU target violated: 21.0ms (20.0ms/21.0ms)
[2025-07-25T13:22:20.329-0400][gc,phases   ] GC(8)   Pre Evacuate Collection Set: 4.8ms
[2025-07-25T13:22:20.329-0400][gc,phases   ] GC(8)   Merge Heap Roots: 0.5ms
[2025-07-25T13:22:20.330-0400][gc,phases   ] GC(8)   Evacuate Collection Set: 17.7ms
[2025-07-25T13:22:20.330-0400][gc,phases   ] GC(8)   Post Evacuate Collection Set: 1.4ms
[2025-07-25T13:22:20.330-0400][gc,phases   ] GC(8)   Other: 1.2ms
[2025-07-25T13:22:20.330-0400][gc,heap     ] GC(8) Eden regions: 46->0(45)
[2025-07-25T13:22:20.331-0400][gc,heap     ] GC(8) Survivor regions: 5->6(7)
[2025-07-25T13:22:20.331-0400][gc,heap     ] GC(8) Old regions: 15->16
[2025-07-25T13:22:20.331-0400][gc,heap     ] GC(8) Humongous regions: 129->129
[2025-07-25T13:22:20.331-0400][gc,metaspace] GC(8) Metaspace: 42856K(43456K)->42856K(43456K) NonClass: 37847K(38208K)->37847K(38208K) Class: 5008K(5248K)->5008K(5248K)
[2025-07-25T13:22:20.331-0400][gc          ] GC(8) Pause Young (Mixed) (G1 Evacuation Pause) 193M->149M(1024M) 29.899ms
[2025-07-25T13:22:20.332-0400][gc,cpu      ] GC(8) User=0.22s Sys=0.02s Real=0.03s
[2025-07-25T13:35:21.353-0400][gc,start    ] GC(9) Pause Young (Normal) (G1 Evacuation Pause)
[2025-07-25T13:35:21.357-0400][gc,task     ] GC(9) Using 10 workers of 10 for evacuation
[2025-07-25T13:35:21.393-0400][gc,mmu      ] GC(9) MMU target violated: 21.0ms (20.0ms/21.0ms)
[2025-07-25T13:35:21.393-0400][gc,phases   ] GC(9)   Pre Evacuate Collection Set: 8.6ms
[2025-07-25T13:35:21.394-0400][gc,phases   ] GC(9)   Merge Heap Roots: 0.9ms
[2025-07-25T13:35:21.394-0400][gc,phases   ] GC(9)   Evacuate Collection Set: 23.8ms
[2025-07-25T13:35:21.394-0400][gc,phases   ] GC(9)   Post Evacuate Collection Set: 2.1ms
[2025-07-25T13:35:21.394-0400][gc,phases   ] GC(9)   Other: 1.7ms
[2025-07-25T13:35:21.394-0400][gc,heap     ] GC(9) Eden regions: 45->0(49)
[2025-07-25T13:35:21.395-0400][gc,heap     ] GC(9) Survivor regions: 6->2(7)
[2025-07-25T13:35:21.395-0400][gc,heap     ] GC(9) Old regions: 16->19
[2025-07-25T13:35:21.395-0400][gc,heap     ] GC(9) Humongous regions: 129->129
[2025-07-25T13:35:21.395-0400][gc,metaspace] GC(9) Metaspace: 42952K(43520K)->42952K(43520K) NonClass: 37943K(38272K)->37943K(38272K) Class: 5008K(5248K)->5008K(5248K)
[2025-07-25T13:35:21.396-0400][gc          ] GC(9) Pause Young (Normal) (G1 Evacuation Pause) 194M->148M(1024M) 42.418ms
[2025-07-25T13:35:21.396-0400][gc,cpu      ] GC(9) User=0.29s Sys=0.00s Real=0.04s
[2025-07-25T13:37:58.204-0400][gc,heap,exit] Heap
[2025-07-25T13:37:58.204-0400][gc,heap,exit]  garbage-first heap   total 1048576K, used 171909K [0x00000000c0000000, 0x0000000100000000)
[2025-07-25T13:37:58.204-0400][gc,heap,exit]   region size 1024K, 21 young (21504K), 2 survivors (2048K)
[2025-07-25T13:37:58.204-0400][gc,heap,exit]  Metaspace       used 43711K, committed 44352K, reserved 1114112K
[2025-07-25T13:37:58.204-0400][gc,heap,exit]   class space    used 5182K, committed 5440K, reserved 1048576K
