[2025-07-25T15:22:05.807-0400][gc,init] CardTable entry size: 512
[2025-07-25T15:22:05.807-0400][gc     ] Using G1
[2025-07-25T15:22:05.813-0400][gc,init] Version: 21.0.8+9-Ubuntu-0ubuntu124.04.1 (release)
[2025-07-25T15:22:05.813-0400][gc,init] CPUs: 12 total, 12 available
[2025-07-25T15:22:05.814-0400][gc,init] Memory: 3777M
[2025-07-25T15:22:05.814-0400][gc,init] Large Page Support: Disabled
[2025-07-25T15:22:05.814-0400][gc,init] NUMA Support: Disabled
[2025-07-25T15:22:05.814-0400][gc,init] Compressed Oops: Enabled (32-bit)
[2025-07-25T15:22:05.814-0400][gc,init] Heap Region Size: 1M
[2025-07-25T15:22:05.814-0400][gc,init] Heap Min Capacity: 1G
[2025-07-25T15:22:05.814-0400][gc,init] Heap Initial Capacity: 1G
[2025-07-25T15:22:05.814-0400][gc,init] Heap Max Capacity: 1G
[2025-07-25T15:22:05.815-0400][gc,init] Pre-touch: Disabled
[2025-07-25T15:22:05.815-0400][gc,init] Parallel Workers: 10
[2025-07-25T15:22:05.815-0400][gc,init] Concurrent Workers: 3
[2025-07-25T15:22:05.815-0400][gc,init] Concurrent Refinement Workers: 10
[2025-07-25T15:22:05.815-0400][gc,init] Periodic GC: Disabled
[2025-07-25T15:22:05.822-0400][gc,metaspace] CDS archive(s) mapped at: [0x00007f9eb7000000-0x00007f9eb7ca0000-0x00007f9eb7ca0000), size 13238272, SharedBaseAddress: 0x00007f9eb7000000, ArchiveRelocationMode: 1.
[2025-07-25T15:22:05.822-0400][gc,metaspace] Compressed class space mapped at: 0x00007f9eb8000000-0x00007f9ef8000000, reserved size: 1073741824
[2025-07-25T15:22:05.822-0400][gc,metaspace] Narrow klass base: 0x00007f9eb7000000, Narrow klass shift: 0, Narrow klass range: 0x100000000
[2025-07-25T15:22:07.940-0400][gc,start    ] GC(0) Pause Young (Normal) (G1 Evacuation Pause)
[2025-07-25T15:22:07.941-0400][gc,task     ] GC(0) Using 10 workers of 10 for evacuation
[2025-07-25T15:22:07.948-0400][gc,phases   ] GC(0)   Pre Evacuate Collection Set: 0.3ms
[2025-07-25T15:22:07.948-0400][gc,phases   ] GC(0)   Merge Heap Roots: 0.2ms
[2025-07-25T15:22:07.948-0400][gc,phases   ] GC(0)   Evacuate Collection Set: 4.5ms
[2025-07-25T15:22:07.948-0400][gc,phases   ] GC(0)   Post Evacuate Collection Set: 1.0ms
[2025-07-25T15:22:07.948-0400][gc,phases   ] GC(0)   Other: 1.3ms
[2025-07-25T15:22:07.948-0400][gc,heap     ] GC(0) Eden regions: 51->0(44)
[2025-07-25T15:22:07.948-0400][gc,heap     ] GC(0) Survivor regions: 0->7(7)
[2025-07-25T15:22:07.948-0400][gc,heap     ] GC(0) Old regions: 2->3
[2025-07-25T15:22:07.949-0400][gc,heap     ] GC(0) Humongous regions: 0->0
[2025-07-25T15:22:07.949-0400][gc,metaspace] GC(0) Metaspace: 18227K(18432K)->18227K(18432K) NonClass: 16158K(16256K)->16158K(16256K) Class: 2069K(2176K)->2069K(2176K)
[2025-07-25T15:22:07.949-0400][gc          ] GC(0) Pause Young (Normal) (G1 Evacuation Pause) 52M->8M(1024M) 8.771ms
[2025-07-25T15:22:07.949-0400][gc,cpu      ] GC(0) User=0.01s Sys=0.02s Real=0.01s
[2025-07-25T15:22:08.284-0400][gc,start    ] GC(1) Pause Young (Concurrent Start) (Metadata GC Threshold)
[2025-07-25T15:22:08.284-0400][gc,task     ] GC(1) Using 10 workers of 10 for evacuation
[2025-07-25T15:22:08.290-0400][gc,phases   ] GC(1)   Pre Evacuate Collection Set: 0.4ms
[2025-07-25T15:22:08.290-0400][gc,phases   ] GC(1)   Merge Heap Roots: 0.1ms
[2025-07-25T15:22:08.290-0400][gc,phases   ] GC(1)   Evacuate Collection Set: 4.2ms
[2025-07-25T15:22:08.291-0400][gc,phases   ] GC(1)   Post Evacuate Collection Set: 0.6ms
[2025-07-25T15:22:08.291-0400][gc,phases   ] GC(1)   Other: 0.3ms
[2025-07-25T15:22:08.291-0400][gc,heap     ] GC(1) Eden regions: 12->0(49)
[2025-07-25T15:22:08.291-0400][gc,heap     ] GC(1) Survivor regions: 7->2(7)
[2025-07-25T15:22:08.291-0400][gc,heap     ] GC(1) Old regions: 3->10
[2025-07-25T15:22:08.292-0400][gc,heap     ] GC(1) Humongous regions: 0->0
[2025-07-25T15:22:08.292-0400][gc,metaspace] GC(1) Metaspace: 21251K(21504K)->21251K(21504K) NonClass: 18784K(18880K)->18784K(18880K) Class: 2467K(2624K)->2467K(2624K)
[2025-07-25T15:22:08.292-0400][gc          ] GC(1) Pause Young (Concurrent Start) (Metadata GC Threshold) 20M->10M(1024M) 8.338ms
[2025-07-25T15:22:08.292-0400][gc,cpu      ] GC(1) User=0.03s Sys=0.01s Real=0.01s
[2025-07-25T15:22:08.292-0400][gc          ] GC(2) Concurrent Mark Cycle
[2025-07-25T15:22:08.293-0400][gc,marking  ] GC(2) Concurrent Scan Root Regions
[2025-07-25T15:22:08.295-0400][gc,marking  ] GC(2) Concurrent Scan Root Regions 1.792ms
[2025-07-25T15:22:08.295-0400][gc,marking  ] GC(2) Concurrent Mark
[2025-07-25T15:22:08.295-0400][gc,marking  ] GC(2) Concurrent Mark From Roots
[2025-07-25T15:22:08.295-0400][gc,task     ] GC(2) Using 3 workers of 3 for marking
[2025-07-25T15:22:08.296-0400][gc,marking  ] GC(2) Concurrent Mark From Roots 1.373ms
[2025-07-25T15:22:08.296-0400][gc,marking  ] GC(2) Concurrent Preclean
[2025-07-25T15:22:08.297-0400][gc,marking  ] GC(2) Concurrent Preclean 0.463ms
[2025-07-25T15:22:08.297-0400][gc,start    ] GC(2) Pause Remark
[2025-07-25T15:22:08.299-0400][gc          ] GC(2) Pause Remark 10M->10M(1024M) 1.967ms
[2025-07-25T15:22:08.299-0400][gc,cpu      ] GC(2) User=0.01s Sys=0.00s Real=0.01s
[2025-07-25T15:22:08.300-0400][gc,marking  ] GC(2) Concurrent Mark 4.801ms
[2025-07-25T15:22:08.300-0400][gc,marking  ] GC(2) Concurrent Rebuild Remembered Sets and Scrub Regions
[2025-07-25T15:22:08.301-0400][gc,marking  ] GC(2) Concurrent Rebuild Remembered Sets and Scrub Regions 1.090ms
[2025-07-25T15:22:08.301-0400][gc,start    ] GC(2) Pause Cleanup
[2025-07-25T15:22:08.301-0400][gc          ] GC(2) Pause Cleanup 10M->10M(1024M) 0.351ms
[2025-07-25T15:22:08.302-0400][gc,cpu      ] GC(2) User=0.00s Sys=0.00s Real=0.00s
[2025-07-25T15:22:08.302-0400][gc,marking  ] GC(2) Concurrent Clear Claimed Marks
[2025-07-25T15:22:08.302-0400][gc,marking  ] GC(2) Concurrent Clear Claimed Marks 0.120ms
[2025-07-25T15:22:08.302-0400][gc,marking  ] GC(2) Concurrent Cleanup for Next Mark
[2025-07-25T15:22:08.311-0400][gc,marking  ] GC(2) Concurrent Cleanup for Next Mark 8.857ms
[2025-07-25T15:22:08.311-0400][gc          ] GC(2) Concurrent Mark Cycle 18.720ms
[2025-07-25T15:22:09.633-0400][gc,start    ] GC(3) Pause Young (Prepare Mixed) (G1 Evacuation Pause)
[2025-07-25T15:22:09.633-0400][gc,task     ] GC(3) Using 10 workers of 10 for evacuation
[2025-07-25T15:22:09.638-0400][gc,phases   ] GC(3)   Pre Evacuate Collection Set: 0.4ms
[2025-07-25T15:22:09.638-0400][gc,phases   ] GC(3)   Merge Heap Roots: 0.1ms
[2025-07-25T15:22:09.639-0400][gc,phases   ] GC(3)   Evacuate Collection Set: 3.7ms
[2025-07-25T15:22:09.639-0400][gc,phases   ] GC(3)   Post Evacuate Collection Set: 0.8ms
[2025-07-25T15:22:09.639-0400][gc,phases   ] GC(3)   Other: 0.2ms
[2025-07-25T15:22:09.639-0400][gc,heap     ] GC(3) Eden regions: 49->0(44)
[2025-07-25T15:22:09.639-0400][gc,heap     ] GC(3) Survivor regions: 2->7(7)
[2025-07-25T15:22:09.639-0400][gc,heap     ] GC(3) Old regions: 10->10
[2025-07-25T15:22:09.639-0400][gc,heap     ] GC(3) Humongous regions: 129->129
[2025-07-25T15:22:09.639-0400][gc,metaspace] GC(3) Metaspace: 32861K(33152K)->32861K(33152K) NonClass: 29300K(29440K)->29300K(29440K) Class: 3560K(3712K)->3560K(3712K)
[2025-07-25T15:22:09.640-0400][gc          ] GC(3) Pause Young (Prepare Mixed) (G1 Evacuation Pause) 188M->144M(1024M) 6.572ms
[2025-07-25T15:22:09.640-0400][gc,cpu      ] GC(3) User=0.04s Sys=0.00s Real=0.01s
[2025-07-25T15:22:39.255-0400][gc,start    ] GC(4) Pause Young (Mixed) (Metadata GC Threshold)
[2025-07-25T15:22:39.256-0400][gc,task     ] GC(4) Using 10 workers of 10 for evacuation
[2025-07-25T15:22:39.261-0400][gc,phases   ] GC(4)   Pre Evacuate Collection Set: 0.4ms
[2025-07-25T15:22:39.261-0400][gc,phases   ] GC(4)   Merge Heap Roots: 0.2ms
[2025-07-25T15:22:39.261-0400][gc,phases   ] GC(4)   Evacuate Collection Set: 3.4ms
[2025-07-25T15:22:39.261-0400][gc,phases   ] GC(4)   Post Evacuate Collection Set: 0.8ms
[2025-07-25T15:22:39.261-0400][gc,phases   ] GC(4)   Other: 0.2ms
[2025-07-25T15:22:39.261-0400][gc,heap     ] GC(4) Eden regions: 14->0(49)
[2025-07-25T15:22:39.261-0400][gc,heap     ] GC(4) Survivor regions: 7->2(7)
[2025-07-25T15:22:39.261-0400][gc,heap     ] GC(4) Old regions: 10->15
[2025-07-25T15:22:39.261-0400][gc,heap     ] GC(4) Humongous regions: 129->129
[2025-07-25T15:22:39.261-0400][gc,metaspace] GC(4) Metaspace: 35650K(35968K)->35650K(35968K) NonClass: 31679K(31872K)->31679K(31872K) Class: 3970K(4096K)->3970K(4096K)
[2025-07-25T15:22:39.262-0400][gc          ] GC(4) Pause Young (Mixed) (Metadata GC Threshold) 157M->144M(1024M) 6.170ms
[2025-07-25T15:22:39.262-0400][gc,cpu      ] GC(4) User=0.03s Sys=0.01s Real=0.00s
[2025-07-25T15:23:15.314-0400][gc,start    ] GC(5) Pause Young (Concurrent Start) (Metadata GC Threshold)
[2025-07-25T15:23:15.314-0400][gc,task     ] GC(5) Using 10 workers of 10 for evacuation
[2025-07-25T15:23:15.317-0400][gc,phases   ] GC(5)   Pre Evacuate Collection Set: 0.5ms
[2025-07-25T15:23:15.317-0400][gc,phases   ] GC(5)   Merge Heap Roots: 0.1ms
[2025-07-25T15:23:15.317-0400][gc,phases   ] GC(5)   Evacuate Collection Set: 1.2ms
[2025-07-25T15:23:15.317-0400][gc,phases   ] GC(5)   Post Evacuate Collection Set: 0.5ms
[2025-07-25T15:23:15.317-0400][gc,phases   ] GC(5)   Other: 0.3ms
[2025-07-25T15:23:15.318-0400][gc,heap     ] GC(5) Eden regions: 5->0(50)
[2025-07-25T15:23:15.318-0400][gc,heap     ] GC(5) Survivor regions: 2->1(7)
[2025-07-25T15:23:15.318-0400][gc,heap     ] GC(5) Old regions: 15->15
[2025-07-25T15:23:15.318-0400][gc,heap     ] GC(5) Humongous regions: 129->129
[2025-07-25T15:23:15.318-0400][gc,metaspace] GC(5) Metaspace: 35990K(36288K)->35990K(36288K) NonClass: 31974K(32128K)->31974K(32128K) Class: 4015K(4160K)->4015K(4160K)
[2025-07-25T15:23:15.318-0400][gc          ] GC(5) Pause Young (Concurrent Start) (Metadata GC Threshold) 149M->144M(1024M) 4.023ms
[2025-07-25T15:23:15.318-0400][gc,cpu      ] GC(5) User=0.01s Sys=0.00s Real=0.01s
[2025-07-25T15:23:15.319-0400][gc          ] GC(6) Concurrent Mark Cycle
[2025-07-25T15:23:15.319-0400][gc,marking  ] GC(6) Concurrent Scan Root Regions
[2025-07-25T15:23:15.320-0400][gc,marking  ] GC(6) Concurrent Scan Root Regions 1.451ms
[2025-07-25T15:23:15.320-0400][gc,marking  ] GC(6) Concurrent Mark
[2025-07-25T15:23:15.320-0400][gc,marking  ] GC(6) Concurrent Mark From Roots
[2025-07-25T15:23:15.321-0400][gc,task     ] GC(6) Using 3 workers of 3 for marking
[2025-07-25T15:23:15.326-0400][gc,marking  ] GC(6) Concurrent Mark From Roots 5.844ms
[2025-07-25T15:23:15.327-0400][gc,marking  ] GC(6) Concurrent Preclean
[2025-07-25T15:23:15.327-0400][gc,marking  ] GC(6) Concurrent Preclean 0.186ms
[2025-07-25T15:23:15.327-0400][gc,start    ] GC(6) Pause Remark
[2025-07-25T15:23:15.330-0400][gc          ] GC(6) Pause Remark 144M->144M(1024M) 2.829ms
[2025-07-25T15:23:15.330-0400][gc,cpu      ] GC(6) User=0.02s Sys=0.00s Real=0.01s
[2025-07-25T15:23:15.330-0400][gc,marking  ] GC(6) Concurrent Mark 10.068ms
[2025-07-25T15:23:15.331-0400][gc,marking  ] GC(6) Concurrent Rebuild Remembered Sets and Scrub Regions
[2025-07-25T15:23:15.333-0400][gc,marking  ] GC(6) Concurrent Rebuild Remembered Sets and Scrub Regions 2.762ms
[2025-07-25T15:23:15.334-0400][gc,start    ] GC(6) Pause Cleanup
[2025-07-25T15:23:15.334-0400][gc          ] GC(6) Pause Cleanup 144M->144M(1024M) 0.323ms
[2025-07-25T15:23:15.334-0400][gc,cpu      ] GC(6) User=0.01s Sys=0.00s Real=0.00s
[2025-07-25T15:23:15.334-0400][gc,marking  ] GC(6) Concurrent Clear Claimed Marks
[2025-07-25T15:23:15.335-0400][gc,marking  ] GC(6) Concurrent Clear Claimed Marks 0.619ms
[2025-07-25T15:23:15.335-0400][gc,marking  ] GC(6) Concurrent Cleanup for Next Mark
[2025-07-25T15:23:15.340-0400][gc,marking  ] GC(6) Concurrent Cleanup for Next Mark 5.320ms
[2025-07-25T15:23:15.341-0400][gc          ] GC(6) Concurrent Mark Cycle 22.194ms
[2025-07-25T16:14:41.956-0400][gc,start    ] GC(7) Pause Young (Prepare Mixed) (G1 Evacuation Pause)
[2025-07-25T16:14:41.966-0400][gc,task     ] GC(7) Using 10 workers of 10 for evacuation
[2025-07-25T16:14:42.140-0400][gc,mmu      ] GC(7) MMU target violated: 21.0ms (20.0ms/21.0ms)
[2025-07-25T16:14:42.141-0400][gc,phases   ] GC(7)   Pre Evacuate Collection Set: 22.9ms
[2025-07-25T16:14:42.141-0400][gc,phases   ] GC(7)   Merge Heap Roots: 3.9ms
[2025-07-25T16:14:42.141-0400][gc,phases   ] GC(7)   Evacuate Collection Set: 128.7ms
[2025-07-25T16:14:42.141-0400][gc,phases   ] GC(7)   Post Evacuate Collection Set: 14.1ms
[2025-07-25T16:14:42.141-0400][gc,phases   ] GC(7)   Other: 6.8ms
[2025-07-25T16:14:42.142-0400][gc,heap     ] GC(7) Eden regions: 50->0(48)
[2025-07-25T16:14:42.142-0400][gc,heap     ] GC(7) Survivor regions: 1->3(7)
[2025-07-25T16:14:42.142-0400][gc,heap     ] GC(7) Old regions: 15->15
[2025-07-25T16:14:42.142-0400][gc,heap     ] GC(7) Humongous regions: 129->129
[2025-07-25T16:14:42.143-0400][gc,metaspace] GC(7) Metaspace: 40040K(40576K)->40040K(40576K) NonClass: 35353K(35648K)->35353K(35648K) Class: 4687K(4928K)->4687K(4928K)
[2025-07-25T16:14:42.144-0400][gc          ] GC(7) Pause Young (Prepare Mixed) (G1 Evacuation Pause) 194M->145M(1024M) 189.147ms
[2025-07-25T16:14:42.145-0400][gc,cpu      ] GC(7) User=1.40s Sys=0.00s Real=0.19s
[2025-07-25T16:35:50.831-0400][gc,heap,exit] Heap
[2025-07-25T16:35:50.832-0400][gc,heap,exit]  garbage-first heap   total 1048576K, used 172673K [0x00000000c0000000, 0x0000000100000000)
[2025-07-25T16:35:50.832-0400][gc,heap,exit]   region size 1024K, 26 young (26624K), 3 survivors (3072K)
[2025-07-25T16:35:50.833-0400][gc,heap,exit]  Metaspace       used 40867K, committed 41344K, reserved 1114112K
[2025-07-25T16:35:50.833-0400][gc,heap,exit]   class space    used 4852K, committed 5056K, reserved 1048576K
