[2025-07-29T18:15:55.973-0400][gc,init] CardTable entry size: 512
[2025-07-29T18:15:55.973-0400][gc     ] Using G1
[2025-07-29T18:15:55.980-0400][gc,init] Version: 21.0.3+9-LTS (release)
[2025-07-29T18:15:55.980-0400][gc,init] CPUs: 12 total, 12 available
[2025-07-29T18:15:55.980-0400][gc,init] Memory: 3777M
[2025-07-29T18:15:55.980-0400][gc,init] Large Page Support: Disabled
[2025-07-29T18:15:55.980-0400][gc,init] NUMA Support: Disabled
[2025-07-29T18:15:55.980-0400][gc,init] Compressed Oops: Enabled (32-bit)
[2025-07-29T18:15:55.980-0400][gc,init] Heap Region Size: 1M
[2025-07-29T18:15:55.980-0400][gc,init] Heap Min Capacity: 1G
[2025-07-29T18:15:55.981-0400][gc,init] Heap Initial Capacity: 1G
[2025-07-29T18:15:55.981-0400][gc,init] Heap Max Capacity: 1G
[2025-07-29T18:15:55.981-0400][gc,init] Pre-touch: Disabled
[2025-07-29T18:15:55.981-0400][gc,init] Parallel Workers: 10
[2025-07-29T18:15:55.981-0400][gc,init] Concurrent Workers: 3
[2025-07-29T18:15:55.981-0400][gc,init] Concurrent Refinement Workers: 10
[2025-07-29T18:15:55.981-0400][gc,init] Periodic GC: Disabled
[2025-07-29T18:15:55.988-0400][gc,metaspace] CDS archive(s) mapped at: [0x00007b528b000000-0x00007b528bcaa000-0x00007b528bcaa000), size 13279232, SharedBaseAddress: 0x00007b528b000000, ArchiveRelocationMode: 1.
[2025-07-29T18:15:55.988-0400][gc,metaspace] Compressed class space mapped at: 0x00007b528c000000-0x00007b52cc000000, reserved size: 1073741824
[2025-07-29T18:15:55.988-0400][gc,metaspace] Narrow klass base: 0x00007b528b000000, Narrow klass shift: 0, Narrow klass range: 0x100000000
[2025-07-29T18:15:57.601-0400][gc,start    ] GC(0) Pause Young (Normal) (G1 Evacuation Pause)
[2025-07-29T18:15:57.603-0400][gc,task     ] GC(0) Using 10 workers of 10 for evacuation
[2025-07-29T18:15:57.609-0400][gc,phases   ] GC(0)   Pre Evacuate Collection Set: 0.3ms
[2025-07-29T18:15:57.609-0400][gc,phases   ] GC(0)   Merge Heap Roots: 0.2ms
[2025-07-29T18:15:57.609-0400][gc,phases   ] GC(0)   Evacuate Collection Set: 3.6ms
[2025-07-29T18:15:57.609-0400][gc,phases   ] GC(0)   Post Evacuate Collection Set: 1.0ms
[2025-07-29T18:15:57.609-0400][gc,phases   ] GC(0)   Other: 2.1ms
[2025-07-29T18:15:57.609-0400][gc,heap     ] GC(0) Eden regions: 51->0(44)
[2025-07-29T18:15:57.609-0400][gc,heap     ] GC(0) Survivor regions: 0->7(7)
[2025-07-29T18:15:57.609-0400][gc,heap     ] GC(0) Old regions: 2->3
[2025-07-29T18:15:57.610-0400][gc,heap     ] GC(0) Humongous regions: 0->0
[2025-07-29T18:15:57.610-0400][gc,metaspace] GC(0) Metaspace: 18574K(18816K)->18574K(18816K) NonClass: 16473K(16576K)->16473K(16576K) Class: 2100K(2240K)->2100K(2240K)
[2025-07-29T18:15:57.610-0400][gc          ] GC(0) Pause Young (Normal) (G1 Evacuation Pause) 52M->8M(1024M) 8.749ms
[2025-07-29T18:15:57.610-0400][gc,cpu      ] GC(0) User=0.02s Sys=0.02s Real=0.01s
[2025-07-29T18:15:57.901-0400][gc,start    ] GC(1) Pause Young (Concurrent Start) (Metadata GC Threshold)
[2025-07-29T18:15:57.901-0400][gc,task     ] GC(1) Using 10 workers of 10 for evacuation
[2025-07-29T18:15:57.907-0400][gc,phases   ] GC(1)   Pre Evacuate Collection Set: 0.4ms
[2025-07-29T18:15:57.908-0400][gc,phases   ] GC(1)   Merge Heap Roots: 0.1ms
[2025-07-29T18:15:57.908-0400][gc,phases   ] GC(1)   Evacuate Collection Set: 4.7ms
[2025-07-29T18:15:57.908-0400][gc,phases   ] GC(1)   Post Evacuate Collection Set: 0.9ms
[2025-07-29T18:15:57.909-0400][gc,phases   ] GC(1)   Other: 0.3ms
[2025-07-29T18:15:57.909-0400][gc,heap     ] GC(1) Eden regions: 11->0(49)
[2025-07-29T18:15:57.909-0400][gc,heap     ] GC(1) Survivor regions: 7->2(7)
[2025-07-29T18:15:57.909-0400][gc,heap     ] GC(1) Old regions: 3->10
[2025-07-29T18:15:57.909-0400][gc,heap     ] GC(1) Humongous regions: 0->0
[2025-07-29T18:15:57.910-0400][gc,metaspace] GC(1) Metaspace: 21314K(21504K)->21314K(21504K) NonClass: 18852K(18944K)->18852K(18944K) Class: 2461K(2560K)->2461K(2560K)
[2025-07-29T18:15:57.910-0400][gc          ] GC(1) Pause Young (Concurrent Start) (Metadata GC Threshold) 19M->9M(1024M) 9.216ms
[2025-07-29T18:15:57.910-0400][gc,cpu      ] GC(1) User=0.02s Sys=0.03s Real=0.01s
[2025-07-29T18:15:57.910-0400][gc          ] GC(2) Concurrent Mark Cycle
[2025-07-29T18:15:57.911-0400][gc,marking  ] GC(2) Concurrent Scan Root Regions
[2025-07-29T18:15:57.914-0400][gc,marking  ] GC(2) Concurrent Scan Root Regions 3.508ms
[2025-07-29T18:15:57.915-0400][gc,marking  ] GC(2) Concurrent Mark
[2025-07-29T18:15:57.915-0400][gc,marking  ] GC(2) Concurrent Mark From Roots
[2025-07-29T18:15:57.916-0400][gc,task     ] GC(2) Using 3 workers of 3 for marking
[2025-07-29T18:15:57.919-0400][gc,marking  ] GC(2) Concurrent Mark From Roots 3.591ms
[2025-07-29T18:15:57.919-0400][gc,marking  ] GC(2) Concurrent Preclean
[2025-07-29T18:15:57.919-0400][gc,marking  ] GC(2) Concurrent Preclean 0.193ms
[2025-07-29T18:15:57.920-0400][gc,start    ] GC(2) Pause Remark
[2025-07-29T18:15:57.922-0400][gc          ] GC(2) Pause Remark 10M->10M(1024M) 2.191ms
[2025-07-29T18:15:57.922-0400][gc,cpu      ] GC(2) User=0.00s Sys=0.00s Real=0.00s
[2025-07-29T18:15:57.922-0400][gc,marking  ] GC(2) Concurrent Mark 7.390ms
[2025-07-29T18:15:57.923-0400][gc,marking  ] GC(2) Concurrent Rebuild Remembered Sets and Scrub Regions
[2025-07-29T18:15:57.924-0400][gc,marking  ] GC(2) Concurrent Rebuild Remembered Sets and Scrub Regions 1.593ms
[2025-07-29T18:15:57.924-0400][gc,start    ] GC(2) Pause Cleanup
[2025-07-29T18:15:57.925-0400][gc          ] GC(2) Pause Cleanup 10M->10M(1024M) 0.641ms
[2025-07-29T18:15:57.925-0400][gc,cpu      ] GC(2) User=0.00s Sys=0.00s Real=0.00s
[2025-07-29T18:15:57.925-0400][gc,marking  ] GC(2) Concurrent Clear Claimed Marks
[2025-07-29T18:15:57.926-0400][gc,marking  ] GC(2) Concurrent Clear Claimed Marks 0.444ms
[2025-07-29T18:15:57.926-0400][gc,marking  ] GC(2) Concurrent Cleanup for Next Mark
[2025-07-29T18:15:57.935-0400][gc,marking  ] GC(2) Concurrent Cleanup for Next Mark 8.322ms
[2025-07-29T18:15:57.935-0400][gc          ] GC(2) Concurrent Mark Cycle 24.875ms
[2025-07-29T18:15:59.688-0400][gc,start    ] GC(3) Pause Young (Prepare Mixed) (G1 Evacuation Pause)
[2025-07-29T18:15:59.688-0400][gc,task     ] GC(3) Using 10 workers of 10 for evacuation
[2025-07-29T18:15:59.693-0400][gc,phases   ] GC(3)   Pre Evacuate Collection Set: 0.3ms
[2025-07-29T18:15:59.693-0400][gc,phases   ] GC(3)   Merge Heap Roots: 0.1ms
[2025-07-29T18:15:59.693-0400][gc,phases   ] GC(3)   Evacuate Collection Set: 3.1ms
[2025-07-29T18:15:59.693-0400][gc,phases   ] GC(3)   Post Evacuate Collection Set: 0.7ms
[2025-07-29T18:15:59.693-0400][gc,phases   ] GC(3)   Other: 0.2ms
[2025-07-29T18:15:59.693-0400][gc,heap     ] GC(3) Eden regions: 49->0(45)
[2025-07-29T18:15:59.694-0400][gc,heap     ] GC(3) Survivor regions: 2->6(7)
[2025-07-29T18:15:59.694-0400][gc,heap     ] GC(3) Old regions: 10->10
[2025-07-29T18:15:59.694-0400][gc,heap     ] GC(3) Humongous regions: 129->129
[2025-07-29T18:15:59.694-0400][gc,metaspace] GC(3) Metaspace: 30549K(30912K)->30549K(30912K) NonClass: 27201K(27392K)->27201K(27392K) Class: 3348K(3520K)->3348K(3520K)
[2025-07-29T18:15:59.694-0400][gc          ] GC(3) Pause Young (Prepare Mixed) (G1 Evacuation Pause) 187M->143M(1024M) 5.774ms
[2025-07-29T18:15:59.694-0400][gc,cpu      ] GC(3) User=0.03s Sys=0.00s Real=0.01s
[2025-07-29T18:16:00.154-0400][gc,start    ] GC(4) Pause Young (Mixed) (Metadata GC Threshold)
[2025-07-29T18:16:00.155-0400][gc,task     ] GC(4) Using 10 workers of 10 for evacuation
[2025-07-29T18:16:00.164-0400][gc,phases   ] GC(4)   Pre Evacuate Collection Set: 0.5ms
[2025-07-29T18:16:00.164-0400][gc,phases   ] GC(4)   Merge Heap Roots: 0.2ms
[2025-07-29T18:16:00.164-0400][gc,phases   ] GC(4)   Evacuate Collection Set: 6.8ms
[2025-07-29T18:16:00.164-0400][gc,phases   ] GC(4)   Post Evacuate Collection Set: 1.2ms
[2025-07-29T18:16:00.165-0400][gc,phases   ] GC(4)   Other: 0.3ms
[2025-07-29T18:16:00.165-0400][gc,heap     ] GC(4) Eden regions: 21->0(49)
[2025-07-29T18:16:00.165-0400][gc,heap     ] GC(4) Survivor regions: 6->2(7)
[2025-07-29T18:16:00.165-0400][gc,heap     ] GC(4) Old regions: 10->15
[2025-07-29T18:16:00.165-0400][gc,heap     ] GC(4) Humongous regions: 129->129
[2025-07-29T18:16:00.166-0400][gc,metaspace] GC(4) Metaspace: 35793K(36096K)->35793K(36096K) NonClass: 31894K(32064K)->31894K(32064K) Class: 3898K(4032K)->3898K(4032K)
[2025-07-29T18:16:00.166-0400][gc          ] GC(4) Pause Young (Mixed) (Metadata GC Threshold) 163M->145M(1024M) 11.503ms
[2025-07-29T18:16:00.166-0400][gc,cpu      ] GC(4) User=0.06s Sys=0.02s Real=0.01s
[2025-07-29T18:16:00.191-0400][gc,start    ] GC(5) Pause Young (Concurrent Start) (Metadata GC Threshold)
[2025-07-29T18:16:00.192-0400][gc,task     ] GC(5) Using 10 workers of 10 for evacuation
[2025-07-29T18:16:00.194-0400][gc,phases   ] GC(5)   Pre Evacuate Collection Set: 0.3ms
[2025-07-29T18:16:00.195-0400][gc,phases   ] GC(5)   Merge Heap Roots: 0.1ms
[2025-07-29T18:16:00.195-0400][gc,phases   ] GC(5)   Evacuate Collection Set: 1.7ms
[2025-07-29T18:16:00.195-0400][gc,phases   ] GC(5)   Post Evacuate Collection Set: 0.5ms
[2025-07-29T18:16:00.195-0400][gc,phases   ] GC(5)   Other: 0.2ms
[2025-07-29T18:16:00.195-0400][gc,heap     ] GC(5) Eden regions: 2->0(49)
[2025-07-29T18:16:00.195-0400][gc,heap     ] GC(5) Survivor regions: 2->2(7)
[2025-07-29T18:16:00.195-0400][gc,heap     ] GC(5) Old regions: 15->15
[2025-07-29T18:16:00.195-0400][gc,heap     ] GC(5) Humongous regions: 129->129
[2025-07-29T18:16:00.196-0400][gc,metaspace] GC(5) Metaspace: 36079K(36416K)->36079K(36416K) NonClass: 32144K(32320K)->32144K(32320K) Class: 3935K(4096K)->3935K(4096K)
[2025-07-29T18:16:00.196-0400][gc          ] GC(5) Pause Young (Concurrent Start) (Metadata GC Threshold) 147M->145M(1024M) 4.163ms
[2025-07-29T18:16:00.196-0400][gc,cpu      ] GC(5) User=0.01s Sys=0.01s Real=0.00s
[2025-07-29T18:16:00.196-0400][gc          ] GC(6) Concurrent Mark Cycle
[2025-07-29T18:16:00.196-0400][gc,marking  ] GC(6) Concurrent Scan Root Regions
[2025-07-29T18:16:00.197-0400][gc,marking  ] GC(6) Concurrent Scan Root Regions 0.953ms
[2025-07-29T18:16:00.197-0400][gc,marking  ] GC(6) Concurrent Mark
[2025-07-29T18:16:00.197-0400][gc,marking  ] GC(6) Concurrent Mark From Roots
[2025-07-29T18:16:00.197-0400][gc,task     ] GC(6) Using 3 workers of 3 for marking
[2025-07-29T18:16:00.203-0400][gc,marking  ] GC(6) Concurrent Mark From Roots 5.810ms
[2025-07-29T18:16:00.203-0400][gc,marking  ] GC(6) Concurrent Preclean
[2025-07-29T18:16:00.204-0400][gc,marking  ] GC(6) Concurrent Preclean 0.236ms
[2025-07-29T18:16:00.204-0400][gc,start    ] GC(6) Pause Remark
[2025-07-29T18:16:00.206-0400][gc          ] GC(6) Pause Remark 146M->146M(1024M) 2.053ms
[2025-07-29T18:16:00.206-0400][gc,cpu      ] GC(6) User=0.01s Sys=0.00s Real=0.00s
[2025-07-29T18:16:00.206-0400][gc,marking  ] GC(6) Concurrent Mark 9.353ms
[2025-07-29T18:16:00.207-0400][gc,marking  ] GC(6) Concurrent Rebuild Remembered Sets and Scrub Regions
[2025-07-29T18:16:00.209-0400][gc,marking  ] GC(6) Concurrent Rebuild Remembered Sets and Scrub Regions 2.345ms
[2025-07-29T18:16:00.209-0400][gc,start    ] GC(6) Pause Cleanup
[2025-07-29T18:16:00.210-0400][gc          ] GC(6) Pause Cleanup 146M->146M(1024M) 0.332ms
[2025-07-29T18:16:00.210-0400][gc,cpu      ] GC(6) User=0.00s Sys=0.00s Real=0.00s
[2025-07-29T18:16:00.210-0400][gc,marking  ] GC(6) Concurrent Clear Claimed Marks
[2025-07-29T18:16:00.210-0400][gc,marking  ] GC(6) Concurrent Clear Claimed Marks 0.164ms
[2025-07-29T18:16:00.210-0400][gc,marking  ] GC(6) Concurrent Cleanup for Next Mark
[2025-07-29T18:16:00.213-0400][gc,marking  ] GC(6) Concurrent Cleanup for Next Mark 2.719ms
[2025-07-29T18:16:00.213-0400][gc          ] GC(6) Concurrent Mark Cycle 17.453ms
[2025-07-29T18:17:13.238-0400][gc,start    ] GC(7) Pause Young (Prepare Mixed) (G1 Evacuation Pause)
[2025-07-29T18:17:13.239-0400][gc,task     ] GC(7) Using 10 workers of 10 for evacuation
[2025-07-29T18:17:13.255-0400][gc,phases   ] GC(7)   Pre Evacuate Collection Set: 3.6ms
[2025-07-29T18:17:13.255-0400][gc,phases   ] GC(7)   Merge Heap Roots: 0.5ms
[2025-07-29T18:17:13.256-0400][gc,phases   ] GC(7)   Evacuate Collection Set: 9.3ms
[2025-07-29T18:17:13.256-0400][gc,phases   ] GC(7)   Post Evacuate Collection Set: 1.8ms
[2025-07-29T18:17:13.256-0400][gc,phases   ] GC(7)   Other: 0.5ms
[2025-07-29T18:17:13.257-0400][gc,heap     ] GC(7) Eden regions: 49->0(46)
[2025-07-29T18:17:13.257-0400][gc,heap     ] GC(7) Survivor regions: 2->5(7)
[2025-07-29T18:17:13.257-0400][gc,heap     ] GC(7) Old regions: 15->15
[2025-07-29T18:17:13.257-0400][gc,heap     ] GC(7) Humongous regions: 141->129
[2025-07-29T18:17:13.258-0400][gc,metaspace] GC(7) Metaspace: 42522K(43200K)->42522K(43200K) NonClass: 37542K(37952K)->37542K(37952K) Class: 4980K(5248K)->4980K(5248K)
[2025-07-29T18:17:13.258-0400][gc          ] GC(7) Pause Young (Prepare Mixed) (G1 Evacuation Pause) 206M->148M(1024M) 19.508ms
[2025-07-29T18:17:13.258-0400][gc,cpu      ] GC(7) User=0.10s Sys=0.02s Real=0.02s
[2025-07-29T18:20:23.123-0400][gc,start    ] GC(8) Pause Young (Mixed) (G1 Evacuation Pause)
[2025-07-29T18:20:23.131-0400][gc,task     ] GC(8) Using 10 workers of 10 for evacuation
[2025-07-29T18:20:23.218-0400][gc,mmu      ] GC(8) MMU target violated: 21.0ms (20.0ms/21.0ms)
[2025-07-29T18:20:23.219-0400][gc,phases   ] GC(8)   Pre Evacuate Collection Set: 14.9ms
[2025-07-29T18:20:23.220-0400][gc,phases   ] GC(8)   Merge Heap Roots: 2.9ms
[2025-07-29T18:20:23.220-0400][gc,phases   ] GC(8)   Evacuate Collection Set: 51.4ms
[2025-07-29T18:20:23.220-0400][gc,phases   ] GC(8)   Post Evacuate Collection Set: 15.3ms
[2025-07-29T18:20:23.220-0400][gc,phases   ] GC(8)   Other: 6.7ms
[2025-07-29T18:20:23.220-0400][gc,heap     ] GC(8) Eden regions: 46->0(45)
[2025-07-29T18:20:23.221-0400][gc,heap     ] GC(8) Survivor regions: 5->6(7)
[2025-07-29T18:20:23.221-0400][gc,heap     ] GC(8) Old regions: 15->16
[2025-07-29T18:20:23.221-0400][gc,heap     ] GC(8) Humongous regions: 129->129
[2025-07-29T18:20:23.222-0400][gc,metaspace] GC(8) Metaspace: 43997K(44672K)->43997K(44672K) NonClass: 38787K(39168K)->38787K(39168K) Class: 5210K(5504K)->5210K(5504K)
[2025-07-29T18:20:23.222-0400][gc          ] GC(8) Pause Young (Mixed) (G1 Evacuation Pause) 194M->149M(1024M) 99.363ms
[2025-07-29T18:20:23.222-0400][gc,cpu      ] GC(8) User=0.65s Sys=0.00s Real=0.10s
[2025-07-29T18:26:25.794-0400][gc,start    ] GC(9) Pause Young (Normal) (G1 Evacuation Pause)
[2025-07-29T18:26:25.796-0400][gc,task     ] GC(9) Using 10 workers of 10 for evacuation
[2025-07-29T18:26:25.826-0400][gc,mmu      ] GC(9) MMU target violated: 21.0ms (20.0ms/21.0ms)
[2025-07-29T18:26:25.826-0400][gc,phases   ] GC(9)   Pre Evacuate Collection Set: 7.1ms
[2025-07-29T18:26:25.827-0400][gc,phases   ] GC(9)   Merge Heap Roots: 0.7ms
[2025-07-29T18:26:25.827-0400][gc,phases   ] GC(9)   Evacuate Collection Set: 19.8ms
[2025-07-29T18:26:25.827-0400][gc,phases   ] GC(9)   Post Evacuate Collection Set: 1.6ms
[2025-07-29T18:26:25.827-0400][gc,phases   ] GC(9)   Other: 1.5ms
[2025-07-29T18:26:25.827-0400][gc,heap     ] GC(9) Eden regions: 45->0(46)
[2025-07-29T18:26:25.827-0400][gc,heap     ] GC(9) Survivor regions: 6->5(7)
[2025-07-29T18:26:25.827-0400][gc,heap     ] GC(9) Old regions: 16->18
[2025-07-29T18:26:25.828-0400][gc,heap     ] GC(9) Humongous regions: 129->129
[2025-07-29T18:26:25.828-0400][gc,metaspace] GC(9) Metaspace: 44248K(44992K)->44248K(44992K) NonClass: 39007K(39424K)->39007K(39424K) Class: 5241K(5568K)->5241K(5568K)
[2025-07-29T18:26:25.828-0400][gc          ] GC(9) Pause Young (Normal) (G1 Evacuation Pause) 194M->151M(1024M) 34.101ms
[2025-07-29T18:26:25.828-0400][gc,cpu      ] GC(9) User=0.21s Sys=0.01s Real=0.03s
[2025-07-29T18:32:32.467-0400][gc,start    ] GC(10) Pause Young (Normal) (G1 Evacuation Pause)
[2025-07-29T18:32:32.468-0400][gc,task     ] GC(10) Using 10 workers of 10 for evacuation
[2025-07-29T18:32:32.495-0400][gc,mmu      ] GC(10) MMU target violated: 21.0ms (20.0ms/21.0ms)
[2025-07-29T18:32:32.496-0400][gc,phases   ] GC(10)   Pre Evacuate Collection Set: 4.1ms
[2025-07-29T18:32:32.496-0400][gc,phases   ] GC(10)   Merge Heap Roots: 1.0ms
[2025-07-29T18:32:32.496-0400][gc,phases   ] GC(10)   Evacuate Collection Set: 20.4ms
[2025-07-29T18:32:32.496-0400][gc,phases   ] GC(10)   Post Evacuate Collection Set: 1.5ms
[2025-07-29T18:32:32.496-0400][gc,phases   ] GC(10)   Other: 1.1ms
[2025-07-29T18:32:32.497-0400][gc,heap     ] GC(10) Eden regions: 46->0(46)
[2025-07-29T18:32:32.497-0400][gc,heap     ] GC(10) Survivor regions: 5->5(7)
[2025-07-29T18:32:32.497-0400][gc,heap     ] GC(10) Old regions: 18->20
[2025-07-29T18:32:32.497-0400][gc,heap     ] GC(10) Humongous regions: 129->129
[2025-07-29T18:32:32.497-0400][gc,metaspace] GC(10) Metaspace: 45033K(45760K)->45033K(45760K) NonClass: 39609K(40000K)->39609K(40000K) Class: 5423K(5760K)->5423K(5760K)
[2025-07-29T18:32:32.497-0400][gc          ] GC(10) Pause Young (Normal) (G1 Evacuation Pause) 197M->152M(1024M) 30.736ms
[2025-07-29T18:32:32.498-0400][gc,cpu      ] GC(10) User=0.23s Sys=0.00s Real=0.03s
[2025-07-29T18:32:32.534-0400][gc,heap,exit] Heap
[2025-07-29T18:32:32.534-0400][gc,heap,exit]  garbage-first heap   total 1048576K, used 159393K [0x00000000c0000000, 0x0000000100000000)
[2025-07-29T18:32:32.535-0400][gc,heap,exit]   region size 1024K, 8 young (8192K), 5 survivors (5120K)
[2025-07-29T18:32:32.535-0400][gc,heap,exit]  Metaspace       used 45060K, committed 45824K, reserved 1114112K
[2025-07-29T18:32:32.535-0400][gc,heap,exit]   class space    used 5430K, committed 5760K, reserved 1048576K
