[2025-07-28T17:45:28.537-0400][gc,init] CardTable entry size: 512
[2025-07-28T17:45:28.538-0400][gc     ] Using G1
[2025-07-28T17:45:28.542-0400][gc,init] Version: 21.0.8+12-LTS-250 (release)
[2025-07-28T17:45:28.542-0400][gc,init] CPUs: 12 total, 12 available
[2025-07-28T17:45:28.542-0400][gc,init] Memory: 7913M
[2025-07-28T17:45:28.542-0400][gc,init] Large Page Support: Disabled
[2025-07-28T17:45:28.542-0400][gc,init] NUMA Support: Disabled
[2025-07-28T17:45:28.542-0400][gc,init] Compressed Oops: Enabled (32-bit)
[2025-07-28T17:45:28.542-0400][gc,init] Heap Region Size: 1M
[2025-07-28T17:45:28.542-0400][gc,init] Heap Min Capacity: 512M
[2025-07-28T17:45:28.543-0400][gc,init] Heap Initial Capacity: 512M
[2025-07-28T17:45:28.543-0400][gc,init] Heap Max Capacity: 512M
[2025-07-28T17:45:28.543-0400][gc,init] Pre-touch: Disabled
[2025-07-28T17:45:28.543-0400][gc,init] Parallel Workers: 10
[2025-07-28T17:45:28.543-0400][gc,init] Concurrent Workers: 3
[2025-07-28T17:45:28.543-0400][gc,init] Concurrent Refinement Workers: 10
[2025-07-28T17:45:28.543-0400][gc,init] Periodic GC: Disabled
[2025-07-28T17:45:28.556-0400][gc,metaspace] CDS archive(s) mapped at: [0x000001dc13000000-0x000001dc13c90000-0x000001dc13c90000), size 13172736, SharedBaseAddress: 0x000001dc13000000, ArchiveRelocationMode: 1.
[2025-07-28T17:45:28.556-0400][gc,metaspace] Compressed class space mapped at: 0x000001dc14000000-0x000001dc54000000, reserved size: 1073741824
[2025-07-28T17:45:28.556-0400][gc,metaspace] Narrow klass base: 0x000001dc13000000, Narrow klass shift: 0, Narrow klass range: 0x100000000
[2025-07-28T17:45:28.997-0400][gc,heap,exit] Heap
[2025-07-28T17:45:28.997-0400][gc,heap,exit]  garbage-first heap   total 524288K, used 11776K [0x00000000e0000000, 0x0000000100000000)
[2025-07-28T17:45:28.997-0400][gc,heap,exit]   region size 1024K, 12 young (12288K), 0 survivors (0K)
[2025-07-28T17:45:28.997-0400][gc,heap,exit]  Metaspace       used 5412K, committed 5632K, reserved 1114112K
[2025-07-28T17:45:28.997-0400][gc,heap,exit]   class space    used 560K, committed 704K, reserved 1048576K
