[2025-07-25T13:43:10.380-0400][gc,init] CardTable entry size: 512
[2025-07-25T13:43:10.381-0400][gc     ] Using G1
[2025-07-25T13:43:10.388-0400][gc,init] Version: 21.0.8+9-Ubuntu-0ubuntu124.04.1 (release)
[2025-07-25T13:43:10.388-0400][gc,init] CPUs: 12 total, 12 available
[2025-07-25T13:43:10.389-0400][gc,init] Memory: 3777M
[2025-07-25T13:43:10.389-0400][gc,init] Large Page Support: Disabled
[2025-07-25T13:43:10.389-0400][gc,init] NUMA Support: Disabled
[2025-07-25T13:43:10.389-0400][gc,init] Compressed Oops: Enabled (32-bit)
[2025-07-25T13:43:10.389-0400][gc,init] Heap Region Size: 1M
[2025-07-25T13:43:10.390-0400][gc,init] Heap Min Capacity: 512M
[2025-07-25T13:43:10.390-0400][gc,init] Heap Initial Capacity: 512M
[2025-07-25T13:43:10.390-0400][gc,init] Heap Max Capacity: 512M
[2025-07-25T13:43:10.390-0400][gc,init] Pre-touch: Disabled
[2025-07-25T13:43:10.391-0400][gc,init] Parallel Workers: 10
[2025-07-25T13:43:10.391-0400][gc,init] Concurrent Workers: 3
[2025-07-25T13:43:10.391-0400][gc,init] Concurrent Refinement Workers: 10
[2025-07-25T13:43:10.391-0400][gc,init] Periodic GC: Disabled
[2025-07-25T13:43:10.402-0400][gc,metaspace] CDS archive(s) mapped at: [0x000077121b000000-0x000077121bca0000-0x000077121bca0000), size 13238272, SharedBaseAddress: 0x000077121b000000, ArchiveRelocationMode: 1.
[2025-07-25T13:43:10.403-0400][gc,metaspace] Compressed class space mapped at: 0x000077121c000000-0x000077125c000000, reserved size: 1073741824
[2025-07-25T13:43:10.403-0400][gc,metaspace] Narrow klass base: 0x000077121b000000, Narrow klass shift: 0, Narrow klass range: 0x100000000
[2025-07-25T13:43:13.854-0400][gc,start    ] GC(0) Pause Young (Normal) (G1 Evacuation Pause)
[2025-07-25T13:43:13.895-0400][gc,task     ] GC(0) Using 10 workers of 10 for evacuation
[2025-07-25T13:43:13.902-0400][gc,phases   ] GC(0)   Pre Evacuate Collection Set: 0.3ms
[2025-07-25T13:43:13.902-0400][gc,phases   ] GC(0)   Merge Heap Roots: 0.1ms
[2025-07-25T13:43:13.902-0400][gc,phases   ] GC(0)   Evacuate Collection Set: 4.9ms
[2025-07-25T13:43:13.902-0400][gc,phases   ] GC(0)   Post Evacuate Collection Set: 0.9ms
[2025-07-25T13:43:13.903-0400][gc,phases   ] GC(0)   Other: 41.1ms
[2025-07-25T13:43:13.903-0400][gc,heap     ] GC(0) Eden regions: 25->0(21)
[2025-07-25T13:43:13.903-0400][gc,heap     ] GC(0) Survivor regions: 0->4(4)
[2025-07-25T13:43:13.903-0400][gc,heap     ] GC(0) Old regions: 2->6
[2025-07-25T13:43:13.903-0400][gc,heap     ] GC(0) Humongous regions: 0->0
[2025-07-25T13:43:13.903-0400][gc,metaspace] GC(0) Metaspace: 8304K(8448K)->8304K(8448K) NonClass: 7433K(7488K)->7433K(7488K) Class: 871K(960K)->871K(960K)
[2025-07-25T13:43:13.903-0400][gc          ] GC(0) Pause Young (Normal) (G1 Evacuation Pause) 26M->8M(512M) 49.219ms
[2025-07-25T13:43:13.903-0400][gc,cpu      ] GC(0) User=0.06s Sys=0.03s Real=0.05s
[2025-07-25T15:00:21.261-0400][gc,heap,exit] Heap
[2025-07-25T15:00:21.286-0400][gc,heap,exit]  garbage-first heap   total 524288K, used 19119K [0x00000000e0000000, 0x0000000100000000)
[2025-07-25T15:00:21.287-0400][gc,heap,exit]   region size 1024K, 15 young (15360K), 4 survivors (4096K)
[2025-07-25T15:00:21.288-0400][gc,heap,exit]  Metaspace       used 9674K, committed 9920K, reserved 1114112K
[2025-07-25T15:00:21.289-0400][gc,heap,exit]   class space    used 980K, committed 1088K, reserved 1048576K
