[2025-07-28T17:23:29.709-0400][gc,init] CardTable entry size: 512
[2025-07-28T17:23:29.710-0400][gc     ] Using G1
[2025-07-28T17:23:29.713-0400][gc,init] Version: 21.0.3+9-LTS (release)
[2025-07-28T17:23:29.714-0400][gc,init] CPUs: 12 total, 12 available
[2025-07-28T17:23:29.714-0400][gc,init] Memory: 3777M
[2025-07-28T17:23:29.714-0400][gc,init] Large Page Support: Disabled
[2025-07-28T17:23:29.714-0400][gc,init] NUMA Support: Disabled
[2025-07-28T17:23:29.715-0400][gc,init] Compressed Oops: Enabled (32-bit)
[2025-07-28T17:23:29.715-0400][gc,init] Heap Region Size: 1M
[2025-07-28T17:23:29.715-0400][gc,init] Heap Min Capacity: 512M
[2025-07-28T17:23:29.715-0400][gc,init] Heap Initial Capacity: 512M
[2025-07-28T17:23:29.715-0400][gc,init] Heap Max Capacity: 512M
[2025-07-28T17:23:29.715-0400][gc,init] Pre-touch: Disabled
[2025-07-28T17:23:29.716-0400][gc,init] Parallel Workers: 10
[2025-07-28T17:23:29.716-0400][gc,init] Concurrent Workers: 3
[2025-07-28T17:23:29.716-0400][gc,init] Concurrent Refinement Workers: 10
[2025-07-28T17:23:29.716-0400][gc,init] Periodic GC: Disabled
[2025-07-28T17:23:29.723-0400][gc,metaspace] CDS archive(s) mapped at: [0x0000771fef000000-0x0000771fefcaa000-0x0000771fefcaa000), size 13279232, SharedBaseAddress: 0x0000771fef000000, ArchiveRelocationMode: 1.
[2025-07-28T17:23:29.723-0400][gc,metaspace] Compressed class space mapped at: 0x0000771ff0000000-0x0000772030000000, reserved size: 1073741824
[2025-07-28T17:23:29.723-0400][gc,metaspace] Narrow klass base: 0x0000771fef000000, Narrow klass shift: 0, Narrow klass range: 0x100000000
[2025-07-28T17:23:31.347-0400][gc,start    ] GC(0) Pause Young (Normal) (G1 Evacuation Pause)
[2025-07-28T17:23:31.348-0400][gc,task     ] GC(0) Using 10 workers of 10 for evacuation
[2025-07-28T17:23:31.355-0400][gc,phases   ] GC(0)   Pre Evacuate Collection Set: 0.3ms
[2025-07-28T17:23:31.355-0400][gc,phases   ] GC(0)   Merge Heap Roots: 0.2ms
[2025-07-28T17:23:31.355-0400][gc,phases   ] GC(0)   Evacuate Collection Set: 5.1ms
[2025-07-28T17:23:31.355-0400][gc,phases   ] GC(0)   Post Evacuate Collection Set: 1.3ms
[2025-07-28T17:23:31.356-0400][gc,phases   ] GC(0)   Other: 1.4ms
[2025-07-28T17:23:31.356-0400][gc,heap     ] GC(0) Eden regions: 25->0(21)
[2025-07-28T17:23:31.356-0400][gc,heap     ] GC(0) Survivor regions: 0->4(4)
[2025-07-28T17:23:31.356-0400][gc,heap     ] GC(0) Old regions: 2->6
[2025-07-28T17:23:31.356-0400][gc,heap     ] GC(0) Humongous regions: 0->0
[2025-07-28T17:23:31.356-0400][gc,metaspace] GC(0) Metaspace: 8301K(8512K)->8301K(8512K) NonClass: 7437K(7552K)->7437K(7552K) Class: 863K(960K)->863K(960K)
[2025-07-28T17:23:31.356-0400][gc          ] GC(0) Pause Young (Normal) (G1 Evacuation Pause) 26M->8M(512M) 9.760ms
[2025-07-28T17:23:31.356-0400][gc,cpu      ] GC(0) User=0.02s Sys=0.02s Real=0.01s
[2025-07-28T17:43:16.050-0400][gc,heap,exit] Heap
[2025-07-28T17:43:16.051-0400][gc,heap,exit]  garbage-first heap   total 524288K, used 16036K [0x00000000e0000000, 0x0000000100000000)
[2025-07-28T17:43:16.051-0400][gc,heap,exit]   region size 1024K, 12 young (12288K), 4 survivors (4096K)
[2025-07-28T17:43:16.052-0400][gc,heap,exit]  Metaspace       used 9344K, committed 9600K, reserved 1114112K
[2025-07-28T17:43:16.052-0400][gc,heap,exit]   class space    used 966K, committed 1088K, reserved 1048576K
