[2025-07-25T15:21:55.995-0400][gc,init] CardTable entry size: 512
[2025-07-25T15:21:55.995-0400][gc     ] Using G1
[2025-07-25T15:21:55.999-0400][gc,init] Version: 21.0.8+9-Ubuntu-0ubuntu124.04.1 (release)
[2025-07-25T15:21:55.999-0400][gc,init] CPUs: 12 total, 12 available
[2025-07-25T15:21:56.000-0400][gc,init] Memory: 3777M
[2025-07-25T15:21:56.000-0400][gc,init] Large Page Support: Disabled
[2025-07-25T15:21:56.000-0400][gc,init] NUMA Support: Disabled
[2025-07-25T15:21:56.000-0400][gc,init] Compressed Oops: Enabled (32-bit)
[2025-07-25T15:21:56.000-0400][gc,init] Heap Region Size: 1M
[2025-07-25T15:21:56.000-0400][gc,init] Heap Min Capacity: 512M
[2025-07-25T15:21:56.000-0400][gc,init] Heap Initial Capacity: 512M
[2025-07-25T15:21:56.000-0400][gc,init] Heap Max Capacity: 512M
[2025-07-25T15:21:56.001-0400][gc,init] Pre-touch: Disabled
[2025-07-25T15:21:56.001-0400][gc,init] Parallel Workers: 10
[2025-07-25T15:21:56.001-0400][gc,init] Concurrent Workers: 3
[2025-07-25T15:21:56.001-0400][gc,init] Concurrent Refinement Workers: 10
[2025-07-25T15:21:56.001-0400][gc,init] Periodic GC: Disabled
[2025-07-25T15:21:56.007-0400][gc,metaspace] CDS archive(s) mapped at: [0x00007b2d37000000-0x00007b2d37ca0000-0x00007b2d37ca0000), size 13238272, SharedBaseAddress: 0x00007b2d37000000, ArchiveRelocationMode: 1.
[2025-07-25T15:21:56.007-0400][gc,metaspace] Compressed class space mapped at: 0x00007b2d38000000-0x00007b2d78000000, reserved size: 1073741824
[2025-07-25T15:21:56.008-0400][gc,metaspace] Narrow klass base: 0x00007b2d37000000, Narrow klass shift: 0, Narrow klass range: 0x100000000
[2025-07-25T15:21:58.469-0400][gc,start    ] GC(0) Pause Young (Normal) (G1 Evacuation Pause)
[2025-07-25T15:21:58.471-0400][gc,task     ] GC(0) Using 10 workers of 10 for evacuation
[2025-07-25T15:21:58.479-0400][gc,phases   ] GC(0)   Pre Evacuate Collection Set: 0.2ms
[2025-07-25T15:21:58.480-0400][gc,phases   ] GC(0)   Merge Heap Roots: 0.1ms
[2025-07-25T15:21:58.480-0400][gc,phases   ] GC(0)   Evacuate Collection Set: 6.3ms
[2025-07-25T15:21:58.480-0400][gc,phases   ] GC(0)   Post Evacuate Collection Set: 1.2ms
[2025-07-25T15:21:58.480-0400][gc,phases   ] GC(0)   Other: 1.3ms
[2025-07-25T15:21:58.480-0400][gc,heap     ] GC(0) Eden regions: 25->0(21)
[2025-07-25T15:21:58.480-0400][gc,heap     ] GC(0) Survivor regions: 0->4(4)
[2025-07-25T15:21:58.480-0400][gc,heap     ] GC(0) Old regions: 2->6
[2025-07-25T15:21:58.480-0400][gc,heap     ] GC(0) Humongous regions: 0->0
[2025-07-25T15:21:58.481-0400][gc,metaspace] GC(0) Metaspace: 8265K(8512K)->8265K(8512K) NonClass: 7396K(7488K)->7396K(7488K) Class: 869K(1024K)->869K(1024K)
[2025-07-25T15:21:58.481-0400][gc          ] GC(0) Pause Young (Normal) (G1 Evacuation Pause) 26M->8M(512M) 11.388ms
[2025-07-25T15:21:58.481-0400][gc,cpu      ] GC(0) User=0.02s Sys=0.04s Real=0.01s
[2025-07-25T16:35:59.496-0400][gc,heap,exit] Heap
[2025-07-25T16:35:59.497-0400][gc,heap,exit]  garbage-first heap   total 524288K, used 18964K [0x00000000e0000000, 0x0000000100000000)
[2025-07-25T16:35:59.497-0400][gc,heap,exit]   region size 1024K, 15 young (15360K), 4 survivors (4096K)
[2025-07-25T16:35:59.497-0400][gc,heap,exit]  Metaspace       used 9597K, committed 9792K, reserved 1114112K
[2025-07-25T16:35:59.497-0400][gc,heap,exit]   class space    used 980K, committed 1088K, reserved 1048576K
