[2025-07-28T17:56:48.960-0400][gc,init] CardTable entry size: 512
[2025-07-28T17:56:48.961-0400][gc     ] Using G1
[2025-07-28T17:56:48.965-0400][gc,init] Version: 21.0.3+9-LTS (release)
[2025-07-28T17:56:48.965-0400][gc,init] CPUs: 12 total, 12 available
[2025-07-28T17:56:48.965-0400][gc,init] Memory: 3777M
[2025-07-28T17:56:48.965-0400][gc,init] Large Page Support: Disabled
[2025-07-28T17:56:48.966-0400][gc,init] NUMA Support: Disabled
[2025-07-28T17:56:48.966-0400][gc,init] Compressed Oops: Enabled (32-bit)
[2025-07-28T17:56:48.966-0400][gc,init] Heap Region Size: 1M
[2025-07-28T17:56:48.966-0400][gc,init] Heap Min Capacity: 512M
[2025-07-28T17:56:48.966-0400][gc,init] Heap Initial Capacity: 512M
[2025-07-28T17:56:48.966-0400][gc,init] Heap Max Capacity: 512M
[2025-07-28T17:56:48.967-0400][gc,init] Pre-touch: Disabled
[2025-07-28T17:56:48.967-0400][gc,init] Parallel Workers: 10
[2025-07-28T17:56:48.967-0400][gc,init] Concurrent Workers: 3
[2025-07-28T17:56:48.967-0400][gc,init] Concurrent Refinement Workers: 10
[2025-07-28T17:56:48.967-0400][gc,init] Periodic GC: Disabled
[2025-07-28T17:56:48.975-0400][gc,metaspace] CDS archive(s) mapped at: [0x00007e0ffb000000-0x00007e0ffbcaa000-0x00007e0ffbcaa000), size 13279232, SharedBaseAddress: 0x00007e0ffb000000, ArchiveRelocationMode: 1.
[2025-07-28T17:56:48.975-0400][gc,metaspace] Compressed class space mapped at: 0x00007e0ffc000000-0x00007e103c000000, reserved size: 1073741824
[2025-07-28T17:56:48.975-0400][gc,metaspace] Narrow klass base: 0x00007e0ffb000000, Narrow klass shift: 0, Narrow klass range: 0x100000000
[2025-07-28T17:56:50.735-0400][gc,start    ] GC(0) Pause Young (Normal) (G1 Evacuation Pause)
[2025-07-28T17:56:50.736-0400][gc,task     ] GC(0) Using 10 workers of 10 for evacuation
[2025-07-28T17:56:50.749-0400][gc,phases   ] GC(0)   Pre Evacuate Collection Set: 0.2ms
[2025-07-28T17:56:50.749-0400][gc,phases   ] GC(0)   Merge Heap Roots: 0.6ms
[2025-07-28T17:56:50.749-0400][gc,phases   ] GC(0)   Evacuate Collection Set: 8.4ms
[2025-07-28T17:56:50.749-0400][gc,phases   ] GC(0)   Post Evacuate Collection Set: 2.7ms
[2025-07-28T17:56:50.750-0400][gc,phases   ] GC(0)   Other: 1.4ms
[2025-07-28T17:56:50.750-0400][gc,heap     ] GC(0) Eden regions: 25->0(21)
[2025-07-28T17:56:50.750-0400][gc,heap     ] GC(0) Survivor regions: 0->4(4)
[2025-07-28T17:56:50.750-0400][gc,heap     ] GC(0) Old regions: 2->6
[2025-07-28T17:56:50.750-0400][gc,heap     ] GC(0) Humongous regions: 0->0
[2025-07-28T17:56:50.750-0400][gc,metaspace] GC(0) Metaspace: 8299K(8512K)->8299K(8512K) NonClass: 7435K(7552K)->7435K(7552K) Class: 863K(960K)->863K(960K)
[2025-07-28T17:56:50.750-0400][gc          ] GC(0) Pause Young (Normal) (G1 Evacuation Pause) 26M->8M(512M) 15.544ms
[2025-07-28T17:56:50.750-0400][gc,cpu      ] GC(0) User=0.04s Sys=0.04s Real=0.01s
[2025-07-28T19:59:00.612-0400][gc,heap,exit] Heap
[2025-07-28T19:59:00.613-0400][gc,heap,exit]  garbage-first heap   total 524288K, used 24103K [0x00000000e0000000, 0x0000000100000000)
[2025-07-28T19:59:00.613-0400][gc,heap,exit]   region size 1024K, 19 young (19456K), 4 survivors (4096K)
[2025-07-28T19:59:00.613-0400][gc,heap,exit]  Metaspace       used 9707K, committed 9920K, reserved 1114112K
[2025-07-28T19:59:00.613-0400][gc,heap,exit]   class space    used 966K, committed 1088K, reserved 1048576K
